  Determinando los proyectos que se van a restaurar...
  Todos los proyectos están actualizados para la restauración.
  SportTrack-v1.Entidades -> C:\Users\EZEQU\source\repos\SportTrack-Federaciones\SportTrack-v1.Entidades\bin\Debug\net8.0\SportTrack-v1.Entidades.dll
  SportTrack-v1.AccesoDatos -> C:\Users\EZEQU\source\repos\SportTrack-Federaciones\SportTrack-v1.AccesoDatos\bin\Debug\net8.0\SportTrack-v1.AccesoDatos.dll
C:\Users\EZEQU\source\repos\SportTrack-Federaciones\SportTrack-v1.Controladores\Federaciones\EventoServices.cs(10,7): warning CS0105: La directiva using para 'SportTrack_v1.Entidades.Entidades' aparece previamente en este espacio de nombres [C:\Users\EZEQU\source\repos\SportTrack-Federaciones\SportTrack-v1.Controladores\SportTrack-v1.Controladores.csproj]
C:\Users\EZEQU\source\repos\SportTrack-Federaciones\SportTrack-v1.Controladores\Hubs\TimingHub.cs(116,36): warning CS8765: La nulabilidad del tipo de parámetro "exception" no coincide con el miembro invalidado (posiblemente debido a los atributos de nulabilidad). [C:\Users\EZEQU\source\repos\SportTrack-Federaciones\SportTrack-v1.Controladores\SportTrack-v1.Controladores.csproj]
C:\Users\EZEQU\source\repos\SportTrack-Federaciones\SportTrack-v1.Controladores\Federaciones\EventoPruebaController.cs(36,21): error CS0117: 'EventoPruebaDto' no contiene una definición para 'Id' [C:\Users\EZEQU\source\repos\SportTrack-Federaciones\SportTrack-v1.Controladores\SportTrack-v1.Controladores.csproj]
C:\Users\EZEQU\source\repos\SportTrack-Federaciones\SportTrack-v1.Controladores\Federaciones\EventoPruebaController.cs(37,21): error CS0117: 'EventoPruebaDto' no contiene una definición para 'EventoId' [C:\Users\EZEQU\source\repos\SportTrack-Federaciones\SportTrack-v1.Controladores\SportTrack-v1.Controladores.csproj]
C:\Users\EZEQU\source\repos\SportTrack-Federaciones\SportTrack-v1.Controladores\Federaciones\EventoPruebaController.cs(38,21): error CS0117: 'EventoPruebaDto' no contiene una definición para 'PruebaId' [C:\Users\EZEQU\source\repos\SportTrack-Federaciones\SportTrack-v1.Controladores\SportTrack-v1.Controladores.csproj]
C:\Users\EZEQU\source\repos\SportTrack-Federaciones\SportTrack-v1.Controladores\Federaciones\EventoPruebaController.cs(39,21): error CS0117: 'EventoPruebaDto' no contiene una definición para 'Precio' [C:\Users\EZEQU\source\repos\SportTrack-Federaciones\SportTrack-v1.Controladores\SportTrack-v1.Controladores.csproj]
C:\Users\EZEQU\source\repos\SportTrack-Federaciones\SportTrack-v1.Controladores\Federaciones\EventoPruebaController.cs(39,33): error CS1061: "EventoPrueba" no contiene una definición para "Precio" ni un método de extensión accesible "Precio" que acepte un primer argumento del tipo "EventoPrueba" (¿falta alguna directiva using o una referencia de ensamblado?) [C:\Users\EZEQU\source\repos\SportTrack-Federaciones\SportTrack-v1.Controladores\SportTrack-v1.Controladores.csproj]
C:\Users\EZEQU\source\repos\SportTrack-Federaciones\SportTrack-v1.Controladores\Federaciones\EventoPruebaController.cs(42,25): error CS0117: 'PruebaDto' no contiene una definición para 'Id' [C:\Users\EZEQU\source\repos\SportTrack-Federaciones\SportTrack-v1.Controladores\SportTrack-v1.Controladores.csproj]
C:\Users\EZEQU\source\repos\SportTrack-Federaciones\SportTrack-v1.Controladores\Federaciones\EventoPruebaController.cs(43,37): error CS0029: No se puede convertir implícitamente el tipo 'SportTrack_v1.Entidades.Entidades.Distancia' en 'SportTrack_v1.Entidades.Enums.DistanciaRegata' [C:\Users\EZEQU\source\repos\SportTrack-Federaciones\SportTrack-v1.Controladores\SportTrack-v1.Controladores.csproj]
C:\Users\EZEQU\source\repos\SportTrack-Federaciones\SportTrack-v1.Controladores\Federaciones\EventoPruebaController.cs(44,25): error CS0117: 'PruebaDto' no contiene una definición para 'CategoriaId' [C:\Users\EZEQU\source\repos\SportTrack-Federaciones\SportTrack-v1.Controladores\SportTrack-v1.Controladores.csproj]
C:\Users\EZEQU\source\repos\SportTrack-Federaciones\SportTrack-v1.Controladores\Federaciones\EventoPruebaController.cs(45,25): error CS0117: 'PruebaDto' no contiene una definición para 'SexoId' [C:\Users\EZEQU\source\repos\SportTrack-Federaciones\SportTrack-v1.Controladores\SportTrack-v1.Controladores.csproj]
C:\Users\EZEQU\source\repos\SportTrack-Federaciones\SportTrack-v1.Controladores\Federaciones\EventoPruebaController.cs(46,25): error CS0117: 'PruebaDto' no contiene una definición para 'BoteId' [C:\Users\EZEQU\source\repos\SportTrack-Federaciones\SportTrack-v1.Controladores\SportTrack-v1.Controladores.csproj]
C:\Users\EZEQU\source\repos\SportTrack-Federaciones\SportTrack-v1.Controladores\Federaciones\EventoPruebaController.cs(70,17): error CS0117: 'EventoPruebaDto' no contiene una definición para 'Id' [C:\Users\EZEQU\source\repos\SportTrack-Federaciones\SportTrack-v1.Controladores\SportTrack-v1.Controladores.csproj]
C:\Users\EZEQU\source\repos\SportTrack-Federaciones\SportTrack-v1.Controladores\Federaciones\EventoPruebaController.cs(71,17): error CS0117: 'EventoPruebaDto' no contiene una definición para 'EventoId' [C:\Users\EZEQU\source\repos\SportTrack-Federaciones\SportTrack-v1.Controladores\SportTrack-v1.Controladores.csproj]
C:\Users\EZEQU\source\repos\SportTrack-Federaciones\SportTrack-v1.Controladores\Federaciones\EventoPruebaController.cs(72,17): error CS0117: 'EventoPruebaDto' no contiene una definición para 'PruebaId' [C:\Users\EZEQU\source\repos\SportTrack-Federaciones\SportTrack-v1.Controladores\SportTrack-v1.Controladores.csproj]
C:\Users\EZEQU\source\repos\SportTrack-Federaciones\SportTrack-v1.Controladores\Federaciones\EventoPruebaController.cs(73,17): error CS0117: 'EventoPruebaDto' no contiene una definición para 'Precio' [C:\Users\EZEQU\source\repos\SportTrack-Federaciones\SportTrack-v1.Controladores\SportTrack-v1.Controladores.csproj]
C:\Users\EZEQU\source\repos\SportTrack-Federaciones\SportTrack-v1.Controladores\Federaciones\EventoPruebaController.cs(73,39): error CS1061: "EventoPrueba" no contiene una definición para "Precio" ni un método de extensión accesible "Precio" que acepte un primer argumento del tipo "EventoPrueba" (¿falta alguna directiva using o una referencia de ensamblado?) [C:\Users\EZEQU\source\repos\SportTrack-Federaciones\SportTrack-v1.Controladores\SportTrack-v1.Controladores.csproj]
C:\Users\EZEQU\source\repos\SportTrack-Federaciones\SportTrack-v1.Controladores\Federaciones\EventoPruebaController.cs(76,21): error CS0117: 'PruebaDto' no contiene una definición para 'Id' [C:\Users\EZEQU\source\repos\SportTrack-Federaciones\SportTrack-v1.Controladores\SportTrack-v1.Controladores.csproj]
C:\Users\EZEQU\source\repos\SportTrack-Federaciones\SportTrack-v1.Controladores\Federaciones\EventoPruebaController.cs(77,33): error CS0029: No se puede convertir implícitamente el tipo 'SportTrack_v1.Entidades.Entidades.Distancia' en 'SportTrack_v1.Entidades.Enums.DistanciaRegata' [C:\Users\EZEQU\source\repos\SportTrack-Federaciones\SportTrack-v1.Controladores\SportTrack-v1.Controladores.csproj]
C:\Users\EZEQU\source\repos\SportTrack-Federaciones\SportTrack-v1.Controladores\Federaciones\EventoPruebaController.cs(78,21): error CS0117: 'PruebaDto' no contiene una definición para 'CategoriaId' [C:\Users\EZEQU\source\repos\SportTrack-Federaciones\SportTrack-v1.Controladores\SportTrack-v1.Controladores.csproj]
C:\Users\EZEQU\source\repos\SportTrack-Federaciones\SportTrack-v1.Controladores\Federaciones\EventoPruebaController.cs(79,21): error CS0117: 'PruebaDto' no contiene una definición para 'SexoId' [C:\Users\EZEQU\source\repos\SportTrack-Federaciones\SportTrack-v1.Controladores\SportTrack-v1.Controladores.csproj]
C:\Users\EZEQU\source\repos\SportTrack-Federaciones\SportTrack-v1.Controladores\Federaciones\EventoPruebaController.cs(80,21): error CS0117: 'PruebaDto' no contiene una definición para 'BoteId' [C:\Users\EZEQU\source\repos\SportTrack-Federaciones\SportTrack-v1.Controladores\SportTrack-v1.Controladores.csproj]
C:\Users\EZEQU\source\repos\SportTrack-Federaciones\SportTrack-v1.Controladores\Federaciones\DTOs\Persona\PersonaDto.cs(21,21): warning CS8618: El elemento propiedad "Sexo" que no acepta valores NULL debe contener un valor distinto de NULL al salir del constructor. Considere la posibilidad de agregar el modificador "required'"o declarar el propiedad como un valor que acepta valores NULL. [C:\Users\EZEQU\source\repos\SportTrack-Federaciones\SportTrack-v1.Controladores\SportTrack-v1.Controladores.csproj]
C:\Users\EZEQU\source\repos\SportTrack-Federaciones\SportTrack-v1.Controladores\Federaciones\DTOs\Persona\PersonaDetailDto.cs(28,21): warning CS8618: El elemento propiedad "Sexo" que no acepta valores NULL debe contener un valor distinto de NULL al salir del constructor. Considere la posibilidad de agregar el modificador "required'"o declarar el propiedad como un valor que acepta valores NULL. [C:\Users\EZEQU\source\repos\SportTrack-Federaciones\SportTrack-v1.Controladores\SportTrack-v1.Controladores.csproj]
C:\Users\EZEQU\source\repos\SportTrack-Federaciones\SportTrack-v1.Controladores\Federaciones\DTOs\Persona\PersonaCreateDto.cs(39,21): warning CS8618: El elemento propiedad "Sexo" que no acepta valores NULL debe contener un valor distinto de NULL al salir del constructor. Considere la posibilidad de agregar el modificador "required'"o declarar el propiedad como un valor que acepta valores NULL. [C:\Users\EZEQU\source\repos\SportTrack-Federaciones\SportTrack-v1.Controladores\SportTrack-v1.Controladores.csproj]
C:\Users\EZEQU\source\repos\SportTrack-Federaciones\SportTrack-v1.Controladores\Federaciones\EventoPruebaController.cs(107,64): error CS1061: "EventoPruebaCreateDto" no contiene una definición para "PruebaId" ni un método de extensión accesible "PruebaId" que acepte un primer argumento del tipo "EventoPruebaCreateDto" (¿falta alguna directiva using o una referencia de ensamblado?) [C:\Users\EZEQU\source\repos\SportTrack-Federaciones\SportTrack-v1.Controladores\SportTrack-v1.Controladores.csproj]
C:\Users\EZEQU\source\repos\SportTrack-Federaciones\SportTrack-v1.Controladores\Federaciones\EventoPruebaController.cs(119,17): error CS0117: 'EventoPrueba' no contiene una definición para 'IdEvento' [C:\Users\EZEQU\source\repos\SportTrack-Federaciones\SportTrack-v1.Controladores\SportTrack-v1.Controladores.csproj]
C:\Users\EZEQU\source\repos\SportTrack-Federaciones\SportTrack-v1.Controladores\Federaciones\EventoPruebaController.cs(120,17): error CS0117: 'EventoPrueba' no contiene una definición para 'IdPrueba' [C:\Users\EZEQU\source\repos\SportTrack-Federaciones\SportTrack-v1.Controladores\SportTrack-v1.Controladores.csproj]
C:\Users\EZEQU\source\repos\SportTrack-Federaciones\SportTrack-v1.Controladores\Federaciones\EventoPruebaController.cs(121,17): error CS0117: 'EventoPrueba' no contiene una definición para 'PrecioCategoria' [C:\Users\EZEQU\source\repos\SportTrack-Federaciones\SportTrack-v1.Controladores\SportTrack-v1.Controladores.csproj]
C:\Users\EZEQU\source\repos\SportTrack-Federaciones\SportTrack-v1.Controladores\Federaciones\EventoPruebaController.cs(132,17): error CS0117: 'EventoPruebaDto' no contiene una definición para 'Id' [C:\Users\EZEQU\source\repos\SportTrack-Federaciones\SportTrack-v1.Controladores\SportTrack-v1.Controladores.csproj]
C:\Users\EZEQU\source\repos\SportTrack-Federaciones\SportTrack-v1.Controladores\Federaciones\EventoPruebaController.cs(133,17): error CS0117: 'EventoPruebaDto' no contiene una definición para 'EventoId' [C:\Users\EZEQU\source\repos\SportTrack-Federaciones\SportTrack-v1.Controladores\SportTrack-v1.Controladores.csproj]
C:\Users\EZEQU\source\repos\SportTrack-Federaciones\SportTrack-v1.Controladores\Federaciones\EventoPruebaController.cs(134,17): error CS0117: 'EventoPruebaDto' no contiene una definición para 'PruebaId' [C:\Users\EZEQU\source\repos\SportTrack-Federaciones\SportTrack-v1.Controladores\SportTrack-v1.Controladores.csproj]
C:\Users\EZEQU\source\repos\SportTrack-Federaciones\SportTrack-v1.Controladores\Federaciones\EventoPruebaController.cs(135,17): error CS0117: 'EventoPruebaDto' no contiene una definición para 'Precio' [C:\Users\EZEQU\source\repos\SportTrack-Federaciones\SportTrack-v1.Controladores\SportTrack-v1.Controladores.csproj]
C:\Users\EZEQU\source\repos\SportTrack-Federaciones\SportTrack-v1.Controladores\Federaciones\EventoPruebaController.cs(135,39): error CS1061: "EventoPrueba" no contiene una definición para "Precio" ni un método de extensión accesible "Precio" que acepte un primer argumento del tipo "EventoPrueba" (¿falta alguna directiva using o una referencia de ensamblado?) [C:\Users\EZEQU\source\repos\SportTrack-Federaciones\SportTrack-v1.Controladores\SportTrack-v1.Controladores.csproj]
C:\Users\EZEQU\source\repos\SportTrack-Federaciones\SportTrack-v1.Controladores\Federaciones\EventoPruebaController.cs(138,21): error CS0117: 'PruebaDto' no contiene una definición para 'Id' [C:\Users\EZEQU\source\repos\SportTrack-Federaciones\SportTrack-v1.Controladores\SportTrack-v1.Controladores.csproj]
C:\Users\EZEQU\source\repos\SportTrack-Federaciones\SportTrack-v1.Controladores\Federaciones\EventoPruebaController.cs(139,33): error CS0029: No se puede convertir implícitamente el tipo 'SportTrack_v1.Entidades.Entidades.Distancia' en 'SportTrack_v1.Entidades.Enums.DistanciaRegata' [C:\Users\EZEQU\source\repos\SportTrack-Federaciones\SportTrack-v1.Controladores\SportTrack-v1.Controladores.csproj]
C:\Users\EZEQU\source\repos\SportTrack-Federaciones\SportTrack-v1.Controladores\Federaciones\EventoPruebaController.cs(140,21): error CS0117: 'PruebaDto' no contiene una definición para 'CategoriaId' [C:\Users\EZEQU\source\repos\SportTrack-Federaciones\SportTrack-v1.Controladores\SportTrack-v1.Controladores.csproj]
C:\Users\EZEQU\source\repos\SportTrack-Federaciones\SportTrack-v1.Controladores\Federaciones\EventoPruebaController.cs(141,21): error CS0117: 'PruebaDto' no contiene una definición para 'SexoId' [C:\Users\EZEQU\source\repos\SportTrack-Federaciones\SportTrack-v1.Controladores\SportTrack-v1.Controladores.csproj]
C:\Users\EZEQU\source\repos\SportTrack-Federaciones\SportTrack-v1.Controladores\Federaciones\EventoPruebaController.cs(142,21): error CS0117: 'PruebaDto' no contiene una definición para 'BoteId' [C:\Users\EZEQU\source\repos\SportTrack-Federaciones\SportTrack-v1.Controladores\SportTrack-v1.Controladores.csproj]
C:\Users\EZEQU\source\repos\SportTrack-Federaciones\SportTrack-v1.Controladores\Federaciones\EventoPruebaController.cs(176,33): error CS1061: "EventoPruebaUpdateDto" no contiene una definición para "PruebaId" ni un método de extensión accesible "PruebaId" que acepte un primer argumento del tipo "EventoPruebaUpdateDto" (¿falta alguna directiva using o una referencia de ensamblado?) [C:\Users\EZEQU\source\repos\SportTrack-Federaciones\SportTrack-v1.Controladores\SportTrack-v1.Controladores.csproj]
C:\Users\EZEQU\source\repos\SportTrack-Federaciones\SportTrack-v1.Controladores\Federaciones\EventoPruebaController.cs(182,58): error CS1061: "EventoPruebaUpdateDto" no contiene una definición para "PruebaId" ni un método de extensión accesible "PruebaId" que acepte un primer argumento del tipo "EventoPruebaUpdateDto" (¿falta alguna directiva using o una referencia de ensamblado?) [C:\Users\EZEQU\source\repos\SportTrack-Federaciones\SportTrack-v1.Controladores\SportTrack-v1.Controladores.csproj]
C:\Users\EZEQU\source\repos\SportTrack-Federaciones\SportTrack-v1.Controladores\Federaciones\EventoPruebaController.cs(185,26): error CS1061: "EventoPrueba" no contiene una definición para "Precio" ni un método de extensión accesible "Precio" que acepte un primer argumento del tipo "EventoPrueba" (¿falta alguna directiva using o una referencia de ensamblado?) [C:\Users\EZEQU\source\repos\SportTrack-Federaciones\SportTrack-v1.Controladores\SportTrack-v1.Controladores.csproj]
C:\Users\EZEQU\source\repos\SportTrack-Federaciones\SportTrack-v1.Controladores\Federaciones\EventoPruebaController.cs(185,51): error CS1061: "EventoPruebaUpdateDto" no contiene una definición para "Precio" ni un método de extensión accesible "Precio" que acepte un primer argumento del tipo "EventoPruebaUpdateDto" (¿falta alguna directiva using o una referencia de ensamblado?) [C:\Users\EZEQU\source\repos\SportTrack-Federaciones\SportTrack-v1.Controladores\SportTrack-v1.Controladores.csproj]
C:\Users\EZEQU\source\repos\SportTrack-Federaciones\SportTrack-v1.Controladores\Federaciones\DTOs\Evento\TipoEventoOptionDto.cs(29,31): error CS1061: "TipoEvento" no contiene una definición para "ToCodigo" ni un método de extensión accesible "ToCodigo" que acepte un primer argumento del tipo "TipoEvento" (¿falta alguna directiva using o una referencia de ensamblado?) [C:\Users\EZEQU\source\repos\SportTrack-Federaciones\SportTrack-v1.Controladores\SportTrack-v1.Controladores.csproj]
C:\Users\EZEQU\source\repos\SportTrack-Federaciones\SportTrack-v1.Controladores\Federaciones\DTOs\Evento\TipoEventoOptionDto.cs(30,31): error CS1061: "TipoEvento" no contiene una definición para "ToDisplayString" ni un método de extensión accesible "ToDisplayString" que acepte un primer argumento del tipo "TipoEvento" (¿falta alguna directiva using o una referencia de ensamblado?) [C:\Users\EZEQU\source\repos\SportTrack-Federaciones\SportTrack-v1.Controladores\SportTrack-v1.Controladores.csproj]
C:\Users\EZEQU\source\repos\SportTrack-Federaciones\SportTrack-v1.Controladores\Federaciones\DTOs\Evento\TipoEventoOptionDto.cs(31,30): error CS1061: "TipoEvento" no contiene una definición para "GetIcono" ni un método de extensión accesible "GetIcono" que acepte un primer argumento del tipo "TipoEvento" (¿falta alguna directiva using o una referencia de ensamblado?) [C:\Users\EZEQU\source\repos\SportTrack-Federaciones\SportTrack-v1.Controladores\SportTrack-v1.Controladores.csproj]
C:\Users\EZEQU\source\repos\SportTrack-Federaciones\SportTrack-v1.Controladores\Federaciones\DTOs\Evento\TipoEventoOptionDto.cs(32,30): error CS1061: "TipoEvento" no contiene una definición para "GetColor" ni un método de extensión accesible "GetColor" que acepte un primer argumento del tipo "TipoEvento" (¿falta alguna directiva using o una referencia de ensamblado?) [C:\Users\EZEQU\source\repos\SportTrack-Federaciones\SportTrack-v1.Controladores\SportTrack-v1.Controladores.csproj]
C:\Users\EZEQU\source\repos\SportTrack-Federaciones\SportTrack-v1.Controladores\Federaciones\DTOs\Evento\TipoEventoOptionDto.cs(33,36): error CS1061: "TipoEvento" no contiene una definición para "GetDescripcion" ni un método de extensión accesible "GetDescripcion" que acepte un primer argumento del tipo "TipoEvento" (¿falta alguna directiva using o una referencia de ensamblado?) [C:\Users\EZEQU\source\repos\SportTrack-Federaciones\SportTrack-v1.Controladores\SportTrack-v1.Controladores.csproj]
C:\Users\EZEQU\source\repos\SportTrack-Federaciones\SportTrack-v1.Controladores\Federaciones\DTOs\Evento\TipoEventoOptionDto.cs(34,44): error CS1061: "TipoEvento" no contiene una definición para "RequiereInscripcion" ni un método de extensión accesible "RequiereInscripcion" que acepte un primer argumento del tipo "TipoEvento" (¿falta alguna directiva using o una referencia de ensamblado?) [C:\Users\EZEQU\source\repos\SportTrack-Federaciones\SportTrack-v1.Controladores\SportTrack-v1.Controladores.csproj]
C:\Users\EZEQU\source\repos\SportTrack-Federaciones\SportTrack-v1.Controladores\Federaciones\DTOs\Evento\TipoEventoOptionDto.cs(35,50): error CS1061: "TipoEvento" no contiene una definición para "PermiteMultipleDistancias" ni un método de extensión accesible "PermiteMultipleDistancias" que acepte un primer argumento del tipo "TipoEvento" (¿falta alguna directiva using o una referencia de ensamblado?) [C:\Users\EZEQU\source\repos\SportTrack-Federaciones\SportTrack-v1.Controladores\SportTrack-v1.Controladores.csproj]
C:\Users\EZEQU\source\repos\SportTrack-Federaciones\SportTrack-v1.Controladores\Federaciones\DTOs\Evento\TipoEventoOptionDto.cs(36,39): error CS1061: "TipoEvento" no contiene una definición para "RequiereJueces" ni un método de extensión accesible "RequiereJueces" que acepte un primer argumento del tipo "TipoEvento" (¿falta alguna directiva using o una referencia de ensamblado?) [C:\Users\EZEQU\source\repos\SportTrack-Federaciones\SportTrack-v1.Controladores\SportTrack-v1.Controladores.csproj]
C:\Users\EZEQU\source\repos\SportTrack-Federaciones\SportTrack-v1.Controladores\Federaciones\DTOs\Evento\TipoEventoOptionDto.cs(37,38): error CS1061: "TipoEvento" no contiene una definición para "EsCompetitivo" ni un método de extensión accesible "EsCompetitivo" que acepte un primer argumento del tipo "TipoEvento" (¿falta alguna directiva using o una referencia de ensamblado?) [C:\Users\EZEQU\source\repos\SportTrack-Federaciones\SportTrack-v1.Controladores\SportTrack-v1.Controladores.csproj]
C:\Users\EZEQU\source\repos\SportTrack-Federaciones\SportTrack-v1.Controladores\Federaciones\DTOs\Evento\TipoEventoOptionDto.cs(38,36): error CS1061: "TipoEvento" no contiene una definición para "EsFormativo" ni un método de extensión accesible "EsFormativo" que acepte un primer argumento del tipo "TipoEvento" (¿falta alguna directiva using o una referencia de ensamblado?) [C:\Users\EZEQU\source\repos\SportTrack-Federaciones\SportTrack-v1.Controladores\SportTrack-v1.Controladores.csproj]
C:\Users\EZEQU\source\repos\SportTrack-Federaciones\SportTrack-v1.Controladores\Federaciones\DTOs\Evento\TipoEventoOptionDto.cs(39,40): error CS1061: "TipoEvento" no contiene una definición para "GetNivelDificultad" ni un método de extensión accesible "GetNivelDificultad" que acepte un primer argumento del tipo "TipoEvento" (¿falta alguna directiva using o una referencia de ensamblado?) [C:\Users\EZEQU\source\repos\SportTrack-Federaciones\SportTrack-v1.Controladores\SportTrack-v1.Controladores.csproj]
C:\Users\EZEQU\source\repos\SportTrack-Federaciones\SportTrack-v1.Controladores\SaaS\SaaSService.cs(43,35): warning CS8603: Posible tipo de valor devuelto de referencia nulo. [C:\Users\EZEQU\source\repos\SportTrack-Federaciones\SportTrack-v1.Controladores\SportTrack-v1.Controladores.csproj]
C:\Users\EZEQU\source\repos\SportTrack-Federaciones\SportTrack-v1.Controladores\Federaciones\PagoTransaccionController.cs(40,72): error CS1061: "Club" no contiene una definición para "IdPago" ni un método de extensión accesible "IdPago" que acepte un primer argumento del tipo "Club" (¿falta alguna directiva using o una referencia de ensamblado?) [C:\Users\EZEQU\source\repos\SportTrack-Federaciones\SportTrack-v1.Controladores\SportTrack-v1.Controladores.csproj]
C:\Users\EZEQU\source\repos\SportTrack-Federaciones\SportTrack-v1.Controladores\Federaciones\PagoTransaccionController.cs(40,90): error CS1061: "PagoTransaccionCreateDto" no contiene una definición para "IdPago" ni un método de extensión accesible "IdPago" que acepte un primer argumento del tipo "PagoTransaccionCreateDto" (¿falta alguna directiva using o una referencia de ensamblado?) [C:\Users\EZEQU\source\repos\SportTrack-Federaciones\SportTrack-v1.Controladores\SportTrack-v1.Controladores.csproj]
C:\Users\EZEQU\source\repos\SportTrack-Federaciones\SportTrack-v1.Controladores\Federaciones\PagoTransaccionController.cs(50,21): error CS0117: 'PagoTransaccion' no contiene una definición para 'ParticipanteId' [C:\Users\EZEQU\source\repos\SportTrack-Federaciones\SportTrack-v1.Controladores\SportTrack-v1.Controladores.csproj]
C:\Users\EZEQU\source\repos\SportTrack-Federaciones\SportTrack-v1.Controladores\Federaciones\PagoTransaccionController.cs(116,44): error CS1061: "PagoTransaccion" no contiene una definición para "ParticipanteId" ni un método de extensión accesible "ParticipanteId" que acepte un primer argumento del tipo "PagoTransaccion" (¿falta alguna directiva using o una referencia de ensamblado?) [C:\Users\EZEQU\source\repos\SportTrack-Federaciones\SportTrack-v1.Controladores\SportTrack-v1.Controladores.csproj]
C:\Users\EZEQU\source\repos\SportTrack-Federaciones\SportTrack-v1.Controladores\Federaciones\DTOs\Atleta\AtletaDto.cs(14,23): warning CS8618: El elemento propiedad "Documento" que no acepta valores NULL debe contener un valor distinto de NULL al salir del constructor. Considere la posibilidad de agregar el modificador "required'"o declarar el propiedad como un valor que acepta valores NULL. [C:\Users\EZEQU\source\repos\SportTrack-Federaciones\SportTrack-v1.Controladores\SportTrack-v1.Controladores.csproj]
C:\Users\EZEQU\source\repos\SportTrack-Federaciones\SportTrack-v1.Controladores\Federaciones\PagoTransaccionController.cs(151,44): error CS1061: "PagoTransaccion" no contiene una definición para "ParticipanteId" ni un método de extensión accesible "ParticipanteId" que acepte un primer argumento del tipo "PagoTransaccion" (¿falta alguna directiva using o una referencia de ensamblado?) [C:\Users\EZEQU\source\repos\SportTrack-Federaciones\SportTrack-v1.Controladores\SportTrack-v1.Controladores.csproj]
C:\Users\EZEQU\source\repos\SportTrack-Federaciones\SportTrack-v1.Controladores\Federaciones\PagoTransaccionController.cs(156,29): error CS0117: 'PersonaDto' no contiene una definición para 'Id' [C:\Users\EZEQU\source\repos\SportTrack-Federaciones\SportTrack-v1.Controladores\SportTrack-v1.Controladores.csproj]
C:\Users\EZEQU\source\repos\SportTrack-Federaciones\SportTrack-v1.Controladores\Federaciones\PagoTransaccionController.cs(167,29): error CS0117: 'ClubDto' no contiene una definición para 'Id' [C:\Users\EZEQU\source\repos\SportTrack-Federaciones\SportTrack-v1.Controladores\SportTrack-v1.Controladores.csproj]
C:\Users\EZEQU\source\repos\SportTrack-Federaciones\SportTrack-v1.Controladores\Federaciones\PagoTransaccionController.cs(171,29): error CS0117: 'ClubDto' no contiene una definición para 'Sigla' [C:\Users\EZEQU\source\repos\SportTrack-Federaciones\SportTrack-v1.Controladores\SportTrack-v1.Controladores.csproj]
C:\Users\EZEQU\source\repos\SportTrack-Federaciones\SportTrack-v1.Controladores\Federaciones\PagoTransaccionController.cs(159,41): warning CS8601: Posible asignación de referencia nula. [C:\Users\EZEQU\source\repos\SportTrack-Federaciones\SportTrack-v1.Controladores\SportTrack-v1.Controladores.csproj]
C:\Users\EZEQU\source\repos\SportTrack-Federaciones\SportTrack-v1.Controladores\Federaciones\PagoTransaccionController.cs(163,41): warning CS8601: Posible asignación de referencia nula. [C:\Users\EZEQU\source\repos\SportTrack-Federaciones\SportTrack-v1.Controladores\SportTrack-v1.Controladores.csproj]
C:\Users\EZEQU\source\repos\SportTrack-Federaciones\SportTrack-v1.Controladores\Federaciones\PagoTransaccionController.cs(169,41): warning CS8601: Posible asignación de referencia nula. [C:\Users\EZEQU\source\repos\SportTrack-Federaciones\SportTrack-v1.Controladores\SportTrack-v1.Controladores.csproj]
C:\Users\EZEQU\source\repos\SportTrack-Federaciones\SportTrack-v1.Controladores\Federaciones\PagoTransaccionController.cs(170,40): warning CS8601: Posible asignación de referencia nula. [C:\Users\EZEQU\source\repos\SportTrack-Federaciones\SportTrack-v1.Controladores\SportTrack-v1.Controladores.csproj]
C:\Users\EZEQU\source\repos\SportTrack-Federaciones\SportTrack-v1.Controladores\Federaciones\DTOs\Evento\EventoResponseDto.cs(75,17): error CS0117: 'EventoResponseDto' no contiene una definición para 'Id' [C:\Users\EZEQU\source\repos\SportTrack-Federaciones\SportTrack-v1.Controladores\SportTrack-v1.Controladores.csproj]
C:\Users\EZEQU\source\repos\SportTrack-Federaciones\SportTrack-v1.Controladores\Federaciones\DTOs\Evento\EventoResponseDto.cs(77,17): error CS1912: Inicialización del miembro 'Nombre' duplicada [C:\Users\EZEQU\source\repos\SportTrack-Federaciones\SportTrack-v1.Controladores\SportTrack-v1.Controladores.csproj]
C:\Users\EZEQU\source\repos\SportTrack-Federaciones\SportTrack-v1.Controladores\Federaciones\DTOs\Evento\EventoResponseDto.cs(80,44): error CS1061: "Evento" no contiene una definición para "TipoEvento" ni un método de extensión accesible "TipoEvento" que acepte un primer argumento del tipo "Evento" (¿falta alguna directiva using o una referencia de ensamblado?) [C:\Users\EZEQU\source\repos\SportTrack-Federaciones\SportTrack-v1.Controladores\SportTrack-v1.Controladores.csproj]
C:\Users\EZEQU\source\repos\SportTrack-Federaciones\SportTrack-v1.Controladores\Federaciones\DTOs\Evento\EventoResponseDto.cs(81,64): error CS1061: "Evento" no contiene una definición para "TipoEvento" ni un método de extensión accesible "TipoEvento" que acepte un primer argumento del tipo "Evento" (¿falta alguna directiva using o una referencia de ensamblado?) [C:\Users\EZEQU\source\repos\SportTrack-Federaciones\SportTrack-v1.Controladores\SportTrack-v1.Controladores.csproj]
C:\Users\EZEQU\source\repos\SportTrack-Federaciones\SportTrack-v1.Controladores\Federaciones\DTOs\Evento\EventoResponseDto.cs(82,61): error CS1061: "Evento" no contiene una definición para "TipoEvento" ni un método de extensión accesible "TipoEvento" que acepte un primer argumento del tipo "Evento" (¿falta alguna directiva using o una referencia de ensamblado?) [C:\Users\EZEQU\source\repos\SportTrack-Federaciones\SportTrack-v1.Controladores\SportTrack-v1.Controladores.csproj]
C:\Users\EZEQU\source\repos\SportTrack-Federaciones\SportTrack-v1.Controladores\Federaciones\DTOs\Evento\EventoResponseDto.cs(83,61): error CS1061: "Evento" no contiene una definición para "TipoEvento" ni un método de extensión accesible "TipoEvento" que acepte un primer argumento del tipo "Evento" (¿falta alguna directiva using o una referencia de ensamblado?) [C:\Users\EZEQU\source\repos\SportTrack-Federaciones\SportTrack-v1.Controladores\SportTrack-v1.Controladores.csproj]
C:\Users\EZEQU\source\repos\SportTrack-Federaciones\SportTrack-v1.Controladores\Federaciones\DTOs\Evento\EventoResponseDto.cs(86,38): error CS1061: "Evento" no contiene una definición para "FechaInicio" ni un método de extensión accesible "FechaInicio" que acepte un primer argumento del tipo "Evento" (¿falta alguna directiva using o una referencia de ensamblado?) [C:\Users\EZEQU\source\repos\SportTrack-Federaciones\SportTrack-v1.Controladores\SportTrack-v1.Controladores.csproj]
C:\Users\EZEQU\source\repos\SportTrack-Federaciones\SportTrack-v1.Controladores\Federaciones\DTOs\Evento\EventoResponseDto.cs(87,28): error CS0266: No se puede convertir implícitamente el tipo 'System.DateTime?' en 'System.DateTime'. Ya existe una conversión explícita (compruebe si le falta una conversión) [C:\Users\EZEQU\source\repos\SportTrack-Federaciones\SportTrack-v1.Controladores\SportTrack-v1.Controladores.csproj]
C:\Users\EZEQU\source\repos\SportTrack-Federaciones\SportTrack-v1.Controladores\Federaciones\DTOs\Evento\EventoResponseDto.cs(88,38): error CS1061: "Evento" no contiene una definición para "FechaInicio" ni un método de extensión accesible "FechaInicio" que acepte un primer argumento del tipo "Evento" (¿falta alguna directiva using o una referencia de ensamblado?) [C:\Users\EZEQU\source\repos\SportTrack-Federaciones\SportTrack-v1.Controladores\SportTrack-v1.Controladores.csproj]
C:\Users\EZEQU\source\repos\SportTrack-Federaciones\SportTrack-v1.Controladores\Federaciones\DTOs\Evento\EventoResponseDto.cs(93,33): error CS1061: "Evento" no contiene una definición para "Ciudad" ni un método de extensión accesible "Ciudad" que acepte un primer argumento del tipo "Evento" (¿falta alguna directiva using o una referencia de ensamblado?) [C:\Users\EZEQU\source\repos\SportTrack-Federaciones\SportTrack-v1.Controladores\SportTrack-v1.Controladores.csproj]
C:\Users\EZEQU\source\repos\SportTrack-Federaciones\SportTrack-v1.Controladores\Federaciones\DTOs\Evento\EventoResponseDto.cs(94,36): error CS1061: "Evento" no contiene una definición para "Provincia" ni un método de extensión accesible "Provincia" que acepte un primer argumento del tipo "Evento" (¿falta alguna directiva using o una referencia de ensamblado?) [C:\Users\EZEQU\source\repos\SportTrack-Federaciones\SportTrack-v1.Controladores\SportTrack-v1.Controladores.csproj]
C:\Users\EZEQU\source\repos\SportTrack-Federaciones\SportTrack-v1.Controladores\Federaciones\DTOs\Evento\EventoResponseDto.cs(97,17): error CS0117: 'EventoResponseDto' no contiene una definición para 'EventoPruebas' [C:\Users\EZEQU\source\repos\SportTrack-Federaciones\SportTrack-v1.Controladores\SportTrack-v1.Controladores.csproj]
C:\Users\EZEQU\source\repos\SportTrack-Federaciones\SportTrack-v1.Controladores\Federaciones\DTOs\Evento\EventoResponseDto.cs(100,37): error CS1061: "Evento" no contiene una definición para "PrecioBase" ni un método de extensión accesible "PrecioBase" que acepte un primer argumento del tipo "Evento" (¿falta alguna directiva using o una referencia de ensamblado?) [C:\Users\EZEQU\source\repos\SportTrack-Federaciones\SportTrack-v1.Controladores\SportTrack-v1.Controladores.csproj]
C:\Users\EZEQU\source\repos\SportTrack-Federaciones\SportTrack-v1.Controladores\Federaciones\DTOs\Evento\EventoResponseDto.cs(101,37): error CS1061: "Evento" no contiene una definición para "CupoMaximo" ni un método de extensión accesible "CupoMaximo" que acepte un primer argumento del tipo "Evento" (¿falta alguna directiva using o una referencia de ensamblado?) [C:\Users\EZEQU\source\repos\SportTrack-Federaciones\SportTrack-v1.Controladores\SportTrack-v1.Controladores.csproj]
C:\Users\EZEQU\source\repos\SportTrack-Federaciones\SportTrack-v1.Controladores\Federaciones\DTOs\Evento\EventoResponseDto.cs(102,44): error CS1061: "Evento" no contiene una definición para "TieneCronometraje" ni un método de extensión accesible "TieneCronometraje" que acepte un primer argumento del tipo "Evento" (¿falta alguna directiva using o una referencia de ensamblado?) [C:\Users\EZEQU\source\repos\SportTrack-Federaciones\SportTrack-v1.Controladores\SportTrack-v1.Controladores.csproj]
C:\Users\EZEQU\source\repos\SportTrack-Federaciones\SportTrack-v1.Controladores\Federaciones\DTOs\Evento\EventoResponseDto.cs(103,52): error CS1061: "Evento" no contiene una definición para "RequiereCertificadoMedico" ni un método de extensión accesible "RequiereCertificadoMedico" que acepte un primer argumento del tipo "Evento" (¿falta alguna directiva using o una referencia de ensamblado?) [C:\Users\EZEQU\source\repos\SportTrack-Federaciones\SportTrack-v1.Controladores\SportTrack-v1.Controladores.csproj]
C:\Users\EZEQU\source\repos\SportTrack-Federaciones\SportTrack-v1.Controladores\Federaciones\DTOs\Evento\EventoResponseDto.cs(106,17): error CS0117: 'EventoResponseDto' no contiene una definición para 'Activo' [C:\Users\EZEQU\source\repos\SportTrack-Federaciones\SportTrack-v1.Controladores\SportTrack-v1.Controladores.csproj]
C:\Users\EZEQU\source\repos\SportTrack-Federaciones\SportTrack-v1.Controladores\Federaciones\DTOs\Evento\EventoResponseDto.cs(106,33): error CS1061: "Evento" no contiene una definición para "Activo" ni un método de extensión accesible "Activo" que acepte un primer argumento del tipo "Evento" (¿falta alguna directiva using o una referencia de ensamblado?) [C:\Users\EZEQU\source\repos\SportTrack-Federaciones\SportTrack-v1.Controladores\SportTrack-v1.Controladores.csproj]
C:\Users\EZEQU\source\repos\SportTrack-Federaciones\SportTrack-v1.Controladores\Federaciones\DTOs\Evento\EventoResponseDto.cs(108,17): error CS1912: Inicialización del miembro 'Nombre' duplicada [C:\Users\EZEQU\source\repos\SportTrack-Federaciones\SportTrack-v1.Controladores\SportTrack-v1.Controladores.csproj]
C:\Users\EZEQU\source\repos\SportTrack-Federaciones\SportTrack-v1.Controladores\Federaciones\DTOs\Evento\EventoResponseDto.cs(112,43): error CS1061: "Evento" no contiene una definición para "CupoMaximo" ni un método de extensión accesible "CupoMaximo" que acepte un primer argumento del tipo "Evento" (¿falta alguna directiva using o una referencia de ensamblado?) [C:\Users\EZEQU\source\repos\SportTrack-Federaciones\SportTrack-v1.Controladores\SportTrack-v1.Controladores.csproj]
C:\Users\EZEQU\source\repos\SportTrack-Federaciones\SportTrack-v1.Controladores\Federaciones\DTOs\Evento\EventoResponseDto.cs(113,41): error CS1061: "Evento" no contiene una definición para "FechaInicio" ni un método de extensión accesible "FechaInicio" que acepte un primer argumento del tipo "Evento" (¿falta alguna directiva using o una referencia de ensamblado?) [C:\Users\EZEQU\source\repos\SportTrack-Federaciones\SportTrack-v1.Controladores\SportTrack-v1.Controladores.csproj]
C:\Users\EZEQU\source\repos\SportTrack-Federaciones\SportTrack-v1.Controladores\Federaciones\DTOs\Evento\EventoResponseDto.cs(70,24): warning CS8603: Posible tipo de valor devuelto de referencia nulo. [C:\Users\EZEQU\source\repos\SportTrack-Federaciones\SportTrack-v1.Controladores\SportTrack-v1.Controladores.csproj]
C:\Users\EZEQU\source\repos\SportTrack-Federaciones\SportTrack-v1.Controladores\Federaciones\DTOs\Evento\EventoResponseDto.cs(87,28): warning CS8629: Un tipo que acepta valores NULL puede ser nulo. [C:\Users\EZEQU\source\repos\SportTrack-Federaciones\SportTrack-v1.Controladores\SportTrack-v1.Controladores.csproj]
C:\Users\EZEQU\source\repos\SportTrack-Federaciones\SportTrack-v1.Controladores\Federaciones\PagoTransaccionController.cs(198,35): error CS1061: "PagoTransaccion" no contiene una definición para "ParticipanteId" ni un método de extensión accesible "ParticipanteId" que acepte un primer argumento del tipo "PagoTransaccion" (¿falta alguna directiva using o una referencia de ensamblado?) [C:\Users\EZEQU\source\repos\SportTrack-Federaciones\SportTrack-v1.Controladores\SportTrack-v1.Controladores.csproj]
C:\Users\EZEQU\source\repos\SportTrack-Federaciones\SportTrack-v1.Controladores\Federaciones\DTOs\Evento\EventoResponseDto.cs(187,36): error CS1061: "Evento" no contiene una definición para "FechaInicio" ni un método de extensión accesible "FechaInicio" que acepte un primer argumento del tipo "Evento" (¿falta alguna directiva using o una referencia de ensamblado?) [C:\Users\EZEQU\source\repos\SportTrack-Federaciones\SportTrack-v1.Controladores\SportTrack-v1.Controladores.csproj]
C:\Users\EZEQU\source\repos\SportTrack-Federaciones\SportTrack-v1.Controladores\Federaciones\DTOs\Evento\EventoResponseDto.cs(187,76): error CS1061: "Evento" no contiene una definición para "FechaInicio" ni un método de extensión accesible "FechaInicio" que acepte un primer argumento del tipo "Evento" (¿falta alguna directiva using o una referencia de ensamblado?) [C:\Users\EZEQU\source\repos\SportTrack-Federaciones\SportTrack-v1.Controladores\SportTrack-v1.Controladores.csproj]
C:\Users\EZEQU\source\repos\SportTrack-Federaciones\SportTrack-v1.Controladores\Federaciones\DTOs\Evento\EventoResponseDto.cs(189,48): error CS1061: "Evento" no contiene una definición para "Activo" ni un método de extensión accesible "Activo" que acepte un primer argumento del tipo "Evento" (¿falta alguna directiva using o una referencia de ensamblado?) [C:\Users\EZEQU\source\repos\SportTrack-Federaciones\SportTrack-v1.Controladores\SportTrack-v1.Controladores.csproj]
C:\Users\EZEQU\source\repos\SportTrack-Federaciones\SportTrack-v1.Controladores\Federaciones\DTOs\Evento\EventoPruebaResponseDto.cs(28,17): error CS0117: 'EventoPruebaResponseDto' no contiene una definición para 'Id' [C:\Users\EZEQU\source\repos\SportTrack-Federaciones\SportTrack-v1.Controladores\SportTrack-v1.Controladores.csproj]
C:\Users\EZEQU\source\repos\SportTrack-Federaciones\SportTrack-v1.Controladores\Federaciones\DTOs\Evento\EventoPruebaResponseDto.cs(29,31): error CS0030: No se puede convertir el tipo 'SportTrack_v1.Entidades.Entidades.Distancia' en 'int' [C:\Users\EZEQU\source\repos\SportTrack-Federaciones\SportTrack-v1.Controladores\SportTrack-v1.Controladores.csproj]
C:\Users\EZEQU\source\repos\SportTrack-Federaciones\SportTrack-v1.Controladores\Federaciones\DTOs\Evento\EventoPruebaResponseDto.cs(30,55): error CS1503: Argumento 1: no se puede convertir de 'SportTrack_v1.Entidades.Entidades.Distancia' a 'SportTrack_v1.Entidades.Enums.DistanciaRegata' [C:\Users\EZEQU\source\repos\SportTrack-Federaciones\SportTrack-v1.Controladores\SportTrack-v1.Controladores.csproj]
C:\Users\EZEQU\source\repos\SportTrack-Federaciones\SportTrack-v1.Controladores\Federaciones\DTOs\Evento\EventoPruebaResponseDto.cs(32,45): error CS1503: Argumento 1: no se puede convertir de 'SportTrack_v1.Entidades.Entidades.Distancia' a 'SportTrack_v1.Entidades.Enums.DistanciaRegata' [C:\Users\EZEQU\source\repos\SportTrack-Federaciones\SportTrack-v1.Controladores\SportTrack-v1.Controladores.csproj]
C:\Users\EZEQU\source\repos\SportTrack-Federaciones\SportTrack-v1.Controladores\Federaciones\DTOs\Evento\EventoPruebaResponseDto.cs(33,17): error CS0117: 'EventoPruebaResponseDto' no contiene una definición para 'CategoriaId' [C:\Users\EZEQU\source\repos\SportTrack-Federaciones\SportTrack-v1.Controladores\SportTrack-v1.Controladores.csproj]
C:\Users\EZEQU\source\repos\SportTrack-Federaciones\SportTrack-v1.Controladores\Federaciones\DTOs\Evento\EventoPruebaResponseDto.cs(34,17): error CS0117: 'EventoPruebaResponseDto' no contiene una definición para 'Precio' [C:\Users\EZEQU\source\repos\SportTrack-Federaciones\SportTrack-v1.Controladores\SportTrack-v1.Controladores.csproj]
C:\Users\EZEQU\source\repos\SportTrack-Federaciones\SportTrack-v1.Controladores\Federaciones\DTOs\Evento\EventoPruebaResponseDto.cs(34,39): error CS1061: "EventoPrueba" no contiene una definición para "Precio" ni un método de extensión accesible "Precio" que acepte un primer argumento del tipo "EventoPrueba" (¿falta alguna directiva using o una referencia de ensamblado?) [C:\Users\EZEQU\source\repos\SportTrack-Federaciones\SportTrack-v1.Controladores\SportTrack-v1.Controladores.csproj]
C:\Users\EZEQU\source\repos\SportTrack-Federaciones\SportTrack-v1.Controladores\Federaciones\DTOs\Evento\EventoPruebaResponseDto.cs(35,17): error CS0117: 'EventoPruebaResponseDto' no contiene una definición para 'BoteId' [C:\Users\EZEQU\source\repos\SportTrack-Federaciones\SportTrack-v1.Controladores\SportTrack-v1.Controladores.csproj]
C:\Users\EZEQU\source\repos\SportTrack-Federaciones\SportTrack-v1.Controladores\Federaciones\DTOs\Evento\EventoPruebaResponseDto.cs(37,17): error CS0117: 'EventoPruebaResponseDto' no contiene una definición para 'SexoId' [C:\Users\EZEQU\source\repos\SportTrack-Federaciones\SportTrack-v1.Controladores\SportTrack-v1.Controladores.csproj]
C:\Users\EZEQU\source\repos\SportTrack-Federaciones\SportTrack-v1.Controladores\Federaciones\DTOs\Evento\EventoPruebaResponseDto.cs(38,35): error CS0030: No se puede convertir el tipo 'SportTrack_v1.Entidades.Entidades.Distancia' en 'int' [C:\Users\EZEQU\source\repos\SportTrack-Federaciones\SportTrack-v1.Controladores\SportTrack-v1.Controladores.csproj]
C:\Users\EZEQU\source\repos\SportTrack-Federaciones\SportTrack-v1.Controladores\Federaciones\DTOs\Evento\EventoPruebaResponseDto.cs(31,35): warning CS8601: Posible asignación de referencia nula. [C:\Users\EZEQU\source\repos\SportTrack-Federaciones\SportTrack-v1.Controladores\SportTrack-v1.Controladores.csproj]
C:\Users\EZEQU\source\repos\SportTrack-Federaciones\SportTrack-v1.Controladores\Federaciones\PagoTransaccionController.cs(242,44): error CS1061: "PagoTransaccion" no contiene una definición para "ParticipanteId" ni un método de extensión accesible "ParticipanteId" que acepte un primer argumento del tipo "PagoTransaccion" (¿falta alguna directiva using o una referencia de ensamblado?) [C:\Users\EZEQU\source\repos\SportTrack-Federaciones\SportTrack-v1.Controladores\SportTrack-v1.Controladores.csproj]
C:\Users\EZEQU\source\repos\SportTrack-Federaciones\SportTrack-v1.Controladores\Federaciones\PagoTransaccionController.cs(277,44): error CS1061: "PagoTransaccion" no contiene una definición para "ParticipanteId" ni un método de extensión accesible "ParticipanteId" que acepte un primer argumento del tipo "PagoTransaccion" (¿falta alguna directiva using o una referencia de ensamblado?) [C:\Users\EZEQU\source\repos\SportTrack-Federaciones\SportTrack-v1.Controladores\SportTrack-v1.Controladores.csproj]
C:\Users\EZEQU\source\repos\SportTrack-Federaciones\SportTrack-v1.Controladores\Federaciones\DTOs\Evento\EventoDto.cs(14,23): warning CS8618: El elemento propiedad "Descripcion" que no acepta valores NULL debe contener un valor distinto de NULL al salir del constructor. Considere la posibilidad de agregar el modificador "required'"o declarar el propiedad como un valor que acepta valores NULL. [C:\Users\EZEQU\source\repos\SportTrack-Federaciones\SportTrack-v1.Controladores\SportTrack-v1.Controladores.csproj]
C:\Users\EZEQU\source\repos\SportTrack-Federaciones\SportTrack-v1.Controladores\Federaciones\DTOs\Evento\EventoDto.cs(15,23): warning CS8618: El elemento propiedad "TipoEvento" que no acepta valores NULL debe contener un valor distinto de NULL al salir del constructor. Considere la posibilidad de agregar el modificador "required'"o declarar el propiedad como un valor que acepta valores NULL. [C:\Users\EZEQU\source\repos\SportTrack-Federaciones\SportTrack-v1.Controladores\SportTrack-v1.Controladores.csproj]
C:\Users\EZEQU\source\repos\SportTrack-Federaciones\SportTrack-v1.Controladores\Federaciones\DTOs\Evento\EventoDto.cs(16,23): warning CS8618: El elemento propiedad "Ubicacion" que no acepta valores NULL debe contener un valor distinto de NULL al salir del constructor. Considere la posibilidad de agregar el modificador "required'"o declarar el propiedad como un valor que acepta valores NULL. [C:\Users\EZEQU\source\repos\SportTrack-Federaciones\SportTrack-v1.Controladores\SportTrack-v1.Controladores.csproj]
C:\Users\EZEQU\source\repos\SportTrack-Federaciones\SportTrack-v1.Controladores\SaaS\SaaSService.cs(178,32): warning CS8601: Posible asignación de referencia nula. [C:\Users\EZEQU\source\repos\SportTrack-Federaciones\SportTrack-v1.Controladores\SportTrack-v1.Controladores.csproj]
C:\Users\EZEQU\source\repos\SportTrack-Federaciones\SportTrack-v1.Controladores\SaaS\SaaSService.cs(179,33): warning CS8601: Posible asignación de referencia nula. [C:\Users\EZEQU\source\repos\SportTrack-Federaciones\SportTrack-v1.Controladores\SportTrack-v1.Controladores.csproj]
C:\Users\EZEQU\source\repos\SportTrack-Federaciones\SportTrack-v1.Controladores\Federaciones\DTOs\Evento\CategoriaOptionDto.cs(18,40): error CS1061: "CategoriaEdad" no contiene una definición para "GetRangoEdad" ni un método de extensión accesible "GetRangoEdad" que acepte un primer argumento del tipo "CategoriaEdad" (¿falta alguna directiva using o una referencia de ensamblado?) [C:\Users\EZEQU\source\repos\SportTrack-Federaciones\SportTrack-v1.Controladores\SportTrack-v1.Controladores.csproj]
C:\Users\EZEQU\source\repos\SportTrack-Federaciones\SportTrack-v1.Controladores\Federaciones\DTOs\Evento\CategoriaOptionDto.cs(18,18): error CS8130: No se puede inferir el tipo de variable de desconstrucción con tipo implícito 'min'. [C:\Users\EZEQU\source\repos\SportTrack-Federaciones\SportTrack-v1.Controladores\SportTrack-v1.Controladores.csproj]
C:\Users\EZEQU\source\repos\SportTrack-Federaciones\SportTrack-v1.Controladores\Federaciones\DTOs\Evento\CategoriaOptionDto.cs(18,23): error CS8130: No se puede inferir el tipo de variable de desconstrucción con tipo implícito 'max'. [C:\Users\EZEQU\source\repos\SportTrack-Federaciones\SportTrack-v1.Controladores\SportTrack-v1.Controladores.csproj]
C:\Users\EZEQU\source\repos\SportTrack-Federaciones\SportTrack-v1.Controladores\Federaciones\DTOs\Evento\CategoriaOptionDto.cs(23,45): error CS1061: "CategoriaEdad" no contiene una definición para "ToCodigo" ni un método de extensión accesible "ToCodigo" que acepte un primer argumento del tipo "CategoriaEdad" (¿falta alguna directiva using o una referencia de ensamblado?) [C:\Users\EZEQU\source\repos\SportTrack-Federaciones\SportTrack-v1.Controladores\SportTrack-v1.Controladores.csproj]
C:\Users\EZEQU\source\repos\SportTrack-Federaciones\SportTrack-v1.Controladores\Federaciones\DTOs\Evento\CategoriaOptionDto.cs(24,45): error CS1061: "CategoriaEdad" no contiene una definición para "ToDisplayString" ni un método de extensión accesible "ToDisplayString" que acepte un primer argumento del tipo "CategoriaEdad" (¿falta alguna directiva using o una referencia de ensamblado?) [C:\Users\EZEQU\source\repos\SportTrack-Federaciones\SportTrack-v1.Controladores\SportTrack-v1.Controladores.csproj]
C:\Users\EZEQU\source\repos\SportTrack-Federaciones\SportTrack-v1.Controladores\Federaciones\DTOs\Evento\CategoriaOptionDto.cs(25,34): error CS1061: "CategoriaEdad" no contiene una definición para "GetSexoDefault" ni un método de extensión accesible "GetSexoDefault" que acepte un primer argumento del tipo "CategoriaEdad" (¿falta alguna directiva using o una referencia de ensamblado?) [C:\Users\EZEQU\source\repos\SportTrack-Federaciones\SportTrack-v1.Controladores\SportTrack-v1.Controladores.csproj]
C:\Users\EZEQU\source\repos\SportTrack-Federaciones\SportTrack-v1.Controladores\Federaciones\DTOs\Evento\CategoriaOptionDto.cs(26,41): error CS1061: "CategoriaEdad" no contiene una definición para "GetDescripcion" ni un método de extensión accesible "GetDescripcion" que acepte un primer argumento del tipo "CategoriaEdad" (¿falta alguna directiva using o una referencia de ensamblado?) [C:\Users\EZEQU\source\repos\SportTrack-Federaciones\SportTrack-v1.Controladores\SportTrack-v1.Controladores.csproj]
C:\Users\EZEQU\source\repos\SportTrack-Federaciones\SportTrack-v1.Controladores\Federaciones\DTOs\EventoPrueba\EventoPruebaDto.cs(10,62): warning CS8618: El elemento propiedad "Prueba" que no acepta valores NULL debe contener un valor distinto de NULL al salir del constructor. Considere la posibilidad de agregar el modificador "required'"o declarar el propiedad como un valor que acepta valores NULL. [C:\Users\EZEQU\source\repos\SportTrack-Federaciones\SportTrack-v1.Controladores\SportTrack-v1.Controladores.csproj]
C:\Users\EZEQU\source\repos\SportTrack-Federaciones\SportTrack-v1.Controladores\Federaciones\DTOs\DocumentoUploadDto.cs(8,26): warning CS8618: El elemento propiedad "File" que no acepta valores NULL debe contener un valor distinto de NULL al salir del constructor. Considere la posibilidad de agregar el modificador "required'"o declarar el propiedad como un valor que acepta valores NULL. [C:\Users\EZEQU\source\repos\SportTrack-Federaciones\SportTrack-v1.Controladores\SportTrack-v1.Controladores.csproj]
C:\Users\EZEQU\source\repos\SportTrack-Federaciones\SportTrack-v1.Controladores\Federaciones\PagoTransaccionController.cs(306,82): error CS1061: "Participante" no contiene una definición para "IdPago" ni un método de extensión accesible "IdPago" que acepte un primer argumento del tipo "Participante" (¿falta alguna directiva using o una referencia de ensamblado?) [C:\Users\EZEQU\source\repos\SportTrack-Federaciones\SportTrack-v1.Controladores\SportTrack-v1.Controladores.csproj]
C:\Users\EZEQU\source\repos\SportTrack-Federaciones\SportTrack-v1.Controladores\Federaciones\PagoTransaccionController.cs(306,117): error CS1061: "PagoTransaccionCreateDto" no contiene una definición para "IdPago" ni un método de extensión accesible "IdPago" que acepte un primer argumento del tipo "PagoTransaccionCreateDto" (¿falta alguna directiva using o una referencia de ensamblado?) [C:\Users\EZEQU\source\repos\SportTrack-Federaciones\SportTrack-v1.Controladores\SportTrack-v1.Controladores.csproj]
C:\Users\EZEQU\source\repos\SportTrack-Federaciones\SportTrack-v1.Controladores\Federaciones\PagoTransaccionController.cs(313,72): error CS1061: "Club" no contiene una definición para "IdPago" ni un método de extensión accesible "IdPago" que acepte un primer argumento del tipo "Club" (¿falta alguna directiva using o una referencia de ensamblado?) [C:\Users\EZEQU\source\repos\SportTrack-Federaciones\SportTrack-v1.Controladores\SportTrack-v1.Controladores.csproj]
C:\Users\EZEQU\source\repos\SportTrack-Federaciones\SportTrack-v1.Controladores\Federaciones\PagoTransaccionController.cs(313,107): error CS1061: "PagoTransaccionCreateDto" no contiene una definición para "IdPago" ni un método de extensión accesible "IdPago" que acepte un primer argumento del tipo "PagoTransaccionCreateDto" (¿falta alguna directiva using o una referencia de ensamblado?) [C:\Users\EZEQU\source\repos\SportTrack-Federaciones\SportTrack-v1.Controladores\SportTrack-v1.Controladores.csproj]
C:\Users\EZEQU\source\repos\SportTrack-Federaciones\SportTrack-v1.Controladores\Federaciones\PagoTransaccionController.cs(326,21): error CS0117: 'PagoTransaccion' no contiene una definición para 'ParticipanteId' [C:\Users\EZEQU\source\repos\SportTrack-Federaciones\SportTrack-v1.Controladores\SportTrack-v1.Controladores.csproj]
C:\Users\EZEQU\source\repos\SportTrack-Federaciones\SportTrack-v1.Controladores\Federaciones\PagoTransaccionController.cs(350,54): error CS1061: "PagoTransaccion" no contiene una definición para "ParticipanteId" ni un método de extensión accesible "ParticipanteId" que acepte un primer argumento del tipo "PagoTransaccion" (¿falta alguna directiva using o una referencia de ensamblado?) [C:\Users\EZEQU\source\repos\SportTrack-Federaciones\SportTrack-v1.Controladores\SportTrack-v1.Controladores.csproj]
C:\Users\EZEQU\source\repos\SportTrack-Federaciones\SportTrack-v1.Controladores\Federaciones\PagoTransaccionController.cs(389,82): error CS1061: "Participante" no contiene una definición para "IdPago" ni un método de extensión accesible "IdPago" que acepte un primer argumento del tipo "Participante" (¿falta alguna directiva using o una referencia de ensamblado?) [C:\Users\EZEQU\source\repos\SportTrack-Federaciones\SportTrack-v1.Controladores\SportTrack-v1.Controladores.csproj]
C:\Users\EZEQU\source\repos\SportTrack-Federaciones\SportTrack-v1.Controladores\Federaciones\PagoTransaccionController.cs(389,117): error CS1061: "PagoTransaccionCreateDto" no contiene una definición para "IdPago" ni un método de extensión accesible "IdPago" que acepte un primer argumento del tipo "PagoTransaccionCreateDto" (¿falta alguna directiva using o una referencia de ensamblado?) [C:\Users\EZEQU\source\repos\SportTrack-Federaciones\SportTrack-v1.Controladores\SportTrack-v1.Controladores.csproj]
C:\Users\EZEQU\source\repos\SportTrack-Federaciones\SportTrack-v1.Controladores\Federaciones\PagoTransaccionController.cs(396,72): error CS1061: "Club" no contiene una definición para "IdPago" ni un método de extensión accesible "IdPago" que acepte un primer argumento del tipo "Club" (¿falta alguna directiva using o una referencia de ensamblado?) [C:\Users\EZEQU\source\repos\SportTrack-Federaciones\SportTrack-v1.Controladores\SportTrack-v1.Controladores.csproj]
C:\Users\EZEQU\source\repos\SportTrack-Federaciones\SportTrack-v1.Controladores\Federaciones\PagoTransaccionController.cs(396,107): error CS1061: "PagoTransaccionCreateDto" no contiene una definición para "IdPago" ni un método de extensión accesible "IdPago" que acepte un primer argumento del tipo "PagoTransaccionCreateDto" (¿falta alguna directiva using o una referencia de ensamblado?) [C:\Users\EZEQU\source\repos\SportTrack-Federaciones\SportTrack-v1.Controladores\SportTrack-v1.Controladores.csproj]
C:\Users\EZEQU\source\repos\SportTrack-Federaciones\SportTrack-v1.Controladores\Federaciones\PagoTransaccionController.cs(406,33): error CS1061: "PagoTransaccion" no contiene una definición para "ParticipanteId" ni un método de extensión accesible "ParticipanteId" que acepte un primer argumento del tipo "PagoTransaccion" (¿falta alguna directiva using o una referencia de ensamblado?) [C:\Users\EZEQU\source\repos\SportTrack-Federaciones\SportTrack-v1.Controladores\SportTrack-v1.Controladores.csproj]
C:\Users\EZEQU\source\repos\SportTrack-Federaciones\SportTrack-v1.Controladores\Federaciones\UsuarioServices.cs(48,25): error CS0117: 'UsuarioDto' no contiene una definición para 'Id' [C:\Users\EZEQU\source\repos\SportTrack-Federaciones\SportTrack-v1.Controladores\SportTrack-v1.Controladores.csproj]
C:\Users\EZEQU\source\repos\SportTrack-Federaciones\SportTrack-v1.Controladores\Federaciones\UsuarioServices.cs(51,25): error CS0117: 'UsuarioDto' no contiene una definición para 'Activo' [C:\Users\EZEQU\source\repos\SportTrack-Federaciones\SportTrack-v1.Controladores\SportTrack-v1.Controladores.csproj]
C:\Users\EZEQU\source\repos\SportTrack-Federaciones\SportTrack-v1.Controladores\Federaciones\UsuarioServices.cs(53,25): error CS1912: Inicialización del miembro 'FechaCreacion' duplicada [C:\Users\EZEQU\source\repos\SportTrack-Federaciones\SportTrack-v1.Controladores\SportTrack-v1.Controladores.csproj]
C:\Users\EZEQU\source\repos\SportTrack-Federaciones\SportTrack-v1.Controladores\Federaciones\UsuarioServices.cs(57,25): error CS0117: 'UsuarioDto' no contiene una definición para 'FederacionId' [C:\Users\EZEQU\source\repos\SportTrack-Federaciones\SportTrack-v1.Controladores\SportTrack-v1.Controladores.csproj]
C:\Users\EZEQU\source\repos\SportTrack-Federaciones\SportTrack-v1.Controladores\Federaciones\UsuarioServices.cs(58,25): error CS0117: 'UsuarioDto' no contiene una definición para 'ClubId' [C:\Users\EZEQU\source\repos\SportTrack-Federaciones\SportTrack-v1.Controladores\SportTrack-v1.Controladores.csproj]
C:\Users\EZEQU\source\repos\SportTrack-Federaciones\SportTrack-v1.Controladores\Federaciones\UsuarioServices.cs(54,41): warning CS8602: Desreferencia de una referencia posiblemente NULL. [C:\Users\EZEQU\source\repos\SportTrack-Federaciones\SportTrack-v1.Controladores\SportTrack-v1.Controladores.csproj]
C:\Users\EZEQU\source\repos\SportTrack-Federaciones\SportTrack-v1.Controladores\SaaS\Dtos\ClubSaaSStatusDto.cs(40,23): warning CS8618: El elemento propiedad "Nombre" que no acepta valores NULL debe contener un valor distinto de NULL al salir del constructor. Considere la posibilidad de agregar el modificador "required'"o declarar el propiedad como un valor que acepta valores NULL. [C:\Users\EZEQU\source\repos\SportTrack-Federaciones\SportTrack-v1.Controladores\SportTrack-v1.Controladores.csproj]
C:\Users\EZEQU\source\repos\SportTrack-Federaciones\SportTrack-v1.Controladores\SaaS\Dtos\ClubSaaSStatusDto.cs(42,23): warning CS8618: El elemento propiedad "Estado" que no acepta valores NULL debe contener un valor distinto de NULL al salir del constructor. Considere la posibilidad de agregar el modificador "required'"o declarar el propiedad como un valor que acepta valores NULL. [C:\Users\EZEQU\source\repos\SportTrack-Federaciones\SportTrack-v1.Controladores\SportTrack-v1.Controladores.csproj]
C:\Users\EZEQU\source\repos\SportTrack-Federaciones\SportTrack-v1.Controladores\SaaS\Dtos\ClubSaaSStatusDto.cs(9,23): warning CS8618: El elemento propiedad "ClubNombre" que no acepta valores NULL debe contener un valor distinto de NULL al salir del constructor. Considere la posibilidad de agregar el modificador "required'"o declarar el propiedad como un valor que acepta valores NULL. [C:\Users\EZEQU\source\repos\SportTrack-Federaciones\SportTrack-v1.Controladores\SportTrack-v1.Controladores.csproj]
C:\Users\EZEQU\source\repos\SportTrack-Federaciones\SportTrack-v1.Controladores\SaaS\Dtos\ClubSaaSStatusDto.cs(16,23): warning CS8618: El elemento propiedad "PlanNombre" que no acepta valores NULL debe contener un valor distinto de NULL al salir del constructor. Considere la posibilidad de agregar el modificador "required'"o declarar el propiedad como un valor que acepta valores NULL. [C:\Users\EZEQU\source\repos\SportTrack-Federaciones\SportTrack-v1.Controladores\SportTrack-v1.Controladores.csproj]
C:\Users\EZEQU\source\repos\SportTrack-Federaciones\SportTrack-v1.Controladores\SaaS\Dtos\ClubSaaSStatusDto.cs(31,23): warning CS8618: El elemento propiedad "FrecuenciaPago" que no acepta valores NULL debe contener un valor distinto de NULL al salir del constructor. Considere la posibilidad de agregar el modificador "required'"o declarar el propiedad como un valor que acepta valores NULL. [C:\Users\EZEQU\source\repos\SportTrack-Federaciones\SportTrack-v1.Controladores\SportTrack-v1.Controladores.csproj]
C:\Users\EZEQU\source\repos\SportTrack-Federaciones\SportTrack-v1.Controladores\Resultado\ResultadoRepository.cs(32,43): warning CS8602: Desreferencia de una referencia posiblemente NULL. [C:\Users\EZEQU\source\repos\SportTrack-Federaciones\SportTrack-v1.Controladores\SportTrack-v1.Controladores.csproj]
C:\Users\EZEQU\source\repos\SportTrack-Federaciones\SportTrack-v1.Controladores\Resultado\ResultadoRepository.cs(45,43): warning CS8602: Desreferencia de una referencia posiblemente NULL. [C:\Users\EZEQU\source\repos\SportTrack-Federaciones\SportTrack-v1.Controladores\SportTrack-v1.Controladores.csproj]
C:\Users\EZEQU\source\repos\SportTrack-Federaciones\SportTrack-v1.Controladores\Federaciones\UsuarioServices.cs(81,25): error CS0117: 'UsuarioDetailDto' no contiene una definición para 'Activo' [C:\Users\EZEQU\source\repos\SportTrack-Federaciones\SportTrack-v1.Controladores\SportTrack-v1.Controladores.csproj]
C:\Users\EZEQU\source\repos\SportTrack-Federaciones\SportTrack-v1.Controladores\Federaciones\UsuarioServices.cs(83,25): error CS1912: Inicialización del miembro 'FechaCreacion' duplicada [C:\Users\EZEQU\source\repos\SportTrack-Federaciones\SportTrack-v1.Controladores\SportTrack-v1.Controladores.csproj]
C:\Users\EZEQU\source\repos\SportTrack-Federaciones\SportTrack-v1.Controladores\Federaciones\UsuarioServices.cs(86,29): error CS0117: 'PersonaDto' no contiene una definición para 'Id' [C:\Users\EZEQU\source\repos\SportTrack-Federaciones\SportTrack-v1.Controladores\SportTrack-v1.Controladores.csproj]
C:\Users\EZEQU\source\repos\SportTrack-Federaciones\SportTrack-v1.Controladores\Federaciones\UsuarioServices.cs(86,34): warning CS8602: Desreferencia de una referencia posiblemente NULL. [C:\Users\EZEQU\source\repos\SportTrack-Federaciones\SportTrack-v1.Controladores\SportTrack-v1.Controladores.csproj]
C:\Users\EZEQU\source\repos\SportTrack-Federaciones\SportTrack-v1.Controladores\Federaciones\UsuarioServices.cs(89,41): warning CS8601: Posible asignación de referencia nula. [C:\Users\EZEQU\source\repos\SportTrack-Federaciones\SportTrack-v1.Controladores\SportTrack-v1.Controladores.csproj]
C:\Users\EZEQU\source\repos\SportTrack-Federaciones\SportTrack-v1.Controladores\Federaciones\UsuarioServices.cs(93,41): warning CS8601: Posible asignación de referencia nula. [C:\Users\EZEQU\source\repos\SportTrack-Federaciones\SportTrack-v1.Controladores\SportTrack-v1.Controladores.csproj]
C:\Users\EZEQU\source\repos\SportTrack-Federaciones\SportTrack-v1.Controladores\Federaciones\UsuarioServices.cs(122,25): error CS0117: 'UsuarioDto' no contiene una definición para 'Activo' [C:\Users\EZEQU\source\repos\SportTrack-Federaciones\SportTrack-v1.Controladores\SportTrack-v1.Controladores.csproj]
C:\Users\EZEQU\source\repos\SportTrack-Federaciones\SportTrack-v1.Controladores\Federaciones\UsuarioServices.cs(124,25): error CS1912: Inicialización del miembro 'FechaCreacion' duplicada [C:\Users\EZEQU\source\repos\SportTrack-Federaciones\SportTrack-v1.Controladores\SportTrack-v1.Controladores.csproj]
C:\Users\EZEQU\source\repos\SportTrack-Federaciones\SportTrack-v1.Controladores\Federaciones\UsuarioServices.cs(125,41): warning CS8602: Desreferencia de una referencia posiblemente NULL. [C:\Users\EZEQU\source\repos\SportTrack-Federaciones\SportTrack-v1.Controladores\SportTrack-v1.Controladores.csproj]
C:\Users\EZEQU\source\repos\SportTrack-Federaciones\SportTrack-v1.Controladores\Federaciones\UsuarioServices.cs(148,105): error CS1061: "UsuarioCreateDto" no contiene una definición para "Id" ni un método de extensión accesible "Id" que acepte un primer argumento del tipo "UsuarioCreateDto" (¿falta alguna directiva using o una referencia de ensamblado?) [C:\Users\EZEQU\source\repos\SportTrack-Federaciones\SportTrack-v1.Controladores\SportTrack-v1.Controladores.csproj]
C:\Users\EZEQU\source\repos\SportTrack-Federaciones\SportTrack-v1.Controladores\Federaciones\UsuarioServices.cs(176,21): error CS0117: 'Usuario' no contiene una definición para 'EstaActivo' [C:\Users\EZEQU\source\repos\SportTrack-Federaciones\SportTrack-v1.Controladores\SportTrack-v1.Controladores.csproj]
C:\Users\EZEQU\source\repos\SportTrack-Federaciones\SportTrack-v1.Controladores\Federaciones\UsuarioServices.cs(178,21): error CS0117: 'Usuario' no contiene una definición para 'UltimoAcceso' [C:\Users\EZEQU\source\repos\SportTrack-Federaciones\SportTrack-v1.Controladores\SportTrack-v1.Controladores.csproj]
C:\Users\EZEQU\source\repos\SportTrack-Federaciones\SportTrack-v1.Controladores\Federaciones\UsuarioServices.cs(179,21): error CS0117: 'Usuario' no contiene una definición para 'IdFederacion' [C:\Users\EZEQU\source\repos\SportTrack-Federaciones\SportTrack-v1.Controladores\SportTrack-v1.Controladores.csproj]
C:\Users\EZEQU\source\repos\SportTrack-Federaciones\SportTrack-v1.Controladores\Federaciones\UsuarioServices.cs(180,21): error CS0117: 'Usuario' no contiene una definición para 'IdClub' [C:\Users\EZEQU\source\repos\SportTrack-Federaciones\SportTrack-v1.Controladores\SportTrack-v1.Controladores.csproj]
C:\Users\EZEQU\source\repos\SportTrack-Federaciones\SportTrack-v1.Controladores\Federaciones\UsuarioServices.cs(195,21): error CS0117: 'UsuarioDto' no contiene una definición para 'Activo' [C:\Users\EZEQU\source\repos\SportTrack-Federaciones\SportTrack-v1.Controladores\SportTrack-v1.Controladores.csproj]
C:\Users\EZEQU\source\repos\SportTrack-Federaciones\SportTrack-v1.Controladores\Federaciones\UsuarioServices.cs(197,21): error CS1912: Inicialización del miembro 'FechaCreacion' duplicada [C:\Users\EZEQU\source\repos\SportTrack-Federaciones\SportTrack-v1.Controladores\SportTrack-v1.Controladores.csproj]
C:\Users\EZEQU\source\repos\SportTrack-Federaciones\SportTrack-v1.Controladores\Federaciones\UsuarioServices.cs(198,37): warning CS8602: Desreferencia de una referencia posiblemente NULL. [C:\Users\EZEQU\source\repos\SportTrack-Federaciones\SportTrack-v1.Controladores\SportTrack-v1.Controladores.csproj]
C:\Users\EZEQU\source\repos\SportTrack-Federaciones\SportTrack-v1.Controladores\Federaciones\UsuarioServices.cs(244,21): error CS0117: 'UsuarioDto' no contiene una definición para 'Activo' [C:\Users\EZEQU\source\repos\SportTrack-Federaciones\SportTrack-v1.Controladores\SportTrack-v1.Controladores.csproj]
C:\Users\EZEQU\source\repos\SportTrack-Federaciones\SportTrack-v1.Controladores\Federaciones\UsuarioServices.cs(246,21): error CS1912: Inicialización del miembro 'FechaCreacion' duplicada [C:\Users\EZEQU\source\repos\SportTrack-Federaciones\SportTrack-v1.Controladores\SportTrack-v1.Controladores.csproj]
C:\Users\EZEQU\source\repos\SportTrack-Federaciones\SportTrack-v1.Controladores\Federaciones\UsuarioServices.cs(247,37): warning CS8602: Desreferencia de una referencia posiblemente NULL. [C:\Users\EZEQU\source\repos\SportTrack-Federaciones\SportTrack-v1.Controladores\SportTrack-v1.Controladores.csproj]
C:\Users\EZEQU\source\repos\SportTrack-Federaciones\SportTrack-v1.Controladores\Federaciones\UsuarioServices.cs(282,55): error CS1061: "UsuarioUpdateDto" no contiene una definición para "Activo" ni un método de extensión accesible "Activo" que acepte un primer argumento del tipo "UsuarioUpdateDto" (¿falta alguna directiva using o una referencia de ensamblado?) [C:\Users\EZEQU\source\repos\SportTrack-Federaciones\SportTrack-v1.Controladores\SportTrack-v1.Controladores.csproj]
C:\Users\EZEQU\source\repos\SportTrack-Federaciones\SportTrack-v1.Controladores\Federaciones\AtletaServices.cs(60,25): error CS0117: 'AtletaDetailDto' no contiene una definición para 'IdParticipante' [C:\Users\EZEQU\source\repos\SportTrack-Federaciones\SportTrack-v1.Controladores\SportTrack-v1.Controladores.csproj]
C:\Users\EZEQU\source\repos\SportTrack-Federaciones\SportTrack-v1.Controladores\Federaciones\AtletaServices.cs(73,29): error CS0117: 'PersonaDto' no contiene una definición para 'Id' [C:\Users\EZEQU\source\repos\SportTrack-Federaciones\SportTrack-v1.Controladores\SportTrack-v1.Controladores.csproj]
C:\Users\EZEQU\source\repos\SportTrack-Federaciones\SportTrack-v1.Controladores\Federaciones\AtletaServices.cs(84,29): error CS0117: 'ClubDto' no contiene una definición para 'Id' [C:\Users\EZEQU\source\repos\SportTrack-Federaciones\SportTrack-v1.Controladores\SportTrack-v1.Controladores.csproj]
C:\Users\EZEQU\source\repos\SportTrack-Federaciones\SportTrack-v1.Controladores\Federaciones\AtletaServices.cs(86,29): error CS0117: 'ClubDto' no contiene una definición para 'Sigla' [C:\Users\EZEQU\source\repos\SportTrack-Federaciones\SportTrack-v1.Controladores\SportTrack-v1.Controladores.csproj]
C:\Users\EZEQU\source\repos\SportTrack-Federaciones\SportTrack-v1.Controladores\Federaciones\AtletaServices.cs(90,29): error CS0117: 'InscripcionDto' no contiene una definición para 'Id' [C:\Users\EZEQU\source\repos\SportTrack-Federaciones\SportTrack-v1.Controladores\SportTrack-v1.Controladores.csproj]
C:\Users\EZEQU\source\repos\SportTrack-Federaciones\SportTrack-v1.Controladores\Federaciones\AtletaServices.cs(96,29): error CS0117: 'AtletaTutorDto' no contiene una definición para 'IdParticipante' [C:\Users\EZEQU\source\repos\SportTrack-Federaciones\SportTrack-v1.Controladores\SportTrack-v1.Controladores.csproj]
C:\Users\EZEQU\source\repos\SportTrack-Federaciones\SportTrack-v1.Controladores\Federaciones\AtletaServices.cs(96,49): error CS1061: "AtletaTutor" no contiene una definición para "IdParticipante" ni un método de extensión accesible "IdParticipante" que acepte un primer argumento del tipo "AtletaTutor" (¿falta alguna directiva using o una referencia de ensamblado?) [C:\Users\EZEQU\source\repos\SportTrack-Federaciones\SportTrack-v1.Controladores\SportTrack-v1.Controladores.csproj]
C:\Users\EZEQU\source\repos\SportTrack-Federaciones\SportTrack-v1.Controladores\Federaciones\AtletaServices.cs(76,41): warning CS8601: Posible asignación de referencia nula. [C:\Users\EZEQU\source\repos\SportTrack-Federaciones\SportTrack-v1.Controladores\SportTrack-v1.Controladores.csproj]
C:\Users\EZEQU\source\repos\SportTrack-Federaciones\SportTrack-v1.Controladores\Federaciones\AtletaServices.cs(80,41): warning CS8601: Posible asignación de referencia nula. [C:\Users\EZEQU\source\repos\SportTrack-Federaciones\SportTrack-v1.Controladores\SportTrack-v1.Controladores.csproj]
C:\Users\EZEQU\source\repos\SportTrack-Federaciones\SportTrack-v1.Controladores\Federaciones\AtletaServices.cs(106,30): warning CS0168: La variable 'ex' se ha declarado pero nunca se usa [C:\Users\EZEQU\source\repos\SportTrack-Federaciones\SportTrack-v1.Controladores\SportTrack-v1.Controladores.csproj]
C:\Users\EZEQU\source\repos\SportTrack-Federaciones\SportTrack-v1.Controladores\Federaciones\AtletaTutorServices.cs(37,25): error CS0117: 'AtletaTutorDto' no contiene una definición para 'IdParticipante' [C:\Users\EZEQU\source\repos\SportTrack-Federaciones\SportTrack-v1.Controladores\SportTrack-v1.Controladores.csproj]
C:\Users\EZEQU\source\repos\SportTrack-Federaciones\SportTrack-v1.Controladores\Federaciones\AtletaTutorServices.cs(37,45): error CS1061: "AtletaTutor" no contiene una definición para "IdParticipante" ni un método de extensión accesible "IdParticipante" que acepte un primer argumento del tipo "AtletaTutor" (¿falta alguna directiva using o una referencia de ensamblado?) [C:\Users\EZEQU\source\repos\SportTrack-Federaciones\SportTrack-v1.Controladores\SportTrack-v1.Controladores.csproj]
C:\Users\EZEQU\source\repos\SportTrack-Federaciones\SportTrack-v1.Controladores\Federaciones\AtletaTutorServices.cs(42,38): warning CS8602: Desreferencia de una referencia posiblemente NULL. [C:\Users\EZEQU\source\repos\SportTrack-Federaciones\SportTrack-v1.Controladores\SportTrack-v1.Controladores.csproj]
C:\Users\EZEQU\source\repos\SportTrack-Federaciones\SportTrack-v1.Controladores\Federaciones\AtletaTutorServices.cs(48,30): warning CS0168: La variable 'ex' se ha declarado pero nunca se usa [C:\Users\EZEQU\source\repos\SportTrack-Federaciones\SportTrack-v1.Controladores\SportTrack-v1.Controladores.csproj]
C:\Users\EZEQU\source\repos\SportTrack-Federaciones\SportTrack-v1.Controladores\Categoria\CategoriaService.cs(85,24): warning CS1998: This async method lacks 'await' operators and will run synchronously. Consider using the 'await' operator to await non-blocking API calls, or 'await Task.Run(...)' to do CPU-bound work on a background thread. [C:\Users\EZEQU\source\repos\SportTrack-Federaciones\SportTrack-v1.Controladores\SportTrack-v1.Controladores.csproj]
C:\Users\EZEQU\source\repos\SportTrack-Federaciones\SportTrack-v1.Controladores\Auth\AuthService.cs(35,39): warning CS8602: Desreferencia de una referencia posiblemente NULL. [C:\Users\EZEQU\source\repos\SportTrack-Federaciones\SportTrack-v1.Controladores\SportTrack-v1.Controladores.csproj]
C:\Users\EZEQU\source\repos\SportTrack-Federaciones\SportTrack-v1.Controladores\Auth\AuthService.cs(37,39): warning CS8602: Desreferencia de una referencia posiblemente NULL. [C:\Users\EZEQU\source\repos\SportTrack-Federaciones\SportTrack-v1.Controladores\SportTrack-v1.Controladores.csproj]
C:\Users\EZEQU\source\repos\SportTrack-Federaciones\SportTrack-v1.Controladores\Auth\AuthService.cs(39,39): warning CS8602: Desreferencia de una referencia posiblemente NULL. [C:\Users\EZEQU\source\repos\SportTrack-Federaciones\SportTrack-v1.Controladores\SportTrack-v1.Controladores.csproj]
C:\Users\EZEQU\source\repos\SportTrack-Federaciones\SportTrack-v1.Controladores\Federaciones\ClubServices.cs(41,37): error CS1061: "Club" no contiene una definición para "AtletasFederados" ni un método de extensión accesible "AtletasFederados" que acepte un primer argumento del tipo "Club" (¿falta alguna directiva using o una referencia de ensamblado?) [C:\Users\EZEQU\source\repos\SportTrack-Federaciones\SportTrack-v1.Controladores\SportTrack-v1.Controladores.csproj]
C:\Users\EZEQU\source\repos\SportTrack-Federaciones\SportTrack-v1.Controladores\Federaciones\ClubServices.cs(66,30): warning CS0168: La variable 'ex' se ha declarado pero nunca se usa [C:\Users\EZEQU\source\repos\SportTrack-Federaciones\SportTrack-v1.Controladores\SportTrack-v1.Controladores.csproj]
C:\Users\EZEQU\source\repos\SportTrack-Federaciones\SportTrack-v1.Controladores\Federaciones\AtletaTutorServices.cs(63,37): error CS1061: "AtletaTutor" no contiene una definición para "IdParticipante" ni un método de extensión accesible "IdParticipante" que acepte un primer argumento del tipo "AtletaTutor" (¿falta alguna directiva using o una referencia de ensamblado?) [C:\Users\EZEQU\source\repos\SportTrack-Federaciones\SportTrack-v1.Controladores\SportTrack-v1.Controladores.csproj]
C:\Users\EZEQU\source\repos\SportTrack-Federaciones\SportTrack-v1.Controladores\Federaciones\AtletaTutorServices.cs(63,55): error CS0103: El nombre 'IdParticipante' no existe en el contexto actual [C:\Users\EZEQU\source\repos\SportTrack-Federaciones\SportTrack-v1.Controladores\SportTrack-v1.Controladores.csproj]
C:\Users\EZEQU\source\repos\SportTrack-Federaciones\SportTrack-v1.Controladores\Federaciones\AtletaTutorServices.cs(76,30): warning CS0168: La variable 'ex' se ha declarado pero nunca se usa [C:\Users\EZEQU\source\repos\SportTrack-Federaciones\SportTrack-v1.Controladores\SportTrack-v1.Controladores.csproj]
C:\Users\EZEQU\source\repos\SportTrack-Federaciones\SportTrack-v1.Controladores\Federaciones\DelegadoClubServices.cs(37,25): error CS0117: 'DelegadoClubDto' no contiene una definición para 'IdParticipante' [C:\Users\EZEQU\source\repos\SportTrack-Federaciones\SportTrack-v1.Controladores\SportTrack-v1.Controladores.csproj]
C:\Users\EZEQU\source\repos\SportTrack-Federaciones\SportTrack-v1.Controladores\Federaciones\DelegadoClubServices.cs(39,25): error CS0117: 'DelegadoClubDto' no contiene una definición para 'FederacionId' [C:\Users\EZEQU\source\repos\SportTrack-Federaciones\SportTrack-v1.Controladores\SportTrack-v1.Controladores.csproj]
C:\Users\EZEQU\source\repos\SportTrack-Federaciones\SportTrack-v1.Controladores\Federaciones\DelegadoClubServices.cs(44,38): warning CS8602: Desreferencia de una referencia posiblemente NULL. [C:\Users\EZEQU\source\repos\SportTrack-Federaciones\SportTrack-v1.Controladores\SportTrack-v1.Controladores.csproj]
C:\Users\EZEQU\source\repos\SportTrack-Federaciones\SportTrack-v1.Controladores\Federaciones\AtletaServices.cs(159,25): error CS0117: 'AtletaListDto' no contiene una definición para 'IdParticipante' [C:\Users\EZEQU\source\repos\SportTrack-Federaciones\SportTrack-v1.Controladores\SportTrack-v1.Controladores.csproj]
C:\Users\EZEQU\source\repos\SportTrack-Federaciones\SportTrack-v1.Controladores\Federaciones\AtletaServices.cs(146,25): warning CS8602: Desreferencia de una referencia posiblemente NULL. [C:\Users\EZEQU\source\repos\SportTrack-Federaciones\SportTrack-v1.Controladores\SportTrack-v1.Controladores.csproj]
C:\Users\EZEQU\source\repos\SportTrack-Federaciones\SportTrack-v1.Controladores\Federaciones\AtletaServices.cs(191,30): warning CS0168: La variable 'ex' se ha declarado pero nunca se usa [C:\Users\EZEQU\source\repos\SportTrack-Federaciones\SportTrack-v1.Controladores\SportTrack-v1.Controladores.csproj]
C:\Users\EZEQU\source\repos\SportTrack-Federaciones\SportTrack-v1.Controladores\Federaciones\TutorServices.cs(33,25): error CS0117: 'TutorDto' no contiene una definición para 'IdParticipante' [C:\Users\EZEQU\source\repos\SportTrack-Federaciones\SportTrack-v1.Controladores\SportTrack-v1.Controladores.csproj]
C:\Users\EZEQU\source\repos\SportTrack-Federaciones\SportTrack-v1.Controladores\Federaciones\AtletaTutorServices.cs(96,25): error CS0117: 'AtletaTutorDto' no contiene una definición para 'IdParticipante' [C:\Users\EZEQU\source\repos\SportTrack-Federaciones\SportTrack-v1.Controladores\SportTrack-v1.Controladores.csproj]
C:\Users\EZEQU\source\repos\SportTrack-Federaciones\SportTrack-v1.Controladores\Federaciones\AtletaTutorServices.cs(96,45): error CS1061: "AtletaTutor" no contiene una definición para "IdParticipante" ni un método de extensión accesible "IdParticipante" que acepte un primer argumento del tipo "AtletaTutor" (¿falta alguna directiva using o una referencia de ensamblado?) [C:\Users\EZEQU\source\repos\SportTrack-Federaciones\SportTrack-v1.Controladores\SportTrack-v1.Controladores.csproj]
C:\Users\EZEQU\source\repos\SportTrack-Federaciones\SportTrack-v1.Controladores\Federaciones\AtletaTutorServices.cs(101,38): warning CS8602: Desreferencia de una referencia posiblemente NULL. [C:\Users\EZEQU\source\repos\SportTrack-Federaciones\SportTrack-v1.Controladores\SportTrack-v1.Controladores.csproj]
C:\Users\EZEQU\source\repos\SportTrack-Federaciones\SportTrack-v1.Controladores\Federaciones\AtletaTutorServices.cs(107,30): warning CS0168: La variable 'ex' se ha declarado pero nunca se usa [C:\Users\EZEQU\source\repos\SportTrack-Federaciones\SportTrack-v1.Controladores\SportTrack-v1.Controladores.csproj]
C:\Users\EZEQU\source\repos\SportTrack-Federaciones\SportTrack-v1.Controladores\Federaciones\DelegadoClubServices.cs(71,25): error CS0117: 'DelegadoClubDetailDto' no contiene una definición para 'IdParticipante' [C:\Users\EZEQU\source\repos\SportTrack-Federaciones\SportTrack-v1.Controladores\SportTrack-v1.Controladores.csproj]
C:\Users\EZEQU\source\repos\SportTrack-Federaciones\SportTrack-v1.Controladores\Federaciones\DelegadoClubServices.cs(73,25): error CS0117: 'DelegadoClubDetailDto' no contiene una definición para 'FederacionId' [C:\Users\EZEQU\source\repos\SportTrack-Federaciones\SportTrack-v1.Controladores\SportTrack-v1.Controladores.csproj]
C:\Users\EZEQU\source\repos\SportTrack-Federaciones\SportTrack-v1.Controladores\Federaciones\DelegadoClubServices.cs(77,29): error CS0117: 'PersonaDto' no contiene una definición para 'Id' [C:\Users\EZEQU\source\repos\SportTrack-Federaciones\SportTrack-v1.Controladores\SportTrack-v1.Controladores.csproj]
C:\Users\EZEQU\source\repos\SportTrack-Federaciones\SportTrack-v1.Controladores\Federaciones\DelegadoClubServices.cs(93,29): error CS0117: 'FederacionDto' no contiene una definición para 'Id' [C:\Users\EZEQU\source\repos\SportTrack-Federaciones\SportTrack-v1.Controladores\SportTrack-v1.Controladores.csproj]
C:\Users\EZEQU\source\repos\SportTrack-Federaciones\SportTrack-v1.Controladores\Federaciones\DelegadoClubServices.cs(101,29): error CS0117: 'ClubDto' no contiene una definición para 'Id' [C:\Users\EZEQU\source\repos\SportTrack-Federaciones\SportTrack-v1.Controladores\SportTrack-v1.Controladores.csproj]
C:\Users\EZEQU\source\repos\SportTrack-Federaciones\SportTrack-v1.Controladores\Federaciones\DelegadoClubServices.cs(105,29): error CS0117: 'ClubDto' no contiene una definición para 'Sigla' [C:\Users\EZEQU\source\repos\SportTrack-Federaciones\SportTrack-v1.Controladores\SportTrack-v1.Controladores.csproj]
C:\Users\EZEQU\source\repos\SportTrack-Federaciones\SportTrack-v1.Controladores\Federaciones\DelegadoClubServices.cs(80,41): warning CS8601: Posible asignación de referencia nula. [C:\Users\EZEQU\source\repos\SportTrack-Federaciones\SportTrack-v1.Controladores\SportTrack-v1.Controladores.csproj]
C:\Users\EZEQU\source\repos\SportTrack-Federaciones\SportTrack-v1.Controladores\Federaciones\DelegadoClubServices.cs(84,41): warning CS8601: Posible asignación de referencia nula. [C:\Users\EZEQU\source\repos\SportTrack-Federaciones\SportTrack-v1.Controladores\SportTrack-v1.Controladores.csproj]
C:\Users\EZEQU\source\repos\SportTrack-Federaciones\SportTrack-v1.Controladores\Federaciones\DelegadoClubServices.cs(103,41): warning CS8601: Posible asignación de referencia nula. [C:\Users\EZEQU\source\repos\SportTrack-Federaciones\SportTrack-v1.Controladores\SportTrack-v1.Controladores.csproj]
C:\Users\EZEQU\source\repos\SportTrack-Federaciones\SportTrack-v1.Controladores\Federaciones\DelegadoClubServices.cs(104,40): warning CS8601: Posible asignación de referencia nula. [C:\Users\EZEQU\source\repos\SportTrack-Federaciones\SportTrack-v1.Controladores\SportTrack-v1.Controladores.csproj]
C:\Users\EZEQU\source\repos\SportTrack-Federaciones\SportTrack-v1.Controladores\Federaciones\TutorServices.cs(66,25): error CS0117: 'TutorDetailDto' no contiene una definición para 'IdParticipante' [C:\Users\EZEQU\source\repos\SportTrack-Federaciones\SportTrack-v1.Controladores\SportTrack-v1.Controladores.csproj]
C:\Users\EZEQU\source\repos\SportTrack-Federaciones\SportTrack-v1.Controladores\Federaciones\TutorServices.cs(70,29): error CS0117: 'PersonaDto' no contiene una definición para 'Id' [C:\Users\EZEQU\source\repos\SportTrack-Federaciones\SportTrack-v1.Controladores\SportTrack-v1.Controladores.csproj]
C:\Users\EZEQU\source\repos\SportTrack-Federaciones\SportTrack-v1.Controladores\Federaciones\TutorServices.cs(81,29): error CS0117: 'AtletaTutorDto' no contiene una definición para 'IdParticipante' [C:\Users\EZEQU\source\repos\SportTrack-Federaciones\SportTrack-v1.Controladores\SportTrack-v1.Controladores.csproj]
C:\Users\EZEQU\source\repos\SportTrack-Federaciones\SportTrack-v1.Controladores\Federaciones\TutorServices.cs(81,49): error CS1061: "AtletaTutor" no contiene una definición para "IdParticipante" ni un método de extensión accesible "IdParticipante" que acepte un primer argumento del tipo "AtletaTutor" (¿falta alguna directiva using o una referencia de ensamblado?) [C:\Users\EZEQU\source\repos\SportTrack-Federaciones\SportTrack-v1.Controladores\SportTrack-v1.Controladores.csproj]
C:\Users\EZEQU\source\repos\SportTrack-Federaciones\SportTrack-v1.Controladores\Federaciones\TutorServices.cs(73,41): warning CS8601: Posible asignación de referencia nula. [C:\Users\EZEQU\source\repos\SportTrack-Federaciones\SportTrack-v1.Controladores\SportTrack-v1.Controladores.csproj]
C:\Users\EZEQU\source\repos\SportTrack-Federaciones\SportTrack-v1.Controladores\Federaciones\TutorServices.cs(77,41): warning CS8601: Posible asignación de referencia nula. [C:\Users\EZEQU\source\repos\SportTrack-Federaciones\SportTrack-v1.Controladores\SportTrack-v1.Controladores.csproj]
C:\Users\EZEQU\source\repos\SportTrack-Federaciones\SportTrack-v1.Controladores\Federaciones\TutorServices.cs(85,42): warning CS8602: Desreferencia de una referencia posiblemente NULL. [C:\Users\EZEQU\source\repos\SportTrack-Federaciones\SportTrack-v1.Controladores\SportTrack-v1.Controladores.csproj]
C:\Users\EZEQU\source\repos\SportTrack-Federaciones\SportTrack-v1.Controladores\Federaciones\DelegadoClubServices.cs(135,25): error CS0117: 'DelegadoClubDto' no contiene una definición para 'IdParticipante' [C:\Users\EZEQU\source\repos\SportTrack-Federaciones\SportTrack-v1.Controladores\SportTrack-v1.Controladores.csproj]
C:\Users\EZEQU\source\repos\SportTrack-Federaciones\SportTrack-v1.Controladores\Federaciones\DelegadoClubServices.cs(137,25): error CS0117: 'DelegadoClubDto' no contiene una definición para 'FederacionId' [C:\Users\EZEQU\source\repos\SportTrack-Federaciones\SportTrack-v1.Controladores\SportTrack-v1.Controladores.csproj]
C:\Users\EZEQU\source\repos\SportTrack-Federaciones\SportTrack-v1.Controladores\Federaciones\DelegadoClubServices.cs(142,38): warning CS8602: Desreferencia de una referencia posiblemente NULL. [C:\Users\EZEQU\source\repos\SportTrack-Federaciones\SportTrack-v1.Controladores\SportTrack-v1.Controladores.csproj]
C:\Users\EZEQU\source\repos\SportTrack-Federaciones\SportTrack-v1.Controladores\Federaciones\AtletaTutorServices.cs(124,37): error CS1061: "AtletaTutor" no contiene una definición para "IdParticipante" ni un método de extensión accesible "IdParticipante" que acepte un primer argumento del tipo "AtletaTutor" (¿falta alguna directiva using o una referencia de ensamblado?) [C:\Users\EZEQU\source\repos\SportTrack-Federaciones\SportTrack-v1.Controladores\SportTrack-v1.Controladores.csproj]
C:\Users\EZEQU\source\repos\SportTrack-Federaciones\SportTrack-v1.Controladores\Federaciones\AtletaTutorServices.cs(124,55): error CS0103: El nombre 'IdParticipante' no existe en el contexto actual [C:\Users\EZEQU\source\repos\SportTrack-Federaciones\SportTrack-v1.Controladores\SportTrack-v1.Controladores.csproj]
C:\Users\EZEQU\source\repos\SportTrack-Federaciones\SportTrack-v1.Controladores\Federaciones\AtletaTutorServices.cs(156,30): warning CS0168: La variable 'ex' se ha declarado pero nunca se usa [C:\Users\EZEQU\source\repos\SportTrack-Federaciones\SportTrack-v1.Controladores\SportTrack-v1.Controladores.csproj]
C:\Users\EZEQU\source\repos\SportTrack-Federaciones\SportTrack-v1.Controladores\Federaciones\TutorServices.cs(113,25): error CS0117: 'TutorDto' no contiene una definición para 'IdParticipante' [C:\Users\EZEQU\source\repos\SportTrack-Federaciones\SportTrack-v1.Controladores\SportTrack-v1.Controladores.csproj]
C:\Users\EZEQU\source\repos\SportTrack-Federaciones\SportTrack-v1.Controladores\Federaciones\ClubServices.cs(77,37): error CS1061: "Club" no contiene una definición para "AtletasFederados" ni un método de extensión accesible "AtletasFederados" que acepte un primer argumento del tipo "Club" (¿falta alguna directiva using o una referencia de ensamblado?) [C:\Users\EZEQU\source\repos\SportTrack-Federaciones\SportTrack-v1.Controladores\SportTrack-v1.Controladores.csproj]
C:\Users\EZEQU\source\repos\SportTrack-Federaciones\SportTrack-v1.Controladores\Federaciones\ClubServices.cs(161,25): error CS0117: 'AtletaDto' no contiene una definición para 'IdParticipante' [C:\Users\EZEQU\source\repos\SportTrack-Federaciones\SportTrack-v1.Controladores\SportTrack-v1.Controladores.csproj]
C:\Users\EZEQU\source\repos\SportTrack-Federaciones\SportTrack-v1.Controladores\Federaciones\TutorServices.cs(141,25): error CS0117: 'TutorDto' no contiene una definición para 'IdParticipante' [C:\Users\EZEQU\source\repos\SportTrack-Federaciones\SportTrack-v1.Controladores\SportTrack-v1.Controladores.csproj]
C:\Users\EZEQU\source\repos\SportTrack-Federaciones\SportTrack-v1.Controladores\Federaciones\DelegadoClubServices.cs(161,82): error CS1061: "Participante" no contiene una definición para "ParticipanteId" ni un método de extensión accesible "ParticipanteId" que acepte un primer argumento del tipo "Participante" (¿falta alguna directiva using o una referencia de ensamblado?) [C:\Users\EZEQU\source\repos\SportTrack-Federaciones\SportTrack-v1.Controladores\SportTrack-v1.Controladores.csproj]
C:\Users\EZEQU\source\repos\SportTrack-Federaciones\SportTrack-v1.Controladores\Federaciones\DelegadoClubServices.cs(175,88): error CS1061: "Federacion" no contiene una definición para "ParticipanteId" ni un método de extensión accesible "ParticipanteId" que acepte un primer argumento del tipo "Federacion" (¿falta alguna directiva using o una referencia de ensamblado?) [C:\Users\EZEQU\source\repos\SportTrack-Federaciones\SportTrack-v1.Controladores\SportTrack-v1.Controladores.csproj]
C:\Users\EZEQU\source\repos\SportTrack-Federaciones\SportTrack-v1.Controladores\Federaciones\DelegadoClubServices.cs(184,76): error CS1061: "Club" no contiene una definición para "ParticipanteId" ni un método de extensión accesible "ParticipanteId" que acepte un primer argumento del tipo "Club" (¿falta alguna directiva using o una referencia de ensamblado?) [C:\Users\EZEQU\source\repos\SportTrack-Federaciones\SportTrack-v1.Controladores\SportTrack-v1.Controladores.csproj]
C:\Users\EZEQU\source\repos\SportTrack-Federaciones\SportTrack-v1.Controladores\Federaciones\DelegadoClubServices.cs(191,123): error CS1061: "DelegadoClubCreateDto" no contiene una definición para "IdParticipante" ni un método de extensión accesible "IdParticipante" que acepte un primer argumento del tipo "DelegadoClubCreateDto" (¿falta alguna directiva using o una referencia de ensamblado?) [C:\Users\EZEQU\source\repos\SportTrack-Federaciones\SportTrack-v1.Controladores\SportTrack-v1.Controladores.csproj]
C:\Users\EZEQU\source\repos\SportTrack-Federaciones\SportTrack-v1.Controladores\Federaciones\DelegadoClubServices.cs(199,21): error CS0117: 'DelegadoClub' no contiene una definición para 'ParticipanteId' [C:\Users\EZEQU\source\repos\SportTrack-Federaciones\SportTrack-v1.Controladores\SportTrack-v1.Controladores.csproj]
C:\Users\EZEQU\source\repos\SportTrack-Federaciones\SportTrack-v1.Controladores\Federaciones\DelegadoClubServices.cs(201,21): error CS0117: 'DelegadoClub' no contiene una definición para 'IdFederacion' [C:\Users\EZEQU\source\repos\SportTrack-Federaciones\SportTrack-v1.Controladores\SportTrack-v1.Controladores.csproj]
C:\Users\EZEQU\source\repos\SportTrack-Federaciones\SportTrack-v1.Controladores\Federaciones\DelegadoClubServices.cs(223,21): error CS0117: 'DelegadoClubDto' no contiene una definición para 'IdParticipante' [C:\Users\EZEQU\source\repos\SportTrack-Federaciones\SportTrack-v1.Controladores\SportTrack-v1.Controladores.csproj]
C:\Users\EZEQU\source\repos\SportTrack-Federaciones\SportTrack-v1.Controladores\Federaciones\DelegadoClubServices.cs(225,21): error CS0117: 'DelegadoClubDto' no contiene una definición para 'FederacionId' [C:\Users\EZEQU\source\repos\SportTrack-Federaciones\SportTrack-v1.Controladores\SportTrack-v1.Controladores.csproj]
C:\Users\EZEQU\source\repos\SportTrack-Federaciones\SportTrack-v1.Controladores\Federaciones\DelegadoClubServices.cs(175,106): warning CS8629: Un tipo que acepta valores NULL puede ser nulo. [C:\Users\EZEQU\source\repos\SportTrack-Federaciones\SportTrack-v1.Controladores\SportTrack-v1.Controladores.csproj]
C:\Users\EZEQU\source\repos\SportTrack-Federaciones\SportTrack-v1.Controladores\Federaciones\DelegadoClubServices.cs(184,94): warning CS8629: Un tipo que acepta valores NULL puede ser nulo. [C:\Users\EZEQU\source\repos\SportTrack-Federaciones\SportTrack-v1.Controladores\SportTrack-v1.Controladores.csproj]
C:\Users\EZEQU\source\repos\SportTrack-Federaciones\SportTrack-v1.Controladores\Federaciones\AtletaTutorServices.cs(166,123): error CS1061: "AtletaTutorCreateDto" no contiene una definición para "IdParticipante" ni un método de extensión accesible "IdParticipante" que acepte un primer argumento del tipo "AtletaTutorCreateDto" (¿falta alguna directiva using o una referencia de ensamblado?) [C:\Users\EZEQU\source\repos\SportTrack-Federaciones\SportTrack-v1.Controladores\SportTrack-v1.Controladores.csproj]
C:\Users\EZEQU\source\repos\SportTrack-Federaciones\SportTrack-v1.Controladores\Federaciones\AtletaTutorServices.cs(179,40): error CS1061: "AtletaTutor" no contiene una definición para "IdParticipante" ni un método de extensión accesible "IdParticipante" que acepte un primer argumento del tipo "AtletaTutor" (¿falta alguna directiva using o una referencia de ensamblado?) [C:\Users\EZEQU\source\repos\SportTrack-Federaciones\SportTrack-v1.Controladores\SportTrack-v1.Controladores.csproj]
C:\Users\EZEQU\source\repos\SportTrack-Federaciones\SportTrack-v1.Controladores\Federaciones\AtletaTutorServices.cs(179,79): error CS1061: "AtletaTutorCreateDto" no contiene una definición para "IdParticipante" ni un método de extensión accesible "IdParticipante" que acepte un primer argumento del tipo "AtletaTutorCreateDto" (¿falta alguna directiva using o una referencia de ensamblado?) [C:\Users\EZEQU\source\repos\SportTrack-Federaciones\SportTrack-v1.Controladores\SportTrack-v1.Controladores.csproj]
C:\Users\EZEQU\source\repos\SportTrack-Federaciones\SportTrack-v1.Controladores\Federaciones\AtletaTutorServices.cs(188,21): error CS0117: 'AtletaTutor' no contiene una definición para 'ParticipanteId' [C:\Users\EZEQU\source\repos\SportTrack-Federaciones\SportTrack-v1.Controladores\SportTrack-v1.Controladores.csproj]
C:\Users\EZEQU\source\repos\SportTrack-Federaciones\SportTrack-v1.Controladores\Federaciones\AtletaTutorServices.cs(214,21): error CS0117: 'AtletaTutorDto' no contiene una definición para 'IdParticipante' [C:\Users\EZEQU\source\repos\SportTrack-Federaciones\SportTrack-v1.Controladores\SportTrack-v1.Controladores.csproj]
C:\Users\EZEQU\source\repos\SportTrack-Federaciones\SportTrack-v1.Controladores\Federaciones\AtletaTutorServices.cs(214,50): error CS1061: "AtletaTutor" no contiene una definición para "IdParticipante" ni un método de extensión accesible "IdParticipante" que acepte un primer argumento del tipo "AtletaTutor" (¿falta alguna directiva using o una referencia de ensamblado?) [C:\Users\EZEQU\source\repos\SportTrack-Federaciones\SportTrack-v1.Controladores\SportTrack-v1.Controladores.csproj]
C:\Users\EZEQU\source\repos\SportTrack-Federaciones\SportTrack-v1.Controladores\Federaciones\AtletaTutorServices.cs(219,34): warning CS8602: Desreferencia de una referencia posiblemente NULL. [C:\Users\EZEQU\source\repos\SportTrack-Federaciones\SportTrack-v1.Controladores\SportTrack-v1.Controladores.csproj]
C:\Users\EZEQU\source\repos\SportTrack-Federaciones\SportTrack-v1.Controladores\Federaciones\AtletaTutorServices.cs(228,38): warning CS0168: La variable 'dbEx' se ha declarado pero nunca se usa [C:\Users\EZEQU\source\repos\SportTrack-Federaciones\SportTrack-v1.Controladores\SportTrack-v1.Controladores.csproj]
C:\Users\EZEQU\source\repos\SportTrack-Federaciones\SportTrack-v1.Controladores\Federaciones\AtletaTutorServices.cs(232,30): warning CS0168: La variable 'ex' se ha declarado pero nunca se usa [C:\Users\EZEQU\source\repos\SportTrack-Federaciones\SportTrack-v1.Controladores\SportTrack-v1.Controladores.csproj]
C:\Users\EZEQU\source\repos\SportTrack-Federaciones\SportTrack-v1.Controladores\Federaciones\TutorServices.cs(177,25): error CS0117: 'TutorDto' no contiene una definición para 'IdParticipante' [C:\Users\EZEQU\source\repos\SportTrack-Federaciones\SportTrack-v1.Controladores\SportTrack-v1.Controladores.csproj]
C:\Users\EZEQU\source\repos\SportTrack-Federaciones\SportTrack-v1.Controladores\Federaciones\TutorServices.cs(173,32): warning CS8602: Desreferencia de una referencia posiblemente NULL. [C:\Users\EZEQU\source\repos\SportTrack-Federaciones\SportTrack-v1.Controladores\SportTrack-v1.Controladores.csproj]
C:\Users\EZEQU\source\repos\SportTrack-Federaciones\SportTrack-v1.Controladores\Federaciones\AtletaTutorServices.cs(248,51): error CS1061: "AtletaTutor" no contiene una definición para "IdParticipante" ni un método de extensión accesible "IdParticipante" que acepte un primer argumento del tipo "AtletaTutor" (¿falta alguna directiva using o una referencia de ensamblado?) [C:\Users\EZEQU\source\repos\SportTrack-Federaciones\SportTrack-v1.Controladores\SportTrack-v1.Controladores.csproj]
C:\Users\EZEQU\source\repos\SportTrack-Federaciones\SportTrack-v1.Controladores\Federaciones\AtletaTutorServices.cs(248,69): error CS0103: El nombre 'IdParticipante' no existe en el contexto actual [C:\Users\EZEQU\source\repos\SportTrack-Federaciones\SportTrack-v1.Controladores\SportTrack-v1.Controladores.csproj]
C:\Users\EZEQU\source\repos\SportTrack-Federaciones\SportTrack-v1.Controladores\Federaciones\AtletaTutorServices.cs(272,30): warning CS0168: La variable 'ex' se ha declarado pero nunca se usa [C:\Users\EZEQU\source\repos\SportTrack-Federaciones\SportTrack-v1.Controladores\SportTrack-v1.Controladores.csproj]
C:\Users\EZEQU\source\repos\SportTrack-Federaciones\SportTrack-v1.Controladores\Federaciones\ClubServices.cs(192,25): error CS0117: 'EntrenadorDto' no contiene una definición para 'IdParticipante' [C:\Users\EZEQU\source\repos\SportTrack-Federaciones\SportTrack-v1.Controladores\SportTrack-v1.Controladores.csproj]
C:\Users\EZEQU\source\repos\SportTrack-Federaciones\SportTrack-v1.Controladores\Federaciones\ClubServices.cs(195,46): warning CS8601: Posible asignación de referencia nula. [C:\Users\EZEQU\source\repos\SportTrack-Federaciones\SportTrack-v1.Controladores\SportTrack-v1.Controladores.csproj]
C:\Users\EZEQU\source\repos\SportTrack-Federaciones\SportTrack-v1.Controladores\Federaciones\EntrenadorServices.cs(47,25): error CS0117: 'EntrenadorDto' no contiene una definición para 'IdParticipante' [C:\Users\EZEQU\source\repos\SportTrack-Federaciones\SportTrack-v1.Controladores\SportTrack-v1.Controladores.csproj]
C:\Users\EZEQU\source\repos\SportTrack-Federaciones\SportTrack-v1.Controladores\Federaciones\EntrenadorServices.cs(50,46): warning CS8601: Posible asignación de referencia nula. [C:\Users\EZEQU\source\repos\SportTrack-Federaciones\SportTrack-v1.Controladores\SportTrack-v1.Controladores.csproj]
C:\Users\EZEQU\source\repos\SportTrack-Federaciones\SportTrack-v1.Controladores\Federaciones\EntrenadorServices.cs(56,38): warning CS8602: Desreferencia de una referencia posiblemente NULL. [C:\Users\EZEQU\source\repos\SportTrack-Federaciones\SportTrack-v1.Controladores\SportTrack-v1.Controladores.csproj]
C:\Users\EZEQU\source\repos\SportTrack-Federaciones\SportTrack-v1.Controladores\Federaciones\AtletaTutorServices.cs(283,51): error CS1061: "AtletaTutor" no contiene una definición para "IdParticipante" ni un método de extensión accesible "IdParticipante" que acepte un primer argumento del tipo "AtletaTutor" (¿falta alguna directiva using o una referencia de ensamblado?) [C:\Users\EZEQU\source\repos\SportTrack-Federaciones\SportTrack-v1.Controladores\SportTrack-v1.Controladores.csproj]
C:\Users\EZEQU\source\repos\SportTrack-Federaciones\SportTrack-v1.Controladores\Federaciones\AtletaTutorServices.cs(283,69): error CS0103: El nombre 'IdParticipante' no existe en el contexto actual [C:\Users\EZEQU\source\repos\SportTrack-Federaciones\SportTrack-v1.Controladores\SportTrack-v1.Controladores.csproj]
C:\Users\EZEQU\source\repos\SportTrack-Federaciones\SportTrack-v1.Controladores\Federaciones\AtletaTutorServices.cs(295,38): warning CS0168: La variable 'dbEx' se ha declarado pero nunca se usa [C:\Users\EZEQU\source\repos\SportTrack-Federaciones\SportTrack-v1.Controladores\SportTrack-v1.Controladores.csproj]
C:\Users\EZEQU\source\repos\SportTrack-Federaciones\SportTrack-v1.Controladores\Federaciones\AtletaTutorServices.cs(299,30): warning CS0168: La variable 'ex' se ha declarado pero nunca se usa [C:\Users\EZEQU\source\repos\SportTrack-Federaciones\SportTrack-v1.Controladores\SportTrack-v1.Controladores.csproj]
C:\Users\EZEQU\source\repos\SportTrack-Federaciones\SportTrack-v1.Controladores\Federaciones\AtletaServices.cs(215,25): error CS0117: 'AtletaDetailDto' no contiene una definición para 'IdParticipante' [C:\Users\EZEQU\source\repos\SportTrack-Federaciones\SportTrack-v1.Controladores\SportTrack-v1.Controladores.csproj]
C:\Users\EZEQU\source\repos\SportTrack-Federaciones\SportTrack-v1.Controladores\Federaciones\AtletaServices.cs(229,29): error CS0117: 'PersonaDto' no contiene una definición para 'Id' [C:\Users\EZEQU\source\repos\SportTrack-Federaciones\SportTrack-v1.Controladores\SportTrack-v1.Controladores.csproj]
C:\Users\EZEQU\source\repos\SportTrack-Federaciones\SportTrack-v1.Controladores\Federaciones\AtletaServices.cs(240,29): error CS0117: 'ClubDto' no contiene una definición para 'Id' [C:\Users\EZEQU\source\repos\SportTrack-Federaciones\SportTrack-v1.Controladores\SportTrack-v1.Controladores.csproj]
C:\Users\EZEQU\source\repos\SportTrack-Federaciones\SportTrack-v1.Controladores\Federaciones\AtletaServices.cs(242,29): error CS0117: 'ClubDto' no contiene una definición para 'Sigla' [C:\Users\EZEQU\source\repos\SportTrack-Federaciones\SportTrack-v1.Controladores\SportTrack-v1.Controladores.csproj]
C:\Users\EZEQU\source\repos\SportTrack-Federaciones\SportTrack-v1.Controladores\Federaciones\AtletaServices.cs(247,29): error CS0117: 'InscripcionDto' no contiene una definición para 'Id' [C:\Users\EZEQU\source\repos\SportTrack-Federaciones\SportTrack-v1.Controladores\SportTrack-v1.Controladores.csproj]
C:\Users\EZEQU\source\repos\SportTrack-Federaciones\SportTrack-v1.Controladores\Federaciones\AtletaServices.cs(253,29): error CS0117: 'AtletaTutorDto' no contiene una definición para 'IdParticipante' [C:\Users\EZEQU\source\repos\SportTrack-Federaciones\SportTrack-v1.Controladores\SportTrack-v1.Controladores.csproj]
C:\Users\EZEQU\source\repos\SportTrack-Federaciones\SportTrack-v1.Controladores\Federaciones\AtletaServices.cs(253,49): error CS1061: "AtletaTutor" no contiene una definición para "IdParticipante" ni un método de extensión accesible "IdParticipante" que acepte un primer argumento del tipo "AtletaTutor" (¿falta alguna directiva using o una referencia de ensamblado?) [C:\Users\EZEQU\source\repos\SportTrack-Federaciones\SportTrack-v1.Controladores\SportTrack-v1.Controladores.csproj]
C:\Users\EZEQU\source\repos\SportTrack-Federaciones\SportTrack-v1.Controladores\Federaciones\AtletaServices.cs(232,41): warning CS8601: Posible asignación de referencia nula. [C:\Users\EZEQU\source\repos\SportTrack-Federaciones\SportTrack-v1.Controladores\SportTrack-v1.Controladores.csproj]
C:\Users\EZEQU\source\repos\SportTrack-Federaciones\SportTrack-v1.Controladores\Federaciones\AtletaServices.cs(236,41): warning CS8601: Posible asignación de referencia nula. [C:\Users\EZEQU\source\repos\SportTrack-Federaciones\SportTrack-v1.Controladores\SportTrack-v1.Controladores.csproj]
C:\Users\EZEQU\source\repos\SportTrack-Federaciones\SportTrack-v1.Controladores\Federaciones\AtletaServices.cs(268,30): warning CS0168: La variable 'ex' se ha declarado pero nunca se usa [C:\Users\EZEQU\source\repos\SportTrack-Federaciones\SportTrack-v1.Controladores\SportTrack-v1.Controladores.csproj]
C:\Users\EZEQU\source\repos\SportTrack-Federaciones\SportTrack-v1.Controladores\Federaciones\AtletaTutorServices.cs(307,66): error CS1061: "AtletaTutor" no contiene una definición para "IdParticipante" ni un método de extensión accesible "IdParticipante" que acepte un primer argumento del tipo "AtletaTutor" (¿falta alguna directiva using o una referencia de ensamblado?) [C:\Users\EZEQU\source\repos\SportTrack-Federaciones\SportTrack-v1.Controladores\SportTrack-v1.Controladores.csproj]
C:\Users\EZEQU\source\repos\SportTrack-Federaciones\SportTrack-v1.Controladores\Federaciones\AtletaTutorServices.cs(307,84): error CS0103: El nombre 'IdParticipante' no existe en el contexto actual [C:\Users\EZEQU\source\repos\SportTrack-Federaciones\SportTrack-v1.Controladores\SportTrack-v1.Controladores.csproj]
C:\Users\EZEQU\source\repos\SportTrack-Federaciones\SportTrack-v1.Controladores\Auth\AuthService.cs(189,39): warning CS8602: Desreferencia de una referencia posiblemente NULL. [C:\Users\EZEQU\source\repos\SportTrack-Federaciones\SportTrack-v1.Controladores\SportTrack-v1.Controladores.csproj]
C:\Users\EZEQU\source\repos\SportTrack-Federaciones\SportTrack-v1.Controladores\Federaciones\ClubServices.cs(222,25): error CS0117: 'DelegadoClubDto' no contiene una definición para 'IdParticipante' [C:\Users\EZEQU\source\repos\SportTrack-Federaciones\SportTrack-v1.Controladores\SportTrack-v1.Controladores.csproj]
C:\Users\EZEQU\source\repos\SportTrack-Federaciones\SportTrack-v1.Controladores\Federaciones\ClubServices.cs(224,25): error CS0117: 'DelegadoClubDto' no contiene una definición para 'FederacionId' [C:\Users\EZEQU\source\repos\SportTrack-Federaciones\SportTrack-v1.Controladores\SportTrack-v1.Controladores.csproj]
C:\Users\EZEQU\source\repos\SportTrack-Federaciones\SportTrack-v1.Controladores\Federaciones\ClubServices.cs(225,25): error CS0117: 'DelegadoClubDto' no contiene una definición para 'Id' [C:\Users\EZEQU\source\repos\SportTrack-Federaciones\SportTrack-v1.Controladores\SportTrack-v1.Controladores.csproj]
C:\Users\EZEQU\source\repos\SportTrack-Federaciones\SportTrack-v1.Controladores\Federaciones\ClubServices.cs(219,33): warning CS8602: Desreferencia de una referencia posiblemente NULL. [C:\Users\EZEQU\source\repos\SportTrack-Federaciones\SportTrack-v1.Controladores\SportTrack-v1.Controladores.csproj]
C:\Users\EZEQU\source\repos\SportTrack-Federaciones\SportTrack-v1.Controladores\Federaciones\ClubServices.cs(225,30): warning CS8602: Desreferencia de una referencia posiblemente NULL. [C:\Users\EZEQU\source\repos\SportTrack-Federaciones\SportTrack-v1.Controladores\SportTrack-v1.Controladores.csproj]
C:\Users\EZEQU\source\repos\SportTrack-Federaciones\SportTrack-v1.Controladores\Federaciones\TutorServices.cs(216,82): error CS1061: "Participante" no contiene una definición para "ParticipanteId" ni un método de extensión accesible "ParticipanteId" que acepte un primer argumento del tipo "Participante" (¿falta alguna directiva using o una referencia de ensamblado?) [C:\Users\EZEQU\source\repos\SportTrack-Federaciones\SportTrack-v1.Controladores\SportTrack-v1.Controladores.csproj]
C:\Users\EZEQU\source\repos\SportTrack-Federaciones\SportTrack-v1.Controladores\Federaciones\TutorServices.cs(222,107): error CS1061: "TutorCreateDto" no contiene una definición para "IdParticipante" ni un método de extensión accesible "IdParticipante" que acepte un primer argumento del tipo "TutorCreateDto" (¿falta alguna directiva using o una referencia de ensamblado?) [C:\Users\EZEQU\source\repos\SportTrack-Federaciones\SportTrack-v1.Controladores\SportTrack-v1.Controladores.csproj]
C:\Users\EZEQU\source\repos\SportTrack-Federaciones\SportTrack-v1.Controladores\Federaciones\TutorServices.cs(228,117): error CS1061: "TutorCreateDto" no contiene una definición para "IdParticipante" ni un método de extensión accesible "IdParticipante" que acepte un primer argumento del tipo "TutorCreateDto" (¿falta alguna directiva using o una referencia de ensamblado?) [C:\Users\EZEQU\source\repos\SportTrack-Federaciones\SportTrack-v1.Controladores\SportTrack-v1.Controladores.csproj]
C:\Users\EZEQU\source\repos\SportTrack-Federaciones\SportTrack-v1.Controladores\Federaciones\TutorServices.cs(229,112): error CS1061: "TutorCreateDto" no contiene una definición para "IdParticipante" ni un método de extensión accesible "IdParticipante" que acepte un primer argumento del tipo "TutorCreateDto" (¿falta alguna directiva using o una referencia de ensamblado?) [C:\Users\EZEQU\source\repos\SportTrack-Federaciones\SportTrack-v1.Controladores\SportTrack-v1.Controladores.csproj]
C:\Users\EZEQU\source\repos\SportTrack-Federaciones\SportTrack-v1.Controladores\Federaciones\TutorServices.cs(230,113): error CS1061: "TutorCreateDto" no contiene una definición para "IdParticipante" ni un método de extensión accesible "IdParticipante" que acepte un primer argumento del tipo "TutorCreateDto" (¿falta alguna directiva using o una referencia de ensamblado?) [C:\Users\EZEQU\source\repos\SportTrack-Federaciones\SportTrack-v1.Controladores\SportTrack-v1.Controladores.csproj]
C:\Users\EZEQU\source\repos\SportTrack-Federaciones\SportTrack-v1.Controladores\Federaciones\TutorServices.cs(239,21): error CS0117: 'Tutor' no contiene una definición para 'ParticipanteId' [C:\Users\EZEQU\source\repos\SportTrack-Federaciones\SportTrack-v1.Controladores\SportTrack-v1.Controladores.csproj]
C:\Users\EZEQU\source\repos\SportTrack-Federaciones\SportTrack-v1.Controladores\Federaciones\TutorServices.cs(252,21): error CS0117: 'TutorDto' no contiene una definición para 'IdParticipante' [C:\Users\EZEQU\source\repos\SportTrack-Federaciones\SportTrack-v1.Controladores\SportTrack-v1.Controladores.csproj]
C:\Users\EZEQU\source\repos\SportTrack-Federaciones\SportTrack-v1.Controladores\Federaciones\TutorServices.cs(267,38): warning CS0168: La variable 'dbEx' se ha declarado pero nunca se usa [C:\Users\EZEQU\source\repos\SportTrack-Federaciones\SportTrack-v1.Controladores\SportTrack-v1.Controladores.csproj]
C:\Users\EZEQU\source\repos\SportTrack-Federaciones\SportTrack-v1.Controladores\Auth\AuthService.cs(237,39): warning CS8602: Desreferencia de una referencia posiblemente NULL. [C:\Users\EZEQU\source\repos\SportTrack-Federaciones\SportTrack-v1.Controladores\SportTrack-v1.Controladores.csproj]
C:\Users\EZEQU\source\repos\SportTrack-Federaciones\SportTrack-v1.Controladores\Federaciones\DelegadoClubServices.cs(272,88): error CS1061: "Federacion" no contiene una definición para "ParticipanteId" ni un método de extensión accesible "ParticipanteId" que acepte un primer argumento del tipo "Federacion" (¿falta alguna directiva using o una referencia de ensamblado?) [C:\Users\EZEQU\source\repos\SportTrack-Federaciones\SportTrack-v1.Controladores\SportTrack-v1.Controladores.csproj]
C:\Users\EZEQU\source\repos\SportTrack-Federaciones\SportTrack-v1.Controladores\Federaciones\DelegadoClubServices.cs(281,76): error CS1061: "Club" no contiene una definición para "ParticipanteId" ni un método de extensión accesible "ParticipanteId" que acepte un primer argumento del tipo "Club" (¿falta alguna directiva using o una referencia de ensamblado?) [C:\Users\EZEQU\source\repos\SportTrack-Federaciones\SportTrack-v1.Controladores\SportTrack-v1.Controladores.csproj]
C:\Users\EZEQU\source\repos\SportTrack-Federaciones\SportTrack-v1.Controladores\Federaciones\DelegadoClubServices.cs(289,67): error CS1061: "DelegadoClubCreateDto" no contiene una definición para "FederacionId" ni un método de extensión accesible "FederacionId" que acepte un primer argumento del tipo "DelegadoClubCreateDto" (¿falta alguna directiva using o una referencia de ensamblado?) [C:\Users\EZEQU\source\repos\SportTrack-Federaciones\SportTrack-v1.Controladores\SportTrack-v1.Controladores.csproj]
C:\Users\EZEQU\source\repos\SportTrack-Federaciones\SportTrack-v1.Controladores\Federaciones\ClubServices.cs(249,45): error CS1061: "ICollection<EventoPrueba>" no contiene una definición para "AtletaFederado" ni un método de extensión accesible "AtletaFederado" que acepte un primer argumento del tipo "ICollection<EventoPrueba>" (¿falta alguna directiva using o una referencia de ensamblado?) [C:\Users\EZEQU\source\repos\SportTrack-Federaciones\SportTrack-v1.Controladores\SportTrack-v1.Controladores.csproj]
C:\Users\EZEQU\source\repos\SportTrack-Federaciones\SportTrack-v1.Controladores\Federaciones\ClubServices.cs(253,25): error CS0117: 'EventoDto' no contiene una definición para 'Id' [C:\Users\EZEQU\source\repos\SportTrack-Federaciones\SportTrack-v1.Controladores\SportTrack-v1.Controladores.csproj]
C:\Users\EZEQU\source\repos\SportTrack-Federaciones\SportTrack-v1.Controladores\Federaciones\ClubServices.cs(255,25): error CS1912: Inicialización del miembro 'Nombre' duplicada [C:\Users\EZEQU\source\repos\SportTrack-Federaciones\SportTrack-v1.Controladores\SportTrack-v1.Controladores.csproj]
C:\Users\EZEQU\source\repos\SportTrack-Federaciones\SportTrack-v1.Controladores\Federaciones\ClubServices.cs(256,40): error CS1061: "Evento" no contiene una definición para "TipoEvento" ni un método de extensión accesible "TipoEvento" que acepte un primer argumento del tipo "Evento" (¿falta alguna directiva using o una referencia de ensamblado?) [C:\Users\EZEQU\source\repos\SportTrack-Federaciones\SportTrack-v1.Controladores\SportTrack-v1.Controladores.csproj]
C:\Users\EZEQU\source\repos\SportTrack-Federaciones\SportTrack-v1.Controladores\Federaciones\ClubServices.cs(257,41): error CS1061: "Evento" no contiene una definición para "FechaInicio" ni un método de extensión accesible "FechaInicio" que acepte un primer argumento del tipo "Evento" (¿falta alguna directiva using o una referencia de ensamblado?) [C:\Users\EZEQU\source\repos\SportTrack-Federaciones\SportTrack-v1.Controladores\SportTrack-v1.Controladores.csproj]
C:\Users\EZEQU\source\repos\SportTrack-Federaciones\SportTrack-v1.Controladores\Federaciones\ClubServices.cs(258,36): error CS0266: No se puede convertir implícitamente el tipo 'System.DateTime?' en 'System.DateTime'. Ya existe una conversión explícita (compruebe si le falta una conversión) [C:\Users\EZEQU\source\repos\SportTrack-Federaciones\SportTrack-v1.Controladores\SportTrack-v1.Controladores.csproj]
C:\Users\EZEQU\source\repos\SportTrack-Federaciones\SportTrack-v1.Controladores\Federaciones\ClubServices.cs(260,25): error CS0117: 'EventoDto' no contiene una definición para 'ClubId' [C:\Users\EZEQU\source\repos\SportTrack-Federaciones\SportTrack-v1.Controladores\SportTrack-v1.Controladores.csproj]
C:\Users\EZEQU\source\repos\SportTrack-Federaciones\SportTrack-v1.Controladores\Federaciones\ClubServices.cs(261,36): error CS1061: "Evento" no contiene una definición para "Activo" ni un método de extensión accesible "Activo" que acepte un primer argumento del tipo "Evento" (¿falta alguna directiva using o una referencia de ensamblado?) [C:\Users\EZEQU\source\repos\SportTrack-Federaciones\SportTrack-v1.Controladores\SportTrack-v1.Controladores.csproj]
C:\Users\EZEQU\source\repos\SportTrack-Federaciones\SportTrack-v1.Controladores\Federaciones\ClubServices.cs(263,70): error CS1061: "EventoPrueba" no contiene una definición para "ParticipanteId" ni un método de extensión accesible "ParticipanteId" que acepte un primer argumento del tipo "EventoPrueba" (¿falta alguna directiva using o una referencia de ensamblado?) [C:\Users\EZEQU\source\repos\SportTrack-Federaciones\SportTrack-v1.Controladores\SportTrack-v1.Controladores.csproj]
C:\Users\EZEQU\source\repos\SportTrack-Federaciones\SportTrack-v1.Controladores\Federaciones\ClubServices.cs(265,55): error CS1061: "EventoPrueba" no contiene una definición para "AtletaFederado" ni un método de extensión accesible "AtletaFederado" que acepte un primer argumento del tipo "EventoPrueba" (¿falta alguna directiva using o una referencia de ensamblado?) [C:\Users\EZEQU\source\repos\SportTrack-Federaciones\SportTrack-v1.Controladores\SportTrack-v1.Controladores.csproj]
C:\Users\EZEQU\source\repos\SportTrack-Federaciones\SportTrack-v1.Controladores\Federaciones\ClubServices.cs(258,36): warning CS8629: Un tipo que acepta valores NULL puede ser nulo. [C:\Users\EZEQU\source\repos\SportTrack-Federaciones\SportTrack-v1.Controladores\SportTrack-v1.Controladores.csproj]
C:\Users\EZEQU\source\repos\SportTrack-Federaciones\SportTrack-v1.Controladores\Federaciones\AtletaServices.cs(282,82): error CS1061: "Participante" no contiene una definición para "ParticipanteId" ni un método de extensión accesible "ParticipanteId" que acepte un primer argumento del tipo "Participante" (¿falta alguna directiva using o una referencia de ensamblado?) [C:\Users\EZEQU\source\repos\SportTrack-Federaciones\SportTrack-v1.Controladores\SportTrack-v1.Controladores.csproj]
C:\Users\EZEQU\source\repos\SportTrack-Federaciones\SportTrack-v1.Controladores\Federaciones\AtletaServices.cs(291,76): error CS1061: "Club" no contiene una definición para "ParticipanteId" ni un método de extensión accesible "ParticipanteId" que acepte un primer argumento del tipo "Club" (¿falta alguna directiva using o una referencia de ensamblado?) [C:\Users\EZEQU\source\repos\SportTrack-Federaciones\SportTrack-v1.Controladores\SportTrack-v1.Controladores.csproj]
C:\Users\EZEQU\source\repos\SportTrack-Federaciones\SportTrack-v1.Controladores\Federaciones\AtletaServices.cs(291,125): error CS1061: "int" no contiene una definición para "Value" ni un método de extensión accesible "Value" que acepte un primer argumento del tipo "int" (¿falta alguna directiva using o una referencia de ensamblado?) [C:\Users\EZEQU\source\repos\SportTrack-Federaciones\SportTrack-v1.Controladores\SportTrack-v1.Controladores.csproj]
C:\Users\EZEQU\source\repos\SportTrack-Federaciones\SportTrack-v1.Controladores\Federaciones\AtletaServices.cs(299,118): error CS1061: "AtletaCreateDto" no contiene una definición para "IdParticipante" ni un método de extensión accesible "IdParticipante" que acepte un primer argumento del tipo "AtletaCreateDto" (¿falta alguna directiva using o una referencia de ensamblado?) [C:\Users\EZEQU\source\repos\SportTrack-Federaciones\SportTrack-v1.Controladores\SportTrack-v1.Controladores.csproj]
C:\Users\EZEQU\source\repos\SportTrack-Federaciones\SportTrack-v1.Controladores\Federaciones\AtletaServices.cs(325,21): error CS0117: 'AtletaFederado' no contiene una definición para 'ParticipanteId' [C:\Users\EZEQU\source\repos\SportTrack-Federaciones\SportTrack-v1.Controladores\SportTrack-v1.Controladores.csproj]
C:\Users\EZEQU\source\repos\SportTrack-Federaciones\SportTrack-v1.Controladores\Federaciones\AtletaServices.cs(327,21): error CS0117: 'AtletaFederado' no contiene una definición para 'IdFederacion' [C:\Users\EZEQU\source\repos\SportTrack-Federaciones\SportTrack-v1.Controladores\SportTrack-v1.Controladores.csproj]
C:\Users\EZEQU\source\repos\SportTrack-Federaciones\SportTrack-v1.Controladores\Federaciones\AtletaServices.cs(347,21): error CS0117: 'AtletaDto' no contiene una definición para 'IdParticipante' [C:\Users\EZEQU\source\repos\SportTrack-Federaciones\SportTrack-v1.Controladores\SportTrack-v1.Controladores.csproj]
C:\Users\EZEQU\source\repos\SportTrack-Federaciones\SportTrack-v1.Controladores\Federaciones\AtletaServices.cs(372,30): warning CS0168: La variable 'ex' se ha declarado pero nunca se usa [C:\Users\EZEQU\source\repos\SportTrack-Federaciones\SportTrack-v1.Controladores\SportTrack-v1.Controladores.csproj]
C:\Users\EZEQU\source\repos\SportTrack-Federaciones\SportTrack-v1.Controladores\Federaciones\EntrenadorServices.cs(79,25): error CS0117: 'EntrenadorDetailDto' no contiene una definición para 'IdParticipante' [C:\Users\EZEQU\source\repos\SportTrack-Federaciones\SportTrack-v1.Controladores\SportTrack-v1.Controladores.csproj]
C:\Users\EZEQU\source\repos\SportTrack-Federaciones\SportTrack-v1.Controladores\Federaciones\EntrenadorServices.cs(89,29): error CS0117: 'PersonaDto' no contiene una definición para 'Id' [C:\Users\EZEQU\source\repos\SportTrack-Federaciones\SportTrack-v1.Controladores\SportTrack-v1.Controladores.csproj]
C:\Users\EZEQU\source\repos\SportTrack-Federaciones\SportTrack-v1.Controladores\Federaciones\EntrenadorServices.cs(100,29): error CS0117: 'ClubDto' no contiene una definición para 'Id' [C:\Users\EZEQU\source\repos\SportTrack-Federaciones\SportTrack-v1.Controladores\SportTrack-v1.Controladores.csproj]
C:\Users\EZEQU\source\repos\SportTrack-Federaciones\SportTrack-v1.Controladores\Federaciones\EntrenadorServices.cs(104,29): error CS0117: 'ClubDto' no contiene una definición para 'Sigla' [C:\Users\EZEQU\source\repos\SportTrack-Federaciones\SportTrack-v1.Controladores\SportTrack-v1.Controladores.csproj]
C:\Users\EZEQU\source\repos\SportTrack-Federaciones\SportTrack-v1.Controladores\Federaciones\EntrenadorServices.cs(92,41): warning CS8601: Posible asignación de referencia nula. [C:\Users\EZEQU\source\repos\SportTrack-Federaciones\SportTrack-v1.Controladores\SportTrack-v1.Controladores.csproj]
C:\Users\EZEQU\source\repos\SportTrack-Federaciones\SportTrack-v1.Controladores\Federaciones\EntrenadorServices.cs(96,41): warning CS8601: Posible asignación de referencia nula. [C:\Users\EZEQU\source\repos\SportTrack-Federaciones\SportTrack-v1.Controladores\SportTrack-v1.Controladores.csproj]
C:\Users\EZEQU\source\repos\SportTrack-Federaciones\SportTrack-v1.Controladores\Federaciones\EntrenadorServices.cs(102,41): warning CS8601: Posible asignación de referencia nula. [C:\Users\EZEQU\source\repos\SportTrack-Federaciones\SportTrack-v1.Controladores\SportTrack-v1.Controladores.csproj]
C:\Users\EZEQU\source\repos\SportTrack-Federaciones\SportTrack-v1.Controladores\Federaciones\EntrenadorServices.cs(103,40): warning CS8601: Posible asignación de referencia nula. [C:\Users\EZEQU\source\repos\SportTrack-Federaciones\SportTrack-v1.Controladores\SportTrack-v1.Controladores.csproj]
C:\Users\EZEQU\source\repos\SportTrack-Federaciones\SportTrack-v1.Controladores\Federaciones\PersonaServices.cs(37,25): error CS0117: 'PersonaDto' no contiene una definición para 'Id' [C:\Users\EZEQU\source\repos\SportTrack-Federaciones\SportTrack-v1.Controladores\SportTrack-v1.Controladores.csproj]
C:\Users\EZEQU\source\repos\SportTrack-Federaciones\SportTrack-v1.Controladores\Federaciones\PersonaServices.cs(40,37): warning CS8601: Posible asignación de referencia nula. [C:\Users\EZEQU\source\repos\SportTrack-Federaciones\SportTrack-v1.Controladores\SportTrack-v1.Controladores.csproj]
C:\Users\EZEQU\source\repos\SportTrack-Federaciones\SportTrack-v1.Controladores\Federaciones\PersonaServices.cs(44,37): warning CS8601: Posible asignación de referencia nula. [C:\Users\EZEQU\source\repos\SportTrack-Federaciones\SportTrack-v1.Controladores\SportTrack-v1.Controladores.csproj]
C:\Users\EZEQU\source\repos\SportTrack-Federaciones\SportTrack-v1.Controladores\Federaciones\PersonaServices.cs(46,39): warning CS8601: Posible asignación de referencia nula. [C:\Users\EZEQU\source\repos\SportTrack-Federaciones\SportTrack-v1.Controladores\SportTrack-v1.Controladores.csproj]
C:\Users\EZEQU\source\repos\SportTrack-Federaciones\SportTrack-v1.Controladores\Federaciones\InscripcionServices.cs(31,45): error CS1061: "Participante" no contiene una definición para "Participante" ni un método de extensión accesible "Participante" que acepte un primer argumento del tipo "Participante" (¿falta alguna directiva using o una referencia de ensamblado?) [C:\Users\EZEQU\source\repos\SportTrack-Federaciones\SportTrack-v1.Controladores\SportTrack-v1.Controladores.csproj]
C:\Users\EZEQU\source\repos\SportTrack-Federaciones\SportTrack-v1.Controladores\Federaciones\InscripcionServices.cs(56,30): warning CS0168: La variable 'ex' se ha declarado pero nunca se usa [C:\Users\EZEQU\source\repos\SportTrack-Federaciones\SportTrack-v1.Controladores\SportTrack-v1.Controladores.csproj]
C:\Users\EZEQU\source\repos\SportTrack-Federaciones\SportTrack-v1.Controladores\Federaciones\AtletaServices.cs(388,74): error CS1061: "PersonaCreateDto" no contiene una definición para "Dni" ni un método de extensión accesible "Dni" que acepte un primer argumento del tipo "PersonaCreateDto" (¿falta alguna directiva using o una referencia de ensamblado?) [C:\Users\EZEQU\source\repos\SportTrack-Federaciones\SportTrack-v1.Controladores\SportTrack-v1.Controladores.csproj]
C:\Users\EZEQU\source\repos\SportTrack-Federaciones\SportTrack-v1.Controladores\Federaciones\AtletaServices.cs(396,25): error CS0117: 'Participante' no contiene una definición para 'Documento' [C:\Users\EZEQU\source\repos\SportTrack-Federaciones\SportTrack-v1.Controladores\SportTrack-v1.Controladores.csproj]
C:\Users\EZEQU\source\repos\SportTrack-Federaciones\SportTrack-v1.Controladores\Federaciones\AtletaServices.cs(435,25): error CS0117: 'AtletaFederado' no contiene una definición para 'ParticipanteId' [C:\Users\EZEQU\source\repos\SportTrack-Federaciones\SportTrack-v1.Controladores\SportTrack-v1.Controladores.csproj]
C:\Users\EZEQU\source\repos\SportTrack-Federaciones\SportTrack-v1.Controladores\Federaciones\AtletaServices.cs(437,25): error CS0117: 'AtletaFederado' no contiene una definición para 'IdFederacion' [C:\Users\EZEQU\source\repos\SportTrack-Federaciones\SportTrack-v1.Controladores\SportTrack-v1.Controladores.csproj]
C:\Users\EZEQU\source\repos\SportTrack-Federaciones\SportTrack-v1.Controladores\Federaciones\AtletaServices.cs(479,87): error CS1061: "PersonaCreateDto" no contiene una definición para "Dni" ni un método de extensión accesible "Dni" que acepte un primer argumento del tipo "PersonaCreateDto" (¿falta alguna directiva using o una referencia de ensamblado?) [C:\Users\EZEQU\source\repos\SportTrack-Federaciones\SportTrack-v1.Controladores\SportTrack-v1.Controladores.csproj]
C:\Users\EZEQU\source\repos\SportTrack-Federaciones\SportTrack-v1.Controladores\Federaciones\AtletaServices.cs(487,33): error CS0117: 'Participante' no contiene una definición para 'Documento' [C:\Users\EZEQU\source\repos\SportTrack-Federaciones\SportTrack-v1.Controladores\SportTrack-v1.Controladores.csproj]
C:\Users\EZEQU\source\repos\SportTrack-Federaciones\SportTrack-v1.Controladores\Federaciones\AtletaServices.cs(509,29): error CS0117: 'Tutor' no contiene una definición para 'ParticipanteId' [C:\Users\EZEQU\source\repos\SportTrack-Federaciones\SportTrack-v1.Controladores\SportTrack-v1.Controladores.csproj]
C:\Users\EZEQU\source\repos\SportTrack-Federaciones\SportTrack-v1.Controladores\Federaciones\AtletaServices.cs(518,55): error CS1061: "AtletaTutor" no contiene una definición para "IdParticipante" ni un método de extensión accesible "IdParticipante" que acepte un primer argumento del tipo "AtletaTutor" (¿falta alguna directiva using o una referencia de ensamblado?) [C:\Users\EZEQU\source\repos\SportTrack-Federaciones\SportTrack-v1.Controladores\SportTrack-v1.Controladores.csproj]
C:\Users\EZEQU\source\repos\SportTrack-Federaciones\SportTrack-v1.Controladores\Federaciones\AtletaServices.cs(524,29): error CS0117: 'AtletaTutor' no contiene una definición para 'ParticipanteId' [C:\Users\EZEQU\source\repos\SportTrack-Federaciones\SportTrack-v1.Controladores\SportTrack-v1.Controladores.csproj]
C:\Users\EZEQU\source\repos\SportTrack-Federaciones\SportTrack-v1.Controladores\Federaciones\AtletaServices.cs(550,41): warning CS8602: Desreferencia de una referencia posiblemente NULL. [C:\Users\EZEQU\source\repos\SportTrack-Federaciones\SportTrack-v1.Controladores\SportTrack-v1.Controladores.csproj]
C:\Users\EZEQU\source\repos\SportTrack-Federaciones\SportTrack-v1.Controladores\Federaciones\EntrenadorServices.cs(132,25): error CS0117: 'EntrenadorDto' no contiene una definición para 'IdParticipante' [C:\Users\EZEQU\source\repos\SportTrack-Federaciones\SportTrack-v1.Controladores\SportTrack-v1.Controladores.csproj]
C:\Users\EZEQU\source\repos\SportTrack-Federaciones\SportTrack-v1.Controladores\Federaciones\EntrenadorServices.cs(135,46): warning CS8601: Posible asignación de referencia nula. [C:\Users\EZEQU\source\repos\SportTrack-Federaciones\SportTrack-v1.Controladores\SportTrack-v1.Controladores.csproj]
C:\Users\EZEQU\source\repos\SportTrack-Federaciones\SportTrack-v1.Controladores\Federaciones\EventoServices.cs(54,49): error CS1061: "Evento" no contiene una definición para "Activo" ni un método de extensión accesible "Activo" que acepte un primer argumento del tipo "Evento" (¿falta alguna directiva using o una referencia de ensamblado?) [C:\Users\EZEQU\source\repos\SportTrack-Federaciones\SportTrack-v1.Controladores\SportTrack-v1.Controladores.csproj]
C:\Users\EZEQU\source\repos\SportTrack-Federaciones\SportTrack-v1.Controladores\Federaciones\EventoServices.cs(55,58): error CS1061: "Evento" no contiene una definición para "TipoEvento" ni un método de extensión accesible "TipoEvento" que acepte un primer argumento del tipo "Evento" (¿falta alguna directiva using o una referencia de ensamblado?) [C:\Users\EZEQU\source\repos\SportTrack-Federaciones\SportTrack-v1.Controladores\SportTrack-v1.Controladores.csproj]
C:\Users\EZEQU\source\repos\SportTrack-Federaciones\SportTrack-v1.Controladores\Federaciones\EventoServices.cs(56,63): error CS1061: "Evento" no contiene una definición para "Provincia" ni un método de extensión accesible "Provincia" que acepte un primer argumento del tipo "Evento" (¿falta alguna directiva using o una referencia de ensamblado?) [C:\Users\EZEQU\source\repos\SportTrack-Federaciones\SportTrack-v1.Controladores\SportTrack-v1.Controladores.csproj]
C:\Users\EZEQU\source\repos\SportTrack-Federaciones\SportTrack-v1.Controladores\Federaciones\EventoServices.cs(57,75): error CS0019: El operador '==' no se puede aplicar a operandos del tipo 'Distancia' y 'DistanciaRegata' [C:\Users\EZEQU\source\repos\SportTrack-Federaciones\SportTrack-v1.Controladores\SportTrack-v1.Controladores.csproj]
C:\Users\EZEQU\source\repos\SportTrack-Federaciones\SportTrack-v1.Controladores\Federaciones\EventoServices.cs(95,45): error CS1061: "ICollection<EventoPrueba>" no contiene una definición para "AtletaFederado" ni un método de extensión accesible "AtletaFederado" que acepte un primer argumento del tipo "ICollection<EventoPrueba>" (¿falta alguna directiva using o una referencia de ensamblado?) [C:\Users\EZEQU\source\repos\SportTrack-Federaciones\SportTrack-v1.Controladores\SportTrack-v1.Controladores.csproj]
C:\Users\EZEQU\source\repos\SportTrack-Federaciones\SportTrack-v1.Controladores\Federaciones\ClubServices.cs(283,97): error CS1061: "ClubCreateDto" no contiene una definición para "Sigla" ni un método de extensión accesible "Sigla" que acepte un primer argumento del tipo "ClubCreateDto" (¿falta alguna directiva using o una referencia de ensamblado?) [C:\Users\EZEQU\source\repos\SportTrack-Federaciones\SportTrack-v1.Controladores\SportTrack-v1.Controladores.csproj]
C:\Users\EZEQU\source\repos\SportTrack-Federaciones\SportTrack-v1.Controladores\Federaciones\ClubServices.cs(303,21): error CS0117: 'Club' no contiene una definición para 'Siglas' [C:\Users\EZEQU\source\repos\SportTrack-Federaciones\SportTrack-v1.Controladores\SportTrack-v1.Controladores.csproj]
C:\Users\EZEQU\source\repos\SportTrack-Federaciones\SportTrack-v1.Controladores\Federaciones\ClubServices.cs(304,21): error CS0117: 'Club' no contiene una definición para 'IdFederacion' [C:\Users\EZEQU\source\repos\SportTrack-Federaciones\SportTrack-v1.Controladores\SportTrack-v1.Controladores.csproj]
C:\Users\EZEQU\source\repos\SportTrack-Federaciones\SportTrack-v1.Controladores\Federaciones\ClubServices.cs(305,21): error CS0117: 'Club' no contiene una definición para 'EstadoMatricula' [C:\Users\EZEQU\source\repos\SportTrack-Federaciones\SportTrack-v1.Controladores\SportTrack-v1.Controladores.csproj]
C:\Users\EZEQU\source\repos\SportTrack-Federaciones\SportTrack-v1.Controladores\Federaciones\ClubServices.cs(313,21): error CS0117: 'ClubDto' no contiene una definición para 'Id' [C:\Users\EZEQU\source\repos\SportTrack-Federaciones\SportTrack-v1.Controladores\SportTrack-v1.Controladores.csproj]
C:\Users\EZEQU\source\repos\SportTrack-Federaciones\SportTrack-v1.Controladores\Federaciones\ClubServices.cs(317,21): error CS0117: 'ClubDto' no contiene una definición para 'Sigla' [C:\Users\EZEQU\source\repos\SportTrack-Federaciones\SportTrack-v1.Controladores\SportTrack-v1.Controladores.csproj]
C:\Users\EZEQU\source\repos\SportTrack-Federaciones\SportTrack-v1.Controladores\Federaciones\ClubServices.cs(318,21): error CS0117: 'ClubDto' no contiene una definición para 'FederacionId' [C:\Users\EZEQU\source\repos\SportTrack-Federaciones\SportTrack-v1.Controladores\SportTrack-v1.Controladores.csproj]
C:\Users\EZEQU\source\repos\SportTrack-Federaciones\SportTrack-v1.Controladores\Federaciones\ClubServices.cs(319,21): error CS0117: 'ClubDto' no contiene una definición para 'EstadoMatriculaId' [C:\Users\EZEQU\source\repos\SportTrack-Federaciones\SportTrack-v1.Controladores\SportTrack-v1.Controladores.csproj]
C:\Users\EZEQU\source\repos\SportTrack-Federaciones\SportTrack-v1.Controladores\Federaciones\ClubServices.cs(319,46): error CS1061: "Club" no contiene una definición para "EstadoMatriculaId" ni un método de extensión accesible "EstadoMatriculaId" que acepte un primer argumento del tipo "Club" (¿falta alguna directiva using o una referencia de ensamblado?) [C:\Users\EZEQU\source\repos\SportTrack-Federaciones\SportTrack-v1.Controladores\SportTrack-v1.Controladores.csproj]
C:\Users\EZEQU\source\repos\SportTrack-Federaciones\SportTrack-v1.Controladores\Federaciones\InscripcionServices.cs(68,45): error CS1061: "Participante" no contiene una definición para "Participante" ni un método de extensión accesible "Participante" que acepte un primer argumento del tipo "Participante" (¿falta alguna directiva using o una referencia de ensamblado?) [C:\Users\EZEQU\source\repos\SportTrack-Federaciones\SportTrack-v1.Controladores\SportTrack-v1.Controladores.csproj]
C:\Users\EZEQU\source\repos\SportTrack-Federaciones\SportTrack-v1.Controladores\Federaciones\InscripcionServices.cs(117,30): warning CS0168: La variable 'ex' se ha declarado pero nunca se usa [C:\Users\EZEQU\source\repos\SportTrack-Federaciones\SportTrack-v1.Controladores\SportTrack-v1.Controladores.csproj]
C:\Users\EZEQU\source\repos\SportTrack-Federaciones\SportTrack-v1.Controladores\Federaciones\ClubServices.cs(347,97): error CS1061: "ClubCreateDto" no contiene una definición para "Sigla" ni un método de extensión accesible "Sigla" que acepte un primer argumento del tipo "ClubCreateDto" (¿falta alguna directiva using o una referencia de ensamblado?) [C:\Users\EZEQU\source\repos\SportTrack-Federaciones\SportTrack-v1.Controladores\SportTrack-v1.Controladores.csproj]
C:\Users\EZEQU\source\repos\SportTrack-Federaciones\SportTrack-v1.Controladores\Federaciones\ClubServices.cs(362,44): error CS1061: "ClubCreateDto" no contiene una definición para "Sigla" ni un método de extensión accesible "Sigla" que acepte un primer argumento del tipo "ClubCreateDto" (¿falta alguna directiva using o una referencia de ensamblado?) [C:\Users\EZEQU\source\repos\SportTrack-Federaciones\SportTrack-v1.Controladores\SportTrack-v1.Controladores.csproj]
C:\Users\EZEQU\source\repos\SportTrack-Federaciones\SportTrack-v1.Controladores\Federaciones\ClubServices.cs(363,51): error CS1061: "ClubCreateDto" no contiene una definición para "FederacionId" ni un método de extensión accesible "FederacionId" que acepte un primer argumento del tipo "ClubCreateDto" (¿falta alguna directiva using o una referencia de ensamblado?) [C:\Users\EZEQU\source\repos\SportTrack-Federaciones\SportTrack-v1.Controladores\SportTrack-v1.Controladores.csproj]
C:\Users\EZEQU\source\repos\SportTrack-Federaciones\SportTrack-v1.Controladores\Federaciones\ClubServices.cs(364,22): error CS1061: "Club" no contiene una definición para "EstadoMatriculaId" ni un método de extensión accesible "EstadoMatriculaId" que acepte un primer argumento del tipo "Club" (¿falta alguna directiva using o una referencia de ensamblado?) [C:\Users\EZEQU\source\repos\SportTrack-Federaciones\SportTrack-v1.Controladores\SportTrack-v1.Controladores.csproj]
C:\Users\EZEQU\source\repos\SportTrack-Federaciones\SportTrack-v1.Controladores\Federaciones\ClubServices.cs(364,56): error CS1061: "ClubCreateDto" no contiene una definición para "EstadoMatriculaId" ni un método de extensión accesible "EstadoMatriculaId" que acepte un primer argumento del tipo "ClubCreateDto" (¿falta alguna directiva using o una referencia de ensamblado?) [C:\Users\EZEQU\source\repos\SportTrack-Federaciones\SportTrack-v1.Controladores\SportTrack-v1.Controladores.csproj]
C:\Users\EZEQU\source\repos\SportTrack-Federaciones\SportTrack-v1.Controladores\Federaciones\EventoServices.cs(120,45): error CS1061: "ICollection<EventoPrueba>" no contiene una definición para "AtletaFederado" ni un método de extensión accesible "AtletaFederado" que acepte un primer argumento del tipo "ICollection<EventoPrueba>" (¿falta alguna directiva using o una referencia de ensamblado?) [C:\Users\EZEQU\source\repos\SportTrack-Federaciones\SportTrack-v1.Controladores\SportTrack-v1.Controladores.csproj]
C:\Users\EZEQU\source\repos\SportTrack-Federaciones\SportTrack-v1.Controladores\Federaciones\PersonaServices.cs(79,37): error CS1061: "Participante" no contiene una definición para "Pagos" ni un método de extensión accesible "Pagos" que acepte un primer argumento del tipo "Participante" (¿falta alguna directiva using o una referencia de ensamblado?) [C:\Users\EZEQU\source\repos\SportTrack-Federaciones\SportTrack-v1.Controladores\SportTrack-v1.Controladores.csproj]
C:\Users\EZEQU\source\repos\SportTrack-Federaciones\SportTrack-v1.Controladores\Federaciones\EntrenadorServices.cs(176,25): error CS0117: 'EntrenadorDto' no contiene una definición para 'IdParticipante' [C:\Users\EZEQU\source\repos\SportTrack-Federaciones\SportTrack-v1.Controladores\SportTrack-v1.Controladores.csproj]
C:\Users\EZEQU\source\repos\SportTrack-Federaciones\SportTrack-v1.Controladores\Federaciones\EntrenadorServices.cs(179,46): warning CS8601: Posible asignación de referencia nula. [C:\Users\EZEQU\source\repos\SportTrack-Federaciones\SportTrack-v1.Controladores\SportTrack-v1.Controladores.csproj]
C:\Users\EZEQU\source\repos\SportTrack-Federaciones\SportTrack-v1.Controladores\Federaciones\TutorServices.cs(335,38): warning CS0168: La variable 'dbEx' se ha declarado pero nunca se usa [C:\Users\EZEQU\source\repos\SportTrack-Federaciones\SportTrack-v1.Controladores\SportTrack-v1.Controladores.csproj]
C:\Users\EZEQU\source\repos\SportTrack-Federaciones\SportTrack-v1.Controladores\Federaciones\PersonaServices.cs(181,21): error CS0117: 'PersonaDto' no contiene una definición para 'Id' [C:\Users\EZEQU\source\repos\SportTrack-Federaciones\SportTrack-v1.Controladores\SportTrack-v1.Controladores.csproj]
C:\Users\EZEQU\source\repos\SportTrack-Federaciones\SportTrack-v1.Controladores\Federaciones\PersonaServices.cs(184,33): warning CS8601: Posible asignación de referencia nula. [C:\Users\EZEQU\source\repos\SportTrack-Federaciones\SportTrack-v1.Controladores\SportTrack-v1.Controladores.csproj]
C:\Users\EZEQU\source\repos\SportTrack-Federaciones\SportTrack-v1.Controladores\Federaciones\PersonaServices.cs(188,33): warning CS8601: Posible asignación de referencia nula. [C:\Users\EZEQU\source\repos\SportTrack-Federaciones\SportTrack-v1.Controladores\SportTrack-v1.Controladores.csproj]
C:\Users\EZEQU\source\repos\SportTrack-Federaciones\SportTrack-v1.Controladores\Federaciones\PersonaServices.cs(190,35): warning CS8601: Posible asignación de referencia nula. [C:\Users\EZEQU\source\repos\SportTrack-Federaciones\SportTrack-v1.Controladores\SportTrack-v1.Controladores.csproj]
C:\Users\EZEQU\source\repos\SportTrack-Federaciones\SportTrack-v1.Controladores\Federaciones\ClubServices.cs(380,37): error CS1061: "Club" no contiene una definición para "AtletasFederados" ni un método de extensión accesible "AtletasFederados" que acepte un primer argumento del tipo "Club" (¿falta alguna directiva using o una referencia de ensamblado?) [C:\Users\EZEQU\source\repos\SportTrack-Federaciones\SportTrack-v1.Controladores\SportTrack-v1.Controladores.csproj]
C:\Users\EZEQU\source\repos\SportTrack-Federaciones\SportTrack-v1.Controladores\Federaciones\EntrenadorServices.cs(226,25): error CS0117: 'EntrenadorDto' no contiene una definición para 'IdParticipante' [C:\Users\EZEQU\source\repos\SportTrack-Federaciones\SportTrack-v1.Controladores\SportTrack-v1.Controladores.csproj]
C:\Users\EZEQU\source\repos\SportTrack-Federaciones\SportTrack-v1.Controladores\Federaciones\EntrenadorServices.cs(229,46): warning CS8601: Posible asignación de referencia nula. [C:\Users\EZEQU\source\repos\SportTrack-Federaciones\SportTrack-v1.Controladores\SportTrack-v1.Controladores.csproj]
C:\Users\EZEQU\source\repos\SportTrack-Federaciones\SportTrack-v1.Controladores\Evento\EventoService.cs(148,33): warning CS8601: Posible asignación de referencia nula. [C:\Users\EZEQU\source\repos\SportTrack-Federaciones\SportTrack-v1.Controladores\SportTrack-v1.Controladores.csproj]
C:\Users\EZEQU\source\repos\SportTrack-Federaciones\SportTrack-v1.Controladores\Evento\EventoService.cs(155,28): warning CS8601: Posible asignación de referencia nula. [C:\Users\EZEQU\source\repos\SportTrack-Federaciones\SportTrack-v1.Controladores\SportTrack-v1.Controladores.csproj]
C:\Users\EZEQU\source\repos\SportTrack-Federaciones\SportTrack-v1.Controladores\Evento\EventoService.cs(160,33): warning CS8601: Posible asignación de referencia nula. [C:\Users\EZEQU\source\repos\SportTrack-Federaciones\SportTrack-v1.Controladores\SportTrack-v1.Controladores.csproj]
C:\Users\EZEQU\source\repos\SportTrack-Federaciones\SportTrack-v1.Controladores\Federaciones\RolServices.cs(42,30): warning CS0168: La variable 'ex' se ha declarado pero nunca se usa [C:\Users\EZEQU\source\repos\SportTrack-Federaciones\SportTrack-v1.Controladores\SportTrack-v1.Controladores.csproj]
C:\Users\EZEQU\source\repos\SportTrack-Federaciones\SportTrack-v1.Controladores\Federaciones\PersonaServices.cs(205,108): error CS1061: "PersonaCreateDto" no contiene una definición para "Dni" ni un método de extensión accesible "Dni" que acepte un primer argumento del tipo "PersonaCreateDto" (¿falta alguna directiva using o una referencia de ensamblado?) [C:\Users\EZEQU\source\repos\SportTrack-Federaciones\SportTrack-v1.Controladores\SportTrack-v1.Controladores.csproj]
C:\Users\EZEQU\source\repos\SportTrack-Federaciones\SportTrack-v1.Controladores\Federaciones\PersonaServices.cs(233,21): error CS0117: 'Participante' no contiene una definición para 'Documento' [C:\Users\EZEQU\source\repos\SportTrack-Federaciones\SportTrack-v1.Controladores\SportTrack-v1.Controladores.csproj]
C:\Users\EZEQU\source\repos\SportTrack-Federaciones\SportTrack-v1.Controladores\Federaciones\PersonaServices.cs(246,21): error CS0117: 'PersonaDto' no contiene una definición para 'Id' [C:\Users\EZEQU\source\repos\SportTrack-Federaciones\SportTrack-v1.Controladores\SportTrack-v1.Controladores.csproj]
C:\Users\EZEQU\source\repos\SportTrack-Federaciones\SportTrack-v1.Controladores\Federaciones\PersonaServices.cs(249,33): warning CS8601: Posible asignación de referencia nula. [C:\Users\EZEQU\source\repos\SportTrack-Federaciones\SportTrack-v1.Controladores\SportTrack-v1.Controladores.csproj]
C:\Users\EZEQU\source\repos\SportTrack-Federaciones\SportTrack-v1.Controladores\Federaciones\PersonaServices.cs(255,35): warning CS8601: Posible asignación de referencia nula. [C:\Users\EZEQU\source\repos\SportTrack-Federaciones\SportTrack-v1.Controladores\SportTrack-v1.Controladores.csproj]
C:\Users\EZEQU\source\repos\SportTrack-Federaciones\SportTrack-v1.Controladores\Federaciones\ClubServices.cs(427,25): error CS0117: 'ClubDto' no contiene una definición para 'Id' [C:\Users\EZEQU\source\repos\SportTrack-Federaciones\SportTrack-v1.Controladores\SportTrack-v1.Controladores.csproj]
C:\Users\EZEQU\source\repos\SportTrack-Federaciones\SportTrack-v1.Controladores\Federaciones\ClubServices.cs(431,25): error CS0117: 'ClubDto' no contiene una definición para 'Sigla' [C:\Users\EZEQU\source\repos\SportTrack-Federaciones\SportTrack-v1.Controladores\SportTrack-v1.Controladores.csproj]
C:\Users\EZEQU\source\repos\SportTrack-Federaciones\SportTrack-v1.Controladores\Federaciones\ClubServices.cs(432,25): error CS0117: 'ClubDto' no contiene una definición para 'FederacionId' [C:\Users\EZEQU\source\repos\SportTrack-Federaciones\SportTrack-v1.Controladores\SportTrack-v1.Controladores.csproj]
C:\Users\EZEQU\source\repos\SportTrack-Federaciones\SportTrack-v1.Controladores\Federaciones\ClubServices.cs(433,25): error CS0117: 'ClubDto' no contiene una definición para 'EstadoMatriculaId' [C:\Users\EZEQU\source\repos\SportTrack-Federaciones\SportTrack-v1.Controladores\SportTrack-v1.Controladores.csproj]
C:\Users\EZEQU\source\repos\SportTrack-Federaciones\SportTrack-v1.Controladores\Federaciones\ClubServices.cs(433,47): error CS1061: "Club" no contiene una definición para "EstadoMatriculaId" ni un método de extensión accesible "EstadoMatriculaId" que acepte un primer argumento del tipo "Club" (¿falta alguna directiva using o una referencia de ensamblado?) [C:\Users\EZEQU\source\repos\SportTrack-Federaciones\SportTrack-v1.Controladores\SportTrack-v1.Controladores.csproj]
C:\Users\EZEQU\source\repos\SportTrack-Federaciones\SportTrack-v1.Controladores\Federaciones\ClubServices.cs(434,45): error CS1061: "Club" no contiene una definición para "AtletasFederados" ni un método de extensión accesible "AtletasFederados" que acepte un primer argumento del tipo "Club" (¿falta alguna directiva using o una referencia de ensamblado?) [C:\Users\EZEQU\source\repos\SportTrack-Federaciones\SportTrack-v1.Controladores\SportTrack-v1.Controladores.csproj]
C:\Users\EZEQU\source\repos\SportTrack-Federaciones\SportTrack-v1.Controladores\Federaciones\ClubServices.cs(435,50): error CS1061: "Club" no contiene una definición para "Entrenadores" ni un método de extensión accesible "Entrenadores" que acepte un primer argumento del tipo "Club" (¿falta alguna directiva using o una referencia de ensamblado?) [C:\Users\EZEQU\source\repos\SportTrack-Federaciones\SportTrack-v1.Controladores\SportTrack-v1.Controladores.csproj]
C:\Users\EZEQU\source\repos\SportTrack-Federaciones\SportTrack-v1.Controladores\Federaciones\ClubServices.cs(436,43): error CS1061: "Club" no contiene una definición para "Representantes" ni un método de extensión accesible "Representantes" que acepte un primer argumento del tipo "Club" (¿falta alguna directiva using o una referencia de ensamblado?) [C:\Users\EZEQU\source\repos\SportTrack-Federaciones\SportTrack-v1.Controladores\SportTrack-v1.Controladores.csproj]
C:\Users\EZEQU\source\repos\SportTrack-Federaciones\SportTrack-v1.Controladores\Federaciones\ClubServices.cs(424,60): warning CS8602: Desreferencia de una referencia posiblemente NULL. [C:\Users\EZEQU\source\repos\SportTrack-Federaciones\SportTrack-v1.Controladores\SportTrack-v1.Controladores.csproj]
C:\Users\EZEQU\source\repos\SportTrack-Federaciones\SportTrack-v1.Controladores\Federaciones\ClubServices.cs(429,37): warning CS8601: Posible asignación de referencia nula. [C:\Users\EZEQU\source\repos\SportTrack-Federaciones\SportTrack-v1.Controladores\SportTrack-v1.Controladores.csproj]
C:\Users\EZEQU\source\repos\SportTrack-Federaciones\SportTrack-v1.Controladores\Federaciones\ClubServices.cs(430,36): warning CS8601: Posible asignación de referencia nula. [C:\Users\EZEQU\source\repos\SportTrack-Federaciones\SportTrack-v1.Controladores\SportTrack-v1.Controladores.csproj]
C:\Users\EZEQU\source\repos\SportTrack-Federaciones\SportTrack-v1.Controladores\Federaciones\PruebaServices.cs(29,25): error CS0117: 'PruebaDto' no contiene una definición para 'Id' [C:\Users\EZEQU\source\repos\SportTrack-Federaciones\SportTrack-v1.Controladores\SportTrack-v1.Controladores.csproj]
C:\Users\EZEQU\source\repos\SportTrack-Federaciones\SportTrack-v1.Controladores\Federaciones\PruebaServices.cs(30,37): error CS0029: No se puede convertir implícitamente el tipo 'SportTrack_v1.Entidades.Entidades.Distancia' en 'SportTrack_v1.Entidades.Enums.DistanciaRegata' [C:\Users\EZEQU\source\repos\SportTrack-Federaciones\SportTrack-v1.Controladores\SportTrack-v1.Controladores.csproj]
C:\Users\EZEQU\source\repos\SportTrack-Federaciones\SportTrack-v1.Controladores\Federaciones\PruebaServices.cs(31,25): error CS0117: 'PruebaDto' no contiene una definición para 'CategoriaId' [C:\Users\EZEQU\source\repos\SportTrack-Federaciones\SportTrack-v1.Controladores\SportTrack-v1.Controladores.csproj]
C:\Users\EZEQU\source\repos\SportTrack-Federaciones\SportTrack-v1.Controladores\Federaciones\PruebaServices.cs(32,25): error CS0117: 'PruebaDto' no contiene una definición para 'SexoId' [C:\Users\EZEQU\source\repos\SportTrack-Federaciones\SportTrack-v1.Controladores\SportTrack-v1.Controladores.csproj]
C:\Users\EZEQU\source\repos\SportTrack-Federaciones\SportTrack-v1.Controladores\Federaciones\PruebaServices.cs(33,25): error CS0117: 'PruebaDto' no contiene una definición para 'BoteId' [C:\Users\EZEQU\source\repos\SportTrack-Federaciones\SportTrack-v1.Controladores\SportTrack-v1.Controladores.csproj]
C:\Users\EZEQU\source\repos\SportTrack-Federaciones\SportTrack-v1.Controladores\Federaciones\PruebaServices.cs(39,30): warning CS0168: La variable 'ex' se ha declarado pero nunca se usa [C:\Users\EZEQU\source\repos\SportTrack-Federaciones\SportTrack-v1.Controladores\SportTrack-v1.Controladores.csproj]
C:\Users\EZEQU\source\repos\SportTrack-Federaciones\SportTrack-v1.Controladores\Federaciones\InscripcionServices.cs(129,45): error CS1061: "Participante" no contiene una definición para "Participante" ni un método de extensión accesible "Participante" que acepte un primer argumento del tipo "Participante" (¿falta alguna directiva using o una referencia de ensamblado?) [C:\Users\EZEQU\source\repos\SportTrack-Federaciones\SportTrack-v1.Controladores\SportTrack-v1.Controladores.csproj]
C:\Users\EZEQU\source\repos\SportTrack-Federaciones\SportTrack-v1.Controladores\Federaciones\InscripcionServices.cs(155,30): warning CS0168: La variable 'ex' se ha declarado pero nunca se usa [C:\Users\EZEQU\source\repos\SportTrack-Federaciones\SportTrack-v1.Controladores\SportTrack-v1.Controladores.csproj]
C:\Users\EZEQU\source\repos\SportTrack-Federaciones\SportTrack-v1.Controladores\Federaciones\PruebaServices.cs(58,21): error CS0117: 'PruebaDto' no contiene una definición para 'Id' [C:\Users\EZEQU\source\repos\SportTrack-Federaciones\SportTrack-v1.Controladores\SportTrack-v1.Controladores.csproj]
C:\Users\EZEQU\source\repos\SportTrack-Federaciones\SportTrack-v1.Controladores\Federaciones\PruebaServices.cs(59,33): error CS0029: No se puede convertir implícitamente el tipo 'SportTrack_v1.Entidades.Entidades.Distancia' en 'SportTrack_v1.Entidades.Enums.DistanciaRegata' [C:\Users\EZEQU\source\repos\SportTrack-Federaciones\SportTrack-v1.Controladores\SportTrack-v1.Controladores.csproj]
C:\Users\EZEQU\source\repos\SportTrack-Federaciones\SportTrack-v1.Controladores\Federaciones\PruebaServices.cs(60,21): error CS0117: 'PruebaDto' no contiene una definición para 'CategoriaId' [C:\Users\EZEQU\source\repos\SportTrack-Federaciones\SportTrack-v1.Controladores\SportTrack-v1.Controladores.csproj]
C:\Users\EZEQU\source\repos\SportTrack-Federaciones\SportTrack-v1.Controladores\Federaciones\PruebaServices.cs(61,21): error CS0117: 'PruebaDto' no contiene una definición para 'SexoId' [C:\Users\EZEQU\source\repos\SportTrack-Federaciones\SportTrack-v1.Controladores\SportTrack-v1.Controladores.csproj]
C:\Users\EZEQU\source\repos\SportTrack-Federaciones\SportTrack-v1.Controladores\Federaciones\PruebaServices.cs(62,21): error CS0117: 'PruebaDto' no contiene una definición para 'BoteId' [C:\Users\EZEQU\source\repos\SportTrack-Federaciones\SportTrack-v1.Controladores\SportTrack-v1.Controladores.csproj]
C:\Users\EZEQU\source\repos\SportTrack-Federaciones\SportTrack-v1.Controladores\Federaciones\PruebaServices.cs(65,30): warning CS0168: La variable 'ex' se ha declarado pero nunca se usa [C:\Users\EZEQU\source\repos\SportTrack-Federaciones\SportTrack-v1.Controladores\SportTrack-v1.Controladores.csproj]
C:\Users\EZEQU\source\repos\SportTrack-Federaciones\SportTrack-v1.Controladores\Federaciones\RolServices.cs(65,29): error CS0117: 'DelegadoClubDto' no contiene una definición para 'IdParticipante' [C:\Users\EZEQU\source\repos\SportTrack-Federaciones\SportTrack-v1.Controladores\SportTrack-v1.Controladores.csproj]
C:\Users\EZEQU\source\repos\SportTrack-Federaciones\SportTrack-v1.Controladores\Federaciones\RolServices.cs(67,29): error CS0117: 'DelegadoClubDto' no contiene una definición para 'FederacionId' [C:\Users\EZEQU\source\repos\SportTrack-Federaciones\SportTrack-v1.Controladores\SportTrack-v1.Controladores.csproj]
C:\Users\EZEQU\source\repos\SportTrack-Federaciones\SportTrack-v1.Controladores\Federaciones\RolServices.cs(81,30): warning CS0168: La variable 'ex' se ha declarado pero nunca se usa [C:\Users\EZEQU\source\repos\SportTrack-Federaciones\SportTrack-v1.Controladores\SportTrack-v1.Controladores.csproj]
C:\Users\EZEQU\source\repos\SportTrack-Federaciones\SportTrack-v1.Controladores\Federaciones\AtletaServices.cs(588,76): error CS1061: "Club" no contiene una definición para "ParticipanteId" ni un método de extensión accesible "ParticipanteId" que acepte un primer argumento del tipo "Club" (¿falta alguna directiva using o una referencia de ensamblado?) [C:\Users\EZEQU\source\repos\SportTrack-Federaciones\SportTrack-v1.Controladores\SportTrack-v1.Controladores.csproj]
C:\Users\EZEQU\source\repos\SportTrack-Federaciones\SportTrack-v1.Controladores\Federaciones\AtletaServices.cs(588,125): error CS1061: "int" no contiene una definición para "Value" ni un método de extensión accesible "Value" que acepte un primer argumento del tipo "int" (¿falta alguna directiva using o una referencia de ensamblado?) [C:\Users\EZEQU\source\repos\SportTrack-Federaciones\SportTrack-v1.Controladores\SportTrack-v1.Controladores.csproj]
C:\Users\EZEQU\source\repos\SportTrack-Federaciones\SportTrack-v1.Controladores\Federaciones\AtletaServices.cs(628,30): warning CS0168: La variable 'ex' se ha declarado pero nunca se usa [C:\Users\EZEQU\source\repos\SportTrack-Federaciones\SportTrack-v1.Controladores\SportTrack-v1.Controladores.csproj]
C:\Users\EZEQU\source\repos\SportTrack-Federaciones\SportTrack-v1.Controladores\Federaciones\PruebaServices.cs(76,21): error CS0019: El operador '==' no se puede aplicar a operandos del tipo 'Distancia' y 'DistanciaRegata' [C:\Users\EZEQU\source\repos\SportTrack-Federaciones\SportTrack-v1.Controladores\SportTrack-v1.Controladores.csproj]
C:\Users\EZEQU\source\repos\SportTrack-Federaciones\SportTrack-v1.Controladores\Federaciones\PruebaServices.cs(77,48): error CS1061: "PruebaCreateDto" no contiene una definición para "CategoriaId" ni un método de extensión accesible "CategoriaId" que acepte un primer argumento del tipo "PruebaCreateDto" (¿falta alguna directiva using o una referencia de ensamblado?) [C:\Users\EZEQU\source\repos\SportTrack-Federaciones\SportTrack-v1.Controladores\SportTrack-v1.Controladores.csproj]
C:\Users\EZEQU\source\repos\SportTrack-Federaciones\SportTrack-v1.Controladores\Federaciones\PruebaServices.cs(78,43): error CS1061: "PruebaCreateDto" no contiene una definición para "SexoId" ni un método de extensión accesible "SexoId" que acepte un primer argumento del tipo "PruebaCreateDto" (¿falta alguna directiva using o una referencia de ensamblado?) [C:\Users\EZEQU\source\repos\SportTrack-Federaciones\SportTrack-v1.Controladores\SportTrack-v1.Controladores.csproj]
C:\Users\EZEQU\source\repos\SportTrack-Federaciones\SportTrack-v1.Controladores\Federaciones\PruebaServices.cs(79,43): error CS1061: "PruebaCreateDto" no contiene una definición para "BoteId" ni un método de extensión accesible "BoteId" que acepte un primer argumento del tipo "PruebaCreateDto" (¿falta alguna directiva using o una referencia de ensamblado?) [C:\Users\EZEQU\source\repos\SportTrack-Federaciones\SportTrack-v1.Controladores\SportTrack-v1.Controladores.csproj]
C:\Users\EZEQU\source\repos\SportTrack-Federaciones\SportTrack-v1.Controladores\Federaciones\PruebaServices.cs(88,33): error CS0029: No se puede convertir implícitamente el tipo 'SportTrack_v1.Entidades.Enums.DistanciaRegata' en 'SportTrack_v1.Entidades.Entidades.Distancia' [C:\Users\EZEQU\source\repos\SportTrack-Federaciones\SportTrack-v1.Controladores\SportTrack-v1.Controladores.csproj]
C:\Users\EZEQU\source\repos\SportTrack-Federaciones\SportTrack-v1.Controladores\Federaciones\PruebaServices.cs(89,21): error CS0117: 'Prueba' no contiene una definición para 'CategoriaEdad' [C:\Users\EZEQU\source\repos\SportTrack-Federaciones\SportTrack-v1.Controladores\SportTrack-v1.Controladores.csproj]
C:\Users\EZEQU\source\repos\SportTrack-Federaciones\SportTrack-v1.Controladores\Federaciones\PruebaServices.cs(90,21): error CS0117: 'Prueba' no contiene una definición para 'SexoCompetencia' [C:\Users\EZEQU\source\repos\SportTrack-Federaciones\SportTrack-v1.Controladores\SportTrack-v1.Controladores.csproj]
C:\Users\EZEQU\source\repos\SportTrack-Federaciones\SportTrack-v1.Controladores\Federaciones\PruebaServices.cs(91,21): error CS0117: 'Prueba' no contiene una definición para 'TipoBote' [C:\Users\EZEQU\source\repos\SportTrack-Federaciones\SportTrack-v1.Controladores\SportTrack-v1.Controladores.csproj]
C:\Users\EZEQU\source\repos\SportTrack-Federaciones\SportTrack-v1.Controladores\Federaciones\PruebaServices.cs(99,21): error CS0117: 'PruebaDto' no contiene una definición para 'Id' [C:\Users\EZEQU\source\repos\SportTrack-Federaciones\SportTrack-v1.Controladores\SportTrack-v1.Controladores.csproj]
C:\Users\EZEQU\source\repos\SportTrack-Federaciones\SportTrack-v1.Controladores\Federaciones\PruebaServices.cs(100,33): error CS0029: No se puede convertir implícitamente el tipo 'SportTrack_v1.Entidades.Entidades.Distancia' en 'SportTrack_v1.Entidades.Enums.DistanciaRegata' [C:\Users\EZEQU\source\repos\SportTrack-Federaciones\SportTrack-v1.Controladores\SportTrack-v1.Controladores.csproj]
C:\Users\EZEQU\source\repos\SportTrack-Federaciones\SportTrack-v1.Controladores\Federaciones\PruebaServices.cs(101,21): error CS0117: 'PruebaDto' no contiene una definición para 'CategoriaId' [C:\Users\EZEQU\source\repos\SportTrack-Federaciones\SportTrack-v1.Controladores\SportTrack-v1.Controladores.csproj]
C:\Users\EZEQU\source\repos\SportTrack-Federaciones\SportTrack-v1.Controladores\Federaciones\PruebaServices.cs(102,21): error CS0117: 'PruebaDto' no contiene una definición para 'SexoId' [C:\Users\EZEQU\source\repos\SportTrack-Federaciones\SportTrack-v1.Controladores\SportTrack-v1.Controladores.csproj]
C:\Users\EZEQU\source\repos\SportTrack-Federaciones\SportTrack-v1.Controladores\Federaciones\PruebaServices.cs(103,21): error CS0117: 'PruebaDto' no contiene una definición para 'BoteId' [C:\Users\EZEQU\source\repos\SportTrack-Federaciones\SportTrack-v1.Controladores\SportTrack-v1.Controladores.csproj]
C:\Users\EZEQU\source\repos\SportTrack-Federaciones\SportTrack-v1.Controladores\Federaciones\PruebaServices.cs(112,38): warning CS0168: La variable 'dbEx' se ha declarado pero nunca se usa [C:\Users\EZEQU\source\repos\SportTrack-Federaciones\SportTrack-v1.Controladores\SportTrack-v1.Controladores.csproj]
C:\Users\EZEQU\source\repos\SportTrack-Federaciones\SportTrack-v1.Controladores\Federaciones\PruebaServices.cs(116,30): warning CS0168: La variable 'ex' se ha declarado pero nunca se usa [C:\Users\EZEQU\source\repos\SportTrack-Federaciones\SportTrack-v1.Controladores\SportTrack-v1.Controladores.csproj]
C:\Users\EZEQU\source\repos\SportTrack-Federaciones\SportTrack-v1.Controladores\Federaciones\RolServices.cs(109,30): warning CS0168: La variable 'ex' se ha declarado pero nunca se usa [C:\Users\EZEQU\source\repos\SportTrack-Federaciones\SportTrack-v1.Controladores\SportTrack-v1.Controladores.csproj]
C:\Users\EZEQU\source\repos\SportTrack-Federaciones\SportTrack-v1.Controladores\Federaciones\PruebaServices.cs(133,36): error CS0029: No se puede convertir implícitamente el tipo 'SportTrack_v1.Entidades.Enums.DistanciaRegata' en 'SportTrack_v1.Entidades.Entidades.Distancia' [C:\Users\EZEQU\source\repos\SportTrack-Federaciones\SportTrack-v1.Controladores\SportTrack-v1.Controladores.csproj]
C:\Users\EZEQU\source\repos\SportTrack-Federaciones\SportTrack-v1.Controladores\Federaciones\PruebaServices.cs(134,48): error CS1061: "PruebaCreateDto" no contiene una definición para "CategoriaId" ni un método de extensión accesible "CategoriaId" que acepte un primer argumento del tipo "PruebaCreateDto" (¿falta alguna directiva using o una referencia de ensamblado?) [C:\Users\EZEQU\source\repos\SportTrack-Federaciones\SportTrack-v1.Controladores\SportTrack-v1.Controladores.csproj]
C:\Users\EZEQU\source\repos\SportTrack-Federaciones\SportTrack-v1.Controladores\Federaciones\PruebaServices.cs(135,43): error CS1061: "PruebaCreateDto" no contiene una definición para "SexoId" ni un método de extensión accesible "SexoId" que acepte un primer argumento del tipo "PruebaCreateDto" (¿falta alguna directiva using o una referencia de ensamblado?) [C:\Users\EZEQU\source\repos\SportTrack-Federaciones\SportTrack-v1.Controladores\SportTrack-v1.Controladores.csproj]
C:\Users\EZEQU\source\repos\SportTrack-Federaciones\SportTrack-v1.Controladores\Federaciones\PruebaServices.cs(136,43): error CS1061: "PruebaCreateDto" no contiene una definición para "BoteId" ni un método de extensión accesible "BoteId" que acepte un primer argumento del tipo "PruebaCreateDto" (¿falta alguna directiva using o una referencia de ensamblado?) [C:\Users\EZEQU\source\repos\SportTrack-Federaciones\SportTrack-v1.Controladores\SportTrack-v1.Controladores.csproj]
C:\Users\EZEQU\source\repos\SportTrack-Federaciones\SportTrack-v1.Controladores\Federaciones\PruebaServices.cs(152,30): warning CS0168: La variable 'ex' se ha declarado pero nunca se usa [C:\Users\EZEQU\source\repos\SportTrack-Federaciones\SportTrack-v1.Controladores\SportTrack-v1.Controladores.csproj]
C:\Users\EZEQU\source\repos\SportTrack-Federaciones\SportTrack-v1.Controladores\Federaciones\PruebaServices.cs(173,38): warning CS0168: La variable 'dbEx' se ha declarado pero nunca se usa [C:\Users\EZEQU\source\repos\SportTrack-Federaciones\SportTrack-v1.Controladores\SportTrack-v1.Controladores.csproj]
C:\Users\EZEQU\source\repos\SportTrack-Federaciones\SportTrack-v1.Controladores\Federaciones\PruebaServices.cs(177,30): warning CS0168: La variable 'ex' se ha declarado pero nunca se usa [C:\Users\EZEQU\source\repos\SportTrack-Federaciones\SportTrack-v1.Controladores\SportTrack-v1.Controladores.csproj]
C:\Users\EZEQU\source\repos\SportTrack-Federaciones\SportTrack-v1.Controladores\Federaciones\InscripcionServices.cs(167,45): error CS1061: "Participante" no contiene una definición para "Participante" ni un método de extensión accesible "Participante" que acepte un primer argumento del tipo "Participante" (¿falta alguna directiva using o una referencia de ensamblado?) [C:\Users\EZEQU\source\repos\SportTrack-Federaciones\SportTrack-v1.Controladores\SportTrack-v1.Controladores.csproj]
C:\Users\EZEQU\source\repos\SportTrack-Federaciones\SportTrack-v1.Controladores\Federaciones\InscripcionServices.cs(193,30): warning CS0168: La variable 'ex' se ha declarado pero nunca se usa [C:\Users\EZEQU\source\repos\SportTrack-Federaciones\SportTrack-v1.Controladores\SportTrack-v1.Controladores.csproj]
C:\Users\EZEQU\source\repos\SportTrack-Federaciones\SportTrack-v1.Controladores\Federaciones\RolServices.cs(159,30): warning CS0168: La variable 'ex' se ha declarado pero nunca se usa [C:\Users\EZEQU\source\repos\SportTrack-Federaciones\SportTrack-v1.Controladores\SportTrack-v1.Controladores.csproj]
C:\Users\EZEQU\source\repos\SportTrack-Federaciones\SportTrack-v1.Controladores\Federaciones\RolServices.cs(174,29): error CS0117: 'RolTipo' no contiene una definición para 'AtletaFederado' [C:\Users\EZEQU\source\repos\SportTrack-Federaciones\SportTrack-v1.Controladores\SportTrack-v1.Controladores.csproj]
C:\Users\EZEQU\source\repos\SportTrack-Federaciones\SportTrack-v1.Controladores\Federaciones\RolServices.cs(189,30): warning CS0168: La variable 'ex' se ha declarado pero nunca se usa [C:\Users\EZEQU\source\repos\SportTrack-Federaciones\SportTrack-v1.Controladores\SportTrack-v1.Controladores.csproj]
C:\Users\EZEQU\source\repos\SportTrack-Federaciones\SportTrack-v1.Controladores\Federaciones\EventoServices.cs(175,21): error CS0117: 'Evento' no contiene una definición para 'Descripcion' [C:\Users\EZEQU\source\repos\SportTrack-Federaciones\SportTrack-v1.Controladores\SportTrack-v1.Controladores.csproj]
C:\Users\EZEQU\source\repos\SportTrack-Federaciones\SportTrack-v1.Controladores\Federaciones\EventoServices.cs(176,21): error CS0117: 'Evento' no contiene una definición para 'TipoEvento' [C:\Users\EZEQU\source\repos\SportTrack-Federaciones\SportTrack-v1.Controladores\SportTrack-v1.Controladores.csproj]
C:\Users\EZEQU\source\repos\SportTrack-Federaciones\SportTrack-v1.Controladores\Federaciones\EventoServices.cs(177,21): error CS0117: 'Evento' no contiene una definición para 'FechaInicio' [C:\Users\EZEQU\source\repos\SportTrack-Federaciones\SportTrack-v1.Controladores\SportTrack-v1.Controladores.csproj]
C:\Users\EZEQU\source\repos\SportTrack-Federaciones\SportTrack-v1.Controladores\Federaciones\EventoServices.cs(179,21): error CS0117: 'Evento' no contiene una definición para 'FechaInicioInscripciones' [C:\Users\EZEQU\source\repos\SportTrack-Federaciones\SportTrack-v1.Controladores\SportTrack-v1.Controladores.csproj]
C:\Users\EZEQU\source\repos\SportTrack-Federaciones\SportTrack-v1.Controladores\Federaciones\EventoServices.cs(182,21): error CS0117: 'Evento' no contiene una definición para 'Ciudad' [C:\Users\EZEQU\source\repos\SportTrack-Federaciones\SportTrack-v1.Controladores\SportTrack-v1.Controladores.csproj]
C:\Users\EZEQU\source\repos\SportTrack-Federaciones\SportTrack-v1.Controladores\Federaciones\EventoServices.cs(183,21): error CS0117: 'Evento' no contiene una definición para 'Provincia' [C:\Users\EZEQU\source\repos\SportTrack-Federaciones\SportTrack-v1.Controladores\SportTrack-v1.Controladores.csproj]
C:\Users\EZEQU\source\repos\SportTrack-Federaciones\SportTrack-v1.Controladores\Federaciones\EventoServices.cs(184,21): error CS0117: 'Evento' no contiene una definición para 'PrecioBase' [C:\Users\EZEQU\source\repos\SportTrack-Federaciones\SportTrack-v1.Controladores\SportTrack-v1.Controladores.csproj]
C:\Users\EZEQU\source\repos\SportTrack-Federaciones\SportTrack-v1.Controladores\Federaciones\EventoServices.cs(185,21): error CS0117: 'Evento' no contiene una definición para 'CupoMaximo' [C:\Users\EZEQU\source\repos\SportTrack-Federaciones\SportTrack-v1.Controladores\SportTrack-v1.Controladores.csproj]
C:\Users\EZEQU\source\repos\SportTrack-Federaciones\SportTrack-v1.Controladores\Federaciones\EventoServices.cs(186,21): error CS0117: 'Evento' no contiene una definición para 'TieneCronometraje' [C:\Users\EZEQU\source\repos\SportTrack-Federaciones\SportTrack-v1.Controladores\SportTrack-v1.Controladores.csproj]
C:\Users\EZEQU\source\repos\SportTrack-Federaciones\SportTrack-v1.Controladores\Federaciones\EventoServices.cs(187,21): error CS0117: 'Evento' no contiene una definición para 'RequiereCertificadoMedico' [C:\Users\EZEQU\source\repos\SportTrack-Federaciones\SportTrack-v1.Controladores\SportTrack-v1.Controladores.csproj]
C:\Users\EZEQU\source\repos\SportTrack-Federaciones\SportTrack-v1.Controladores\Federaciones\EventoServices.cs(188,21): error CS0117: 'Evento' no contiene una definición para 'Observaciones' [C:\Users\EZEQU\source\repos\SportTrack-Federaciones\SportTrack-v1.Controladores\SportTrack-v1.Controladores.csproj]
C:\Users\EZEQU\source\repos\SportTrack-Federaciones\SportTrack-v1.Controladores\Federaciones\EventoServices.cs(190,21): error CS0117: 'Evento' no contiene una definición para 'EstaActivo' [C:\Users\EZEQU\source\repos\SportTrack-Federaciones\SportTrack-v1.Controladores\SportTrack-v1.Controladores.csproj]
C:\Users\EZEQU\source\repos\SportTrack-Federaciones\SportTrack-v1.Controladores\Federaciones\EventoServices.cs(191,21): error CS0117: 'Evento' no contiene una definición para 'IdFederacion' [C:\Users\EZEQU\source\repos\SportTrack-Federaciones\SportTrack-v1.Controladores\SportTrack-v1.Controladores.csproj]
C:\Users\EZEQU\source\repos\SportTrack-Federaciones\SportTrack-v1.Controladores\Federaciones\EventoServices.cs(192,21): error CS0117: 'Evento' no contiene una definición para 'IdClub' [C:\Users\EZEQU\source\repos\SportTrack-Federaciones\SportTrack-v1.Controladores\SportTrack-v1.Controladores.csproj]
C:\Users\EZEQU\source\repos\SportTrack-Federaciones\SportTrack-v1.Controladores\Federaciones\EventoServices.cs(205,25): error CS0117: 'EventoPrueba' no contiene una definición para 'IdPrueba' [C:\Users\EZEQU\source\repos\SportTrack-Federaciones\SportTrack-v1.Controladores\SportTrack-v1.Controladores.csproj]
C:\Users\EZEQU\source\repos\SportTrack-Federaciones\SportTrack-v1.Controladores\Federaciones\EventoServices.cs(218,40): error CS0266: No se puede convertir implícitamente el tipo 'System.Collections.Generic.List<SportTrack_v1.Entidades.Entidades.Inscripcion>' en 'System.Collections.Generic.ICollection<SportTrack_v1.Entidades.Entidades.EventoPrueba>'. Ya existe una conversión explícita (compruebe si le falta una conversión) [C:\Users\EZEQU\source\repos\SportTrack-Federaciones\SportTrack-v1.Controladores\SportTrack-v1.Controladores.csproj]
C:\Users\EZEQU\source\repos\SportTrack-Federaciones\SportTrack-v1.Controladores\Federaciones\AtletaServices.cs(683,43): error CS1061: "PagoTransaccion" no contiene una definición para "ParticipanteId" ni un método de extensión accesible "ParticipanteId" que acepte un primer argumento del tipo "PagoTransaccion" (¿falta alguna directiva using o una referencia de ensamblado?) [C:\Users\EZEQU\source\repos\SportTrack-Federaciones\SportTrack-v1.Controladores\SportTrack-v1.Controladores.csproj]
C:\Users\EZEQU\source\repos\SportTrack-Federaciones\SportTrack-v1.Controladores\Federaciones\InscripcionServices.cs(203,123): error CS1061: "InscripcionCreateDto" no contiene una definición para "IdParticipante" ni un método de extensión accesible "IdParticipante" que acepte un primer argumento del tipo "InscripcionCreateDto" (¿falta alguna directiva using o una referencia de ensamblado?) [C:\Users\EZEQU\source\repos\SportTrack-Federaciones\SportTrack-v1.Controladores\SportTrack-v1.Controladores.csproj]
C:\Users\EZEQU\source\repos\SportTrack-Federaciones\SportTrack-v1.Controladores\Federaciones\InscripcionServices.cs(212,51): error CS1061: "EventoPrueba" no contiene una definición para "IdInscripcion" ni un método de extensión accesible "IdInscripcion" que acepte un primer argumento del tipo "EventoPrueba" (¿falta alguna directiva using o una referencia de ensamblado?) [C:\Users\EZEQU\source\repos\SportTrack-Federaciones\SportTrack-v1.Controladores\SportTrack-v1.Controladores.csproj]
C:\Users\EZEQU\source\repos\SportTrack-Federaciones\SportTrack-v1.Controladores\Federaciones\InscripcionServices.cs(212,89): error CS1061: "InscripcionCreateDto" no contiene una definición para "IdInscripcion" ni un método de extensión accesible "IdInscripcion" que acepte un primer argumento del tipo "InscripcionCreateDto" (¿falta alguna directiva using o una referencia de ensamblado?) [C:\Users\EZEQU\source\repos\SportTrack-Federaciones\SportTrack-v1.Controladores\SportTrack-v1.Controladores.csproj]
C:\Users\EZEQU\source\repos\SportTrack-Federaciones\SportTrack-v1.Controladores\Federaciones\InscripcionServices.cs(226,37): error CS1061: "Inscripcion" no contiene una definición para "IdEventoPrueba" ni un método de extensión accesible "IdEventoPrueba" que acepte un primer argumento del tipo "Inscripcion" (¿falta alguna directiva using o una referencia de ensamblado?) [C:\Users\EZEQU\source\repos\SportTrack-Federaciones\SportTrack-v1.Controladores\SportTrack-v1.Controladores.csproj]
C:\Users\EZEQU\source\repos\SportTrack-Federaciones\SportTrack-v1.Controladores\Federaciones\InscripcionServices.cs(236,21): error CS0117: 'Inscripcion' no contiene una definición para 'IdEventoPrueba' [C:\Users\EZEQU\source\repos\SportTrack-Federaciones\SportTrack-v1.Controladores\SportTrack-v1.Controladores.csproj]
C:\Users\EZEQU\source\repos\SportTrack-Federaciones\SportTrack-v1.Controladores\Federaciones\InscripcionServices.cs(247,39): error CS1061: "Participante" no contiene una definición para "Participante" ni un método de extensión accesible "Participante" que acepte un primer argumento del tipo "Participante" (¿falta alguna directiva using o una referencia de ensamblado?) [C:\Users\EZEQU\source\repos\SportTrack-Federaciones\SportTrack-v1.Controladores\SportTrack-v1.Controladores.csproj]
C:\Users\EZEQU\source\repos\SportTrack-Federaciones\SportTrack-v1.Controladores\Federaciones\InscripcionServices.cs(264,21): error CS0117: 'InscripcionDto' no contiene una definición para 'Id' [C:\Users\EZEQU\source\repos\SportTrack-Federaciones\SportTrack-v1.Controladores\SportTrack-v1.Controladores.csproj]
C:\Users\EZEQU\source\repos\SportTrack-Federaciones\SportTrack-v1.Controladores\Federaciones\InscripcionServices.cs(265,38): error CS0266: No se puede convertir implícitamente el tipo 'int?' en 'int'. Ya existe una conversión explícita (compruebe si le falta una conversión) [C:\Users\EZEQU\source\repos\SportTrack-Federaciones\SportTrack-v1.Controladores\SportTrack-v1.Controladores.csproj]
C:\Users\EZEQU\source\repos\SportTrack-Federaciones\SportTrack-v1.Controladores\Federaciones\InscripcionServices.cs(266,21): error CS0117: 'InscripcionDto' no contiene una definición para 'Id' [C:\Users\EZEQU\source\repos\SportTrack-Federaciones\SportTrack-v1.Controladores\SportTrack-v1.Controladores.csproj]
C:\Users\EZEQU\source\repos\SportTrack-Federaciones\SportTrack-v1.Controladores\Federaciones\InscripcionServices.cs(267,21): error CS0117: 'InscripcionDto' no contiene una definición para 'EventoPruebaId' [C:\Users\EZEQU\source\repos\SportTrack-Federaciones\SportTrack-v1.Controladores\SportTrack-v1.Controladores.csproj]
C:\Users\EZEQU\source\repos\SportTrack-Federaciones\SportTrack-v1.Controladores\Federaciones\InscripcionServices.cs(269,61): error CS1061: "Participante" no contiene una definición para "Participante" ni un método de extensión accesible "Participante" que acepte un primer argumento del tipo "Participante" (¿falta alguna directiva using o una referencia de ensamblado?) [C:\Users\EZEQU\source\repos\SportTrack-Federaciones\SportTrack-v1.Controladores\SportTrack-v1.Controladores.csproj]
C:\Users\EZEQU\source\repos\SportTrack-Federaciones\SportTrack-v1.Controladores\Federaciones\InscripcionServices.cs(269,114): error CS1061: "Participante" no contiene una definición para "Participante" ni un método de extensión accesible "Participante" que acepte un primer argumento del tipo "Participante" (¿falta alguna directiva using o una referencia de ensamblado?) [C:\Users\EZEQU\source\repos\SportTrack-Federaciones\SportTrack-v1.Controladores\SportTrack-v1.Controladores.csproj]
C:\Users\EZEQU\source\repos\SportTrack-Federaciones\SportTrack-v1.Controladores\Federaciones\InscripcionServices.cs(273,73): error CS1061: "Evento" no contiene una definición para "FechaInicio" ni un método de extensión accesible "FechaInicio" que acepte un primer argumento del tipo "Evento" (¿falta alguna directiva using o una referencia de ensamblado?) [C:\Users\EZEQU\source\repos\SportTrack-Federaciones\SportTrack-v1.Controladores\SportTrack-v1.Controladores.csproj]
C:\Users\EZEQU\source\repos\SportTrack-Federaciones\SportTrack-v1.Controladores\Federaciones\InscripcionServices.cs(246,23): warning CS8634: El tipo "SportTrack_v1.Entidades.Entidades.Participante?" no se puede usar como parámetro de tipo "TEntity" en el tipo o método genérico "DbContext.Entry<TEntity>(TEntity)". La nulabilidad del argumento de tipo "SportTrack_v1.Entidades.Entidades.Participante?" no coincide con la restricción "class". [C:\Users\EZEQU\source\repos\SportTrack-Federaciones\SportTrack-v1.Controladores\SportTrack-v1.Controladores.csproj]
C:\Users\EZEQU\source\repos\SportTrack-Federaciones\SportTrack-v1.Controladores\Federaciones\InscripcionServices.cs(249,23): warning CS8634: El tipo "SportTrack_v1.Entidades.Entidades.Participante?" no se puede usar como parámetro de tipo "TEntity" en el tipo o método genérico "DbContext.Entry<TEntity>(TEntity)". La nulabilidad del argumento de tipo "SportTrack_v1.Entidades.Entidades.Participante?" no coincide con la restricción "class". [C:\Users\EZEQU\source\repos\SportTrack-Federaciones\SportTrack-v1.Controladores\SportTrack-v1.Controladores.csproj]
C:\Users\EZEQU\source\repos\SportTrack-Federaciones\SportTrack-v1.Controladores\Federaciones\InscripcionServices.cs(250,37): warning CS8602: Desreferencia de una referencia posiblemente NULL. [C:\Users\EZEQU\source\repos\SportTrack-Federaciones\SportTrack-v1.Controladores\SportTrack-v1.Controladores.csproj]
C:\Users\EZEQU\source\repos\SportTrack-Federaciones\SportTrack-v1.Controladores\Federaciones\InscripcionServices.cs(250,32): warning CS8622: La nulabilidad de los tipos de referencia del tipo de parámetro"a" de "expresión lambda" no coincide con el delegado de destino "Func<Participante?, Club?>" (posiblemente debido a los atributos de nulabilidad). [C:\Users\EZEQU\source\repos\SportTrack-Federaciones\SportTrack-v1.Controladores\SportTrack-v1.Controladores.csproj]
C:\Users\EZEQU\source\repos\SportTrack-Federaciones\SportTrack-v1.Controladores\Federaciones\InscripcionServices.cs(272,34): warning CS8602: Desreferencia de una referencia posiblemente NULL. [C:\Users\EZEQU\source\repos\SportTrack-Federaciones\SportTrack-v1.Controladores\SportTrack-v1.Controladores.csproj]
C:\Users\EZEQU\source\repos\SportTrack-Federaciones\SportTrack-v1.Controladores\Federaciones\InscripcionServices.cs(272,34): warning CS8602: Desreferencia de una referencia posiblemente NULL. [C:\Users\EZEQU\source\repos\SportTrack-Federaciones\SportTrack-v1.Controladores\SportTrack-v1.Controladores.csproj]
C:\Users\EZEQU\source\repos\SportTrack-Federaciones\SportTrack-v1.Controladores\Federaciones\InscripcionServices.cs(283,38): warning CS0168: La variable 'dbEx' se ha declarado pero nunca se usa [C:\Users\EZEQU\source\repos\SportTrack-Federaciones\SportTrack-v1.Controladores\SportTrack-v1.Controladores.csproj]
C:\Users\EZEQU\source\repos\SportTrack-Federaciones\SportTrack-v1.Controladores\Federaciones\InscripcionServices.cs(287,30): warning CS0168: La variable 'ex' se ha declarado pero nunca se usa [C:\Users\EZEQU\source\repos\SportTrack-Federaciones\SportTrack-v1.Controladores\SportTrack-v1.Controladores.csproj]
C:\Users\EZEQU\source\repos\SportTrack-Federaciones\SportTrack-v1.Controladores\Federaciones\EventoServices.cs(262,24): error CS1061: "Evento" no contiene una definición para "TipoEvento" ni un método de extensión accesible "TipoEvento" que acepte un primer argumento del tipo "Evento" (¿falta alguna directiva using o una referencia de ensamblado?) [C:\Users\EZEQU\source\repos\SportTrack-Federaciones\SportTrack-v1.Controladores\SportTrack-v1.Controladores.csproj]
C:\Users\EZEQU\source\repos\SportTrack-Federaciones\SportTrack-v1.Controladores\Federaciones\EventoServices.cs(263,24): error CS1061: "Evento" no contiene una definición para "FechaInicio" ni un método de extensión accesible "FechaInicio" que acepte un primer argumento del tipo "Evento" (¿falta alguna directiva using o una referencia de ensamblado?) [C:\Users\EZEQU\source\repos\SportTrack-Federaciones\SportTrack-v1.Controladores\SportTrack-v1.Controladores.csproj]
C:\Users\EZEQU\source\repos\SportTrack-Federaciones\SportTrack-v1.Controladores\Federaciones\EventoServices.cs(265,24): error CS1061: "Evento" no contiene una definición para "FechaInicio" ni un método de extensión accesible "FechaInicio" que acepte un primer argumento del tipo "Evento" (¿falta alguna directiva using o una referencia de ensamblado?) [C:\Users\EZEQU\source\repos\SportTrack-Federaciones\SportTrack-v1.Controladores\SportTrack-v1.Controladores.csproj]
C:\Users\EZEQU\source\repos\SportTrack-Federaciones\SportTrack-v1.Controladores\Federaciones\EventoServices.cs(268,24): error CS1061: "Evento" no contiene una definición para "Ciudad" ni un método de extensión accesible "Ciudad" que acepte un primer argumento del tipo "Evento" (¿falta alguna directiva using o una referencia de ensamblado?) [C:\Users\EZEQU\source\repos\SportTrack-Federaciones\SportTrack-v1.Controladores\SportTrack-v1.Controladores.csproj]
C:\Users\EZEQU\source\repos\SportTrack-Federaciones\SportTrack-v1.Controladores\Federaciones\EventoServices.cs(269,24): error CS1061: "Evento" no contiene una definición para "Provincia" ni un método de extensión accesible "Provincia" que acepte un primer argumento del tipo "Evento" (¿falta alguna directiva using o una referencia de ensamblado?) [C:\Users\EZEQU\source\repos\SportTrack-Federaciones\SportTrack-v1.Controladores\SportTrack-v1.Controladores.csproj]
C:\Users\EZEQU\source\repos\SportTrack-Federaciones\SportTrack-v1.Controladores\Federaciones\EventoServices.cs(270,24): error CS1061: "Evento" no contiene una definición para "PrecioBase" ni un método de extensión accesible "PrecioBase" que acepte un primer argumento del tipo "Evento" (¿falta alguna directiva using o una referencia de ensamblado?) [C:\Users\EZEQU\source\repos\SportTrack-Federaciones\SportTrack-v1.Controladores\SportTrack-v1.Controladores.csproj]
C:\Users\EZEQU\source\repos\SportTrack-Federaciones\SportTrack-v1.Controladores\Federaciones\EventoServices.cs(271,24): error CS1061: "Evento" no contiene una definición para "CupoMaximo" ni un método de extensión accesible "CupoMaximo" que acepte un primer argumento del tipo "Evento" (¿falta alguna directiva using o una referencia de ensamblado?) [C:\Users\EZEQU\source\repos\SportTrack-Federaciones\SportTrack-v1.Controladores\SportTrack-v1.Controladores.csproj]
C:\Users\EZEQU\source\repos\SportTrack-Federaciones\SportTrack-v1.Controladores\Federaciones\EventoServices.cs(272,24): error CS1061: "Evento" no contiene una definición para "TieneCronometraje" ni un método de extensión accesible "TieneCronometraje" que acepte un primer argumento del tipo "Evento" (¿falta alguna directiva using o una referencia de ensamblado?) [C:\Users\EZEQU\source\repos\SportTrack-Federaciones\SportTrack-v1.Controladores\SportTrack-v1.Controladores.csproj]
C:\Users\EZEQU\source\repos\SportTrack-Federaciones\SportTrack-v1.Controladores\Federaciones\EventoServices.cs(273,24): error CS1061: "Evento" no contiene una definición para "RequiereCertificadoMedico" ni un método de extensión accesible "RequiereCertificadoMedico" que acepte un primer argumento del tipo "Evento" (¿falta alguna directiva using o una referencia de ensamblado?) [C:\Users\EZEQU\source\repos\SportTrack-Federaciones\SportTrack-v1.Controladores\SportTrack-v1.Controladores.csproj]
C:\Users\EZEQU\source\repos\SportTrack-Federaciones\SportTrack-v1.Controladores\Federaciones\EventoServices.cs(275,24): error CS1061: "Evento" no contiene una definición para "Activo" ni un método de extensión accesible "Activo" que acepte un primer argumento del tipo "Evento" (¿falta alguna directiva using o una referencia de ensamblado?) [C:\Users\EZEQU\source\repos\SportTrack-Federaciones\SportTrack-v1.Controladores\SportTrack-v1.Controladores.csproj]
C:\Users\EZEQU\source\repos\SportTrack-Federaciones\SportTrack-v1.Controladores\Federaciones\EventoServices.cs(275,43): error CS1061: "EventoUpdateDto" no contiene una definición para "Activo" ni un método de extensión accesible "Activo" que acepte un primer argumento del tipo "EventoUpdateDto" (¿falta alguna directiva using o una referencia de ensamblado?) [C:\Users\EZEQU\source\repos\SportTrack-Federaciones\SportTrack-v1.Controladores\SportTrack-v1.Controladores.csproj]
C:\Users\EZEQU\source\repos\SportTrack-Federaciones\SportTrack-v1.Controladores\Federaciones\EventoServices.cs(276,24): error CS1061: "Evento" no contiene una definición para "FechaActualizacion" ni un método de extensión accesible "FechaActualizacion" que acepte un primer argumento del tipo "Evento" (¿falta alguna directiva using o una referencia de ensamblado?) [C:\Users\EZEQU\source\repos\SportTrack-Federaciones\SportTrack-v1.Controladores\SportTrack-v1.Controladores.csproj]
C:\Users\EZEQU\source\repos\SportTrack-Federaciones\SportTrack-v1.Controladores\Federaciones\EventoServices.cs(293,29): error CS0117: 'EventoPrueba' no contiene una definición para 'IdPrueba' [C:\Users\EZEQU\source\repos\SportTrack-Federaciones\SportTrack-v1.Controladores\SportTrack-v1.Controladores.csproj]
C:\Users\EZEQU\source\repos\SportTrack-Federaciones\SportTrack-v1.Controladores\Federaciones\EventoServices.cs(328,24): error CS1061: "Evento" no contiene una definición para "Activo" ni un método de extensión accesible "Activo" que acepte un primer argumento del tipo "Evento" (¿falta alguna directiva using o una referencia de ensamblado?) [C:\Users\EZEQU\source\repos\SportTrack-Federaciones\SportTrack-v1.Controladores\SportTrack-v1.Controladores.csproj]
C:\Users\EZEQU\source\repos\SportTrack-Federaciones\SportTrack-v1.Controladores\Federaciones\EventoServices.cs(329,24): error CS1061: "Evento" no contiene una definición para "FechaActualizacion" ni un método de extensión accesible "FechaActualizacion" que acepte un primer argumento del tipo "Evento" (¿falta alguna directiva using o una referencia de ensamblado?) [C:\Users\EZEQU\source\repos\SportTrack-Federaciones\SportTrack-v1.Controladores\SportTrack-v1.Controladores.csproj]
C:\Users\EZEQU\source\repos\SportTrack-Federaciones\SportTrack-v1.Controladores\Federaciones\EventoServices.cs(350,24): error CS1061: "Evento" no contiene una definición para "Activo" ni un método de extensión accesible "Activo" que acepte un primer argumento del tipo "Evento" (¿falta alguna directiva using o una referencia de ensamblado?) [C:\Users\EZEQU\source\repos\SportTrack-Federaciones\SportTrack-v1.Controladores\SportTrack-v1.Controladores.csproj]
C:\Users\EZEQU\source\repos\SportTrack-Federaciones\SportTrack-v1.Controladores\Federaciones\EventoServices.cs(351,24): error CS1061: "Evento" no contiene una definición para "FechaActualizacion" ni un método de extensión accesible "FechaActualizacion" que acepte un primer argumento del tipo "Evento" (¿falta alguna directiva using o una referencia de ensamblado?) [C:\Users\EZEQU\source\repos\SportTrack-Federaciones\SportTrack-v1.Controladores\SportTrack-v1.Controladores.csproj]
C:\Users\EZEQU\source\repos\SportTrack-Federaciones\SportTrack-v1.Controladores\Federaciones\RolServices.cs(211,30): warning CS0168: La variable 'ex' se ha declarado pero nunca se usa [C:\Users\EZEQU\source\repos\SportTrack-Federaciones\SportTrack-v1.Controladores\SportTrack-v1.Controladores.csproj]
C:\Users\EZEQU\source\repos\SportTrack-Federaciones\SportTrack-v1.Controladores\Federaciones\RolServices.cs(195,41): warning CS1998: This async method lacks 'await' operators and will run synchronously. Consider using the 'await' operator to await non-blocking API calls, or 'await Task.Run(...)' to do CPU-bound work on a background thread. [C:\Users\EZEQU\source\repos\SportTrack-Federaciones\SportTrack-v1.Controladores\SportTrack-v1.Controladores.csproj]
C:\Users\EZEQU\source\repos\SportTrack-Federaciones\SportTrack-v1.Controladores\Extensions\DistanciaRegataExtensions.cs(148,27): warning CS8509: La expresión switch no controla todos los valores posibles de su tipo de entrada (no es exhaustivo). Por ejemplo, el patrón "32000.000000000000000000000001M" no está incluido. [C:\Users\EZEQU\source\repos\SportTrack-Federaciones\SportTrack-v1.Controladores\SportTrack-v1.Controladores.csproj]
C:\Users\EZEQU\source\repos\SportTrack-Federaciones\SportTrack-v1.Controladores\Federaciones\RolServices.cs(244,30): warning CS0168: La variable 'ex' se ha declarado pero nunca se usa [C:\Users\EZEQU\source\repos\SportTrack-Federaciones\SportTrack-v1.Controladores\SportTrack-v1.Controladores.csproj]
C:\Users\EZEQU\source\repos\SportTrack-Federaciones\SportTrack-v1.Controladores\Federaciones\RolServices.cs(287,38): warning CS0168: La variable 'dbEx' se ha declarado pero nunca se usa [C:\Users\EZEQU\source\repos\SportTrack-Federaciones\SportTrack-v1.Controladores\SportTrack-v1.Controladores.csproj]
C:\Users\EZEQU\source\repos\SportTrack-Federaciones\SportTrack-v1.Controladores\Federaciones\RolServices.cs(291,30): warning CS0168: La variable 'ex' se ha declarado pero nunca se usa [C:\Users\EZEQU\source\repos\SportTrack-Federaciones\SportTrack-v1.Controladores\SportTrack-v1.Controladores.csproj]
C:\Users\EZEQU\source\repos\SportTrack-Federaciones\SportTrack-v1.Controladores\Federaciones\RolServices.cs(333,30): warning CS0168: La variable 'ex' se ha declarado pero nunca se usa [C:\Users\EZEQU\source\repos\SportTrack-Federaciones\SportTrack-v1.Controladores\SportTrack-v1.Controladores.csproj]
C:\Users\EZEQU\source\repos\SportTrack-Federaciones\SportTrack-v1.Controladores\Federaciones\RolServices.cs(361,38): warning CS0168: La variable 'dbEx' se ha declarado pero nunca se usa [C:\Users\EZEQU\source\repos\SportTrack-Federaciones\SportTrack-v1.Controladores\SportTrack-v1.Controladores.csproj]
C:\Users\EZEQU\source\repos\SportTrack-Federaciones\SportTrack-v1.Controladores\Federaciones\RolServices.cs(365,30): warning CS0168: La variable 'ex' se ha declarado pero nunca se usa [C:\Users\EZEQU\source\repos\SportTrack-Federaciones\SportTrack-v1.Controladores\SportTrack-v1.Controladores.csproj]
C:\Users\EZEQU\source\repos\SportTrack-Federaciones\SportTrack-v1.Controladores\Federaciones\InscripcionServices.cs(303,123): error CS1061: "InscripcionCreateDto" no contiene una definición para "IdParticipante" ni un método de extensión accesible "IdParticipante" que acepte un primer argumento del tipo "InscripcionCreateDto" (¿falta alguna directiva using o una referencia de ensamblado?) [C:\Users\EZEQU\source\repos\SportTrack-Federaciones\SportTrack-v1.Controladores\SportTrack-v1.Controladores.csproj]
C:\Users\EZEQU\source\repos\SportTrack-Federaciones\SportTrack-v1.Controladores\Federaciones\InscripcionServices.cs(309,83): error CS1061: "EventoPrueba" no contiene una definición para "IdInscripcion" ni un método de extensión accesible "IdInscripcion" que acepte un primer argumento del tipo "EventoPrueba" (¿falta alguna directiva using o una referencia de ensamblado?) [C:\Users\EZEQU\source\repos\SportTrack-Federaciones\SportTrack-v1.Controladores\SportTrack-v1.Controladores.csproj]
C:\Users\EZEQU\source\repos\SportTrack-Federaciones\SportTrack-v1.Controladores\Federaciones\InscripcionServices.cs(309,121): error CS1061: "InscripcionCreateDto" no contiene una definición para "IdInscripcion" ni un método de extensión accesible "IdInscripcion" que acepte un primer argumento del tipo "InscripcionCreateDto" (¿falta alguna directiva using o una referencia de ensamblado?) [C:\Users\EZEQU\source\repos\SportTrack-Federaciones\SportTrack-v1.Controladores\SportTrack-v1.Controladores.csproj]
C:\Users\EZEQU\source\repos\SportTrack-Federaciones\SportTrack-v1.Controladores\Federaciones\InscripcionServices.cs(317,37): error CS1061: "Inscripcion" no contiene una definición para "IdEventoPrueba" ni un método de extensión accesible "IdEventoPrueba" que acepte un primer argumento del tipo "Inscripcion" (¿falta alguna directiva using o una referencia de ensamblado?) [C:\Users\EZEQU\source\repos\SportTrack-Federaciones\SportTrack-v1.Controladores\SportTrack-v1.Controladores.csproj]
C:\Users\EZEQU\source\repos\SportTrack-Federaciones\SportTrack-v1.Controladores\Federaciones\InscripcionServices.cs(326,29): error CS1061: "Inscripcion" no contiene una definición para "IdEventoPrueba" ni un método de extensión accesible "IdEventoPrueba" que acepte un primer argumento del tipo "Inscripcion" (¿falta alguna directiva using o una referencia de ensamblado?) [C:\Users\EZEQU\source\repos\SportTrack-Federaciones\SportTrack-v1.Controladores\SportTrack-v1.Controladores.csproj]
C:\Users\EZEQU\source\repos\SportTrack-Federaciones\SportTrack-v1.Controladores\Federaciones\InscripcionServices.cs(343,30): warning CS0168: La variable 'ex' se ha declarado pero nunca se usa [C:\Users\EZEQU\source\repos\SportTrack-Federaciones\SportTrack-v1.Controladores\SportTrack-v1.Controladores.csproj]
C:\Users\EZEQU\source\repos\SportTrack-Federaciones\SportTrack-v1.Controladores\Federaciones\RolServices.cs(385,25): error CS0117: 'RolTipo' no contiene una definición para 'AtletaFederado' [C:\Users\EZEQU\source\repos\SportTrack-Federaciones\SportTrack-v1.Controladores\SportTrack-v1.Controladores.csproj]
C:\Users\EZEQU\source\repos\SportTrack-Federaciones\SportTrack-v1.Controladores\Federaciones\InscripcionServices.cs(364,38): warning CS0168: La variable 'dbEx' se ha declarado pero nunca se usa [C:\Users\EZEQU\source\repos\SportTrack-Federaciones\SportTrack-v1.Controladores\SportTrack-v1.Controladores.csproj]
C:\Users\EZEQU\source\repos\SportTrack-Federaciones\SportTrack-v1.Controladores\Federaciones\InscripcionServices.cs(368,30): warning CS0168: La variable 'ex' se ha declarado pero nunca se usa [C:\Users\EZEQU\source\repos\SportTrack-Federaciones\SportTrack-v1.Controladores\SportTrack-v1.Controladores.csproj]
C:\Users\EZEQU\source\repos\SportTrack-Federaciones\SportTrack-v1.Controladores\Hubs\TimingHub.cs(10,23): warning CS8618: El elemento propiedad "ConnectionId" que no acepta valores NULL debe contener un valor distinto de NULL al salir del constructor. Considere la posibilidad de agregar el modificador "required'"o declarar el propiedad como un valor que acepta valores NULL. [C:\Users\EZEQU\source\repos\SportTrack-Federaciones\SportTrack-v1.Controladores\SportTrack-v1.Controladores.csproj]
C:\Users\EZEQU\source\repos\SportTrack-Federaciones\SportTrack-v1.Controladores\Hubs\TimingHub.cs(11,23): warning CS8618: El elemento propiedad "UserName" que no acepta valores NULL debe contener un valor distinto de NULL al salir del constructor. Considere la posibilidad de agregar el modificador "required'"o declarar el propiedad como un valor que acepta valores NULL. [C:\Users\EZEQU\source\repos\SportTrack-Federaciones\SportTrack-v1.Controladores\SportTrack-v1.Controladores.csproj]
C:\Users\EZEQU\source\repos\SportTrack-Federaciones\SportTrack-v1.Controladores\Hubs\TimingHub.cs(12,23): warning CS8618: El elemento propiedad "Role" que no acepta valores NULL debe contener un valor distinto de NULL al salir del constructor. Considere la posibilidad de agregar el modificador "required'"o declarar el propiedad como un valor que acepta valores NULL. [C:\Users\EZEQU\source\repos\SportTrack-Federaciones\SportTrack-v1.Controladores\SportTrack-v1.Controladores.csproj]
C:\Users\EZEQU\source\repos\SportTrack-Federaciones\SportTrack-v1.Controladores\Federaciones\EntrenadorServices.cs(252,82): error CS1061: "Participante" no contiene una definición para "ParticipanteId" ni un método de extensión accesible "ParticipanteId" que acepte un primer argumento del tipo "Participante" (¿falta alguna directiva using o una referencia de ensamblado?) [C:\Users\EZEQU\source\repos\SportTrack-Federaciones\SportTrack-v1.Controladores\SportTrack-v1.Controladores.csproj]
C:\Users\EZEQU\source\repos\SportTrack-Federaciones\SportTrack-v1.Controladores\Federaciones\EntrenadorServices.cs(260,76): error CS1061: "Club" no contiene una definición para "ParticipanteId" ni un método de extensión accesible "ParticipanteId" que acepte un primer argumento del tipo "Club" (¿falta alguna directiva using o una referencia de ensamblado?) [C:\Users\EZEQU\source\repos\SportTrack-Federaciones\SportTrack-v1.Controladores\SportTrack-v1.Controladores.csproj]
C:\Users\EZEQU\source\repos\SportTrack-Federaciones\SportTrack-v1.Controladores\Federaciones\EntrenadorServices.cs(260,129): error CS1061: "int" no contiene una definición para "Value" ni un método de extensión accesible "Value" que acepte un primer argumento del tipo "int" (¿falta alguna directiva using o una referencia de ensamblado?) [C:\Users\EZEQU\source\repos\SportTrack-Federaciones\SportTrack-v1.Controladores\SportTrack-v1.Controladores.csproj]
C:\Users\EZEQU\source\repos\SportTrack-Federaciones\SportTrack-v1.Controladores\Federaciones\EntrenadorServices.cs(267,122): error CS1061: "EntrenadorCreateDto" no contiene una definición para "IdParticipante" ni un método de extensión accesible "IdParticipante" que acepte un primer argumento del tipo "EntrenadorCreateDto" (¿falta alguna directiva using o una referencia de ensamblado?) [C:\Users\EZEQU\source\repos\SportTrack-Federaciones\SportTrack-v1.Controladores\SportTrack-v1.Controladores.csproj]
C:\Users\EZEQU\source\repos\SportTrack-Federaciones\SportTrack-v1.Controladores\Federaciones\EntrenadorServices.cs(286,21): error CS0117: 'Entrenador' no contiene una definición para 'ParticipanteId' [C:\Users\EZEQU\source\repos\SportTrack-Federaciones\SportTrack-v1.Controladores\SportTrack-v1.Controladores.csproj]
C:\Users\EZEQU\source\repos\SportTrack-Federaciones\SportTrack-v1.Controladores\Federaciones\EntrenadorServices.cs(288,21): error CS0117: 'Entrenador' no contiene una definición para 'IdFederacion' [C:\Users\EZEQU\source\repos\SportTrack-Federaciones\SportTrack-v1.Controladores\SportTrack-v1.Controladores.csproj]
C:\Users\EZEQU\source\repos\SportTrack-Federaciones\SportTrack-v1.Controladores\Federaciones\EntrenadorServices.cs(309,21): error CS0117: 'EntrenadorDto' no contiene una definición para 'IdParticipante' [C:\Users\EZEQU\source\repos\SportTrack-Federaciones\SportTrack-v1.Controladores\SportTrack-v1.Controladores.csproj]
C:\Users\EZEQU\source\repos\SportTrack-Federaciones\SportTrack-v1.Controladores\Federaciones\EntrenadorServices.cs(312,42): warning CS8601: Posible asignación de referencia nula. [C:\Users\EZEQU\source\repos\SportTrack-Federaciones\SportTrack-v1.Controladores\SportTrack-v1.Controladores.csproj]
C:\Users\EZEQU\source\repos\SportTrack-Federaciones\SportTrack-v1.Controladores\Federaciones\EntrenadorServices.cs(318,34): warning CS8602: Desreferencia de una referencia posiblemente NULL. [C:\Users\EZEQU\source\repos\SportTrack-Federaciones\SportTrack-v1.Controladores\SportTrack-v1.Controladores.csproj]
C:\Users\EZEQU\source\repos\SportTrack-Federaciones\SportTrack-v1.Controladores\Fase\FaseRepository.cs(43,47): warning CS8602: Desreferencia de una referencia posiblemente NULL. [C:\Users\EZEQU\source\repos\SportTrack-Federaciones\SportTrack-v1.Controladores\SportTrack-v1.Controladores.csproj]
C:\Users\EZEQU\source\repos\SportTrack-Federaciones\SportTrack-v1.Controladores\Federaciones\EntrenadorServices.cs(355,76): error CS1061: "Club" no contiene una definición para "ParticipanteId" ni un método de extensión accesible "ParticipanteId" que acepte un primer argumento del tipo "Club" (¿falta alguna directiva using o una referencia de ensamblado?) [C:\Users\EZEQU\source\repos\SportTrack-Federaciones\SportTrack-v1.Controladores\SportTrack-v1.Controladores.csproj]
C:\Users\EZEQU\source\repos\SportTrack-Federaciones\SportTrack-v1.Controladores\Federaciones\EntrenadorServices.cs(355,129): error CS1061: "int" no contiene una definición para "Value" ni un método de extensión accesible "Value" que acepte un primer argumento del tipo "int" (¿falta alguna directiva using o una referencia de ensamblado?) [C:\Users\EZEQU\source\repos\SportTrack-Federaciones\SportTrack-v1.Controladores\SportTrack-v1.Controladores.csproj]
C:\Users\EZEQU\source\repos\SportTrack-Federaciones\SportTrack-v1.Controladores\Inscripcion\InscripcionService.cs(51,39): warning CS8602: Desreferencia de una referencia posiblemente NULL. [C:\Users\EZEQU\source\repos\SportTrack-Federaciones\SportTrack-v1.Controladores\SportTrack-v1.Controladores.csproj]
C:\Users\EZEQU\source\repos\SportTrack-Federaciones\SportTrack-v1.Controladores\Federaciones\EventoServices.cs(414,35): error CS1061: "Evento" no contiene una definición para "Activo" ni un método de extensión accesible "Activo" que acepte un primer argumento del tipo "Evento" (¿falta alguna directiva using o una referencia de ensamblado?) [C:\Users\EZEQU\source\repos\SportTrack-Federaciones\SportTrack-v1.Controladores\SportTrack-v1.Controladores.csproj]
C:\Users\EZEQU\source\repos\SportTrack-Federaciones\SportTrack-v1.Controladores\Federaciones\EventoServices.cs(414,47): error CS1061: "Evento" no contiene una definición para "FechaInicio" ni un método de extensión accesible "FechaInicio" que acepte un primer argumento del tipo "Evento" (¿falta alguna directiva using o una referencia de ensamblado?) [C:\Users\EZEQU\source\repos\SportTrack-Federaciones\SportTrack-v1.Controladores\SportTrack-v1.Controladores.csproj]
C:\Users\EZEQU\source\repos\SportTrack-Federaciones\SportTrack-v1.Controladores\Federaciones\EventoServices.cs(428,49): error CS1061: "Participante" no contiene una definición para "IdClub" ni un método de extensión accesible "IdClub" que acepte un primer argumento del tipo "Participante" (¿falta alguna directiva using o una referencia de ensamblado?) [C:\Users\EZEQU\source\repos\SportTrack-Federaciones\SportTrack-v1.Controladores\SportTrack-v1.Controladores.csproj]
C:\Users\EZEQU\source\repos\SportTrack-Federaciones\SportTrack-v1.Controladores\Federaciones\TenantProvider.cs(18,20): warning CS8603: Posible tipo de valor devuelto de referencia nulo. [C:\Users\EZEQU\source\repos\SportTrack-Federaciones\SportTrack-v1.Controladores\SportTrack-v1.Controladores.csproj]
C:\Users\EZEQU\source\repos\SportTrack-Federaciones\SportTrack-v1.Controladores\Federaciones\FederacionServices.cs(51,30): warning CS0168: La variable 'ex' se ha declarado pero nunca se usa [C:\Users\EZEQU\source\repos\SportTrack-Federaciones\SportTrack-v1.Controladores\SportTrack-v1.Controladores.csproj]
C:\Users\EZEQU\source\repos\SportTrack-Federaciones\SportTrack-v1.Controladores\Fase\FaseService.cs(265,20): warning CS8603: Posible tipo de valor devuelto de referencia nulo. [C:\Users\EZEQU\source\repos\SportTrack-Federaciones\SportTrack-v1.Controladores\SportTrack-v1.Controladores.csproj]
C:\Users\EZEQU\source\repos\SportTrack-Federaciones\SportTrack-v1.Controladores\Federaciones\FederacionServices.cs(92,30): warning CS0168: La variable 'ex' se ha declarado pero nunca se usa [C:\Users\EZEQU\source\repos\SportTrack-Federaciones\SportTrack-v1.Controladores\SportTrack-v1.Controladores.csproj]
C:\Users\EZEQU\source\repos\SportTrack-Federaciones\SportTrack-v1.Controladores\Federaciones\FederacionServices.cs(156,38): warning CS0168: La variable 'dbEx' se ha declarado pero nunca se usa [C:\Users\EZEQU\source\repos\SportTrack-Federaciones\SportTrack-v1.Controladores\SportTrack-v1.Controladores.csproj]
C:\Users\EZEQU\source\repos\SportTrack-Federaciones\SportTrack-v1.Controladores\Federaciones\FederacionServices.cs(160,30): warning CS0168: La variable 'ex' se ha declarado pero nunca se usa [C:\Users\EZEQU\source\repos\SportTrack-Federaciones\SportTrack-v1.Controladores\SportTrack-v1.Controladores.csproj]
C:\Users\EZEQU\source\repos\SportTrack-Federaciones\SportTrack-v1.Controladores\Federaciones\FederacionServices.cs(213,30): warning CS0168: La variable 'ex' se ha declarado pero nunca se usa [C:\Users\EZEQU\source\repos\SportTrack-Federaciones\SportTrack-v1.Controladores\SportTrack-v1.Controladores.csproj]
C:\Users\EZEQU\source\repos\SportTrack-Federaciones\SportTrack-v1.Controladores\Federaciones\FederacionServices.cs(234,38): warning CS0168: La variable 'dbEx' se ha declarado pero nunca se usa [C:\Users\EZEQU\source\repos\SportTrack-Federaciones\SportTrack-v1.Controladores\SportTrack-v1.Controladores.csproj]
C:\Users\EZEQU\source\repos\SportTrack-Federaciones\SportTrack-v1.Controladores\Federaciones\FederacionServices.cs(238,30): warning CS0168: La variable 'ex' se ha declarado pero nunca se usa [C:\Users\EZEQU\source\repos\SportTrack-Federaciones\SportTrack-v1.Controladores\SportTrack-v1.Controladores.csproj]
C:\Users\EZEQU\source\repos\SportTrack-Federaciones\SportTrack-v1.Controladores\Inscripcion\InscripcionRepository.cs(24,39): warning CS8602: Desreferencia de una referencia posiblemente NULL. [C:\Users\EZEQU\source\repos\SportTrack-Federaciones\SportTrack-v1.Controladores\SportTrack-v1.Controladores.csproj]
C:\Users\EZEQU\source\repos\SportTrack-Federaciones\SportTrack-v1.Controladores\PagosSIGDEF\Services\MercadoPagoServices.cs(104,29): warning CS8601: Posible asignación de referencia nula. [C:\Users\EZEQU\source\repos\SportTrack-Federaciones\SportTrack-v1.Controladores\SportTrack-v1.Controladores.csproj]
C:\Users\EZEQU\source\repos\SportTrack-Federaciones\SportTrack-v1.Controladores\Fase\FaseRepository.cs(124,47): warning CS8602: Desreferencia de una referencia posiblemente NULL. [C:\Users\EZEQU\source\repos\SportTrack-Federaciones\SportTrack-v1.Controladores\SportTrack-v1.Controladores.csproj]
C:\Users\EZEQU\source\repos\SportTrack-Federaciones\SportTrack-v1.Controladores\Inscripcion\InscripcionRepository.cs(49,39): warning CS8602: Desreferencia de una referencia posiblemente NULL. [C:\Users\EZEQU\source\repos\SportTrack-Federaciones\SportTrack-v1.Controladores\SportTrack-v1.Controladores.csproj]
C:\Users\EZEQU\source\repos\SportTrack-Federaciones\SportTrack-v1.Controladores\Federaciones\EventoServices.cs(488,35): error CS1061: "Evento" no contiene una definición para "Activo" ni un método de extensión accesible "Activo" que acepte un primer argumento del tipo "Evento" (¿falta alguna directiva using o una referencia de ensamblado?) [C:\Users\EZEQU\source\repos\SportTrack-Federaciones\SportTrack-v1.Controladores\SportTrack-v1.Controladores.csproj]
C:\Users\EZEQU\source\repos\SportTrack-Federaciones\SportTrack-v1.Controladores\Federaciones\EventoServices.cs(488,47): error CS1061: "Evento" no contiene una definición para "PuedeInscribirse" ni un método de extensión accesible "PuedeInscribirse" que acepte un primer argumento del tipo "Evento" (¿falta alguna directiva using o una referencia de ensamblado?) [C:\Users\EZEQU\source\repos\SportTrack-Federaciones\SportTrack-v1.Controladores\SportTrack-v1.Controladores.csproj]
C:\Users\EZEQU\source\repos\SportTrack-Federaciones\SportTrack-v1.Controladores\Pago\PagoService.cs(30,40): warning CS8602: Desreferencia de una referencia posiblemente NULL. [C:\Users\EZEQU\source\repos\SportTrack-Federaciones\SportTrack-v1.Controladores\SportTrack-v1.Controladores.csproj]
C:\Users\EZEQU\source\repos\SportTrack-Federaciones\SportTrack-v1.Controladores\Pago\PagoService.cs(32,39): warning CS8602: Desreferencia de una referencia posiblemente NULL. [C:\Users\EZEQU\source\repos\SportTrack-Federaciones\SportTrack-v1.Controladores\SportTrack-v1.Controladores.csproj]
C:\Users\EZEQU\source\repos\SportTrack-Federaciones\SportTrack-v1.Controladores\Pago\PagoService.cs(35,39): warning CS8602: Desreferencia de una referencia posiblemente NULL. [C:\Users\EZEQU\source\repos\SportTrack-Federaciones\SportTrack-v1.Controladores\SportTrack-v1.Controladores.csproj]
C:\Users\EZEQU\source\repos\SportTrack-Federaciones\SportTrack-v1.Controladores\Pago\PagoService.cs(39,39): warning CS8602: Desreferencia de una referencia posiblemente NULL. [C:\Users\EZEQU\source\repos\SportTrack-Federaciones\SportTrack-v1.Controladores\SportTrack-v1.Controladores.csproj]
C:\Users\EZEQU\source\repos\SportTrack-Federaciones\SportTrack-v1.Controladores\Pago\PagoService.cs(43,39): warning CS8602: Desreferencia de una referencia posiblemente NULL. [C:\Users\EZEQU\source\repos\SportTrack-Federaciones\SportTrack-v1.Controladores\SportTrack-v1.Controladores.csproj]
C:\Users\EZEQU\source\repos\SportTrack-Federaciones\SportTrack-v1.Controladores\Federaciones\EventoServices.cs(511,35): error CS1061: "Evento" no contiene una definición para "Activo" ni un método de extensión accesible "Activo" que acepte un primer argumento del tipo "Evento" (¿falta alguna directiva using o una referencia de ensamblado?) [C:\Users\EZEQU\source\repos\SportTrack-Federaciones\SportTrack-v1.Controladores\SportTrack-v1.Controladores.csproj]
C:\Users\EZEQU\source\repos\SportTrack-Federaciones\SportTrack-v1.Controladores\Federaciones\EventoServices.cs(511,71): error CS0019: El operador '==' no se puede aplicar a operandos del tipo 'Distancia' y 'DistanciaRegata' [C:\Users\EZEQU\source\repos\SportTrack-Federaciones\SportTrack-v1.Controladores\SportTrack-v1.Controladores.csproj]
C:\Users\EZEQU\source\repos\SportTrack-Federaciones\SportTrack-v1.Controladores\Federaciones\EventoServices.cs(524,62): warning CS1998: This async method lacks 'await' operators and will run synchronously. Consider using the 'await' operator to await non-blocking API calls, or 'await Task.Run(...)' to do CPU-bound work on a background thread. [C:\Users\EZEQU\source\repos\SportTrack-Federaciones\SportTrack-v1.Controladores\SportTrack-v1.Controladores.csproj]
C:\Users\EZEQU\source\repos\SportTrack-Federaciones\SportTrack-v1.Controladores\Inscripcion\InscripcionRepository.cs(109,39): warning CS8602: Desreferencia de una referencia posiblemente NULL. [C:\Users\EZEQU\source\repos\SportTrack-Federaciones\SportTrack-v1.Controladores\SportTrack-v1.Controladores.csproj]
C:\Users\EZEQU\source\repos\SportTrack-Federaciones\SportTrack-v1.Controladores\Pago\PagoService.cs(167,39): warning CS8602: Desreferencia de una referencia posiblemente NULL. [C:\Users\EZEQU\source\repos\SportTrack-Federaciones\SportTrack-v1.Controladores\SportTrack-v1.Controladores.csproj]
C:\Users\EZEQU\source\repos\SportTrack-Federaciones\SportTrack-v1.Controladores\Federaciones\EventoServices.cs(573,17): error CS0019: El operador '==' no se puede aplicar a operandos del tipo 'Distancia' y 'DistanciaRegata' [C:\Users\EZEQU\source\repos\SportTrack-Federaciones\SportTrack-v1.Controladores\SportTrack-v1.Controladores.csproj]
C:\Users\EZEQU\source\repos\SportTrack-Federaciones\SportTrack-v1.Controladores\Federaciones\EventoServices.cs(574,17): error CS0019: El operador '==' no se puede aplicar a operandos del tipo 'int' y 'CategoriaEdad' [C:\Users\EZEQU\source\repos\SportTrack-Federaciones\SportTrack-v1.Controladores\SportTrack-v1.Controladores.csproj]
C:\Users\EZEQU\source\repos\SportTrack-Federaciones\SportTrack-v1.Controladores\Federaciones\EventoServices.cs(575,17): error CS0019: El operador '==' no se puede aplicar a operandos del tipo 'int' y 'SexoCompetencia' [C:\Users\EZEQU\source\repos\SportTrack-Federaciones\SportTrack-v1.Controladores\SportTrack-v1.Controladores.csproj]
C:\Users\EZEQU\source\repos\SportTrack-Federaciones\SportTrack-v1.Controladores\Federaciones\EventoServices.cs(576,17): error CS0019: El operador '==' no se puede aplicar a operandos del tipo 'int' y 'TipoBote' [C:\Users\EZEQU\source\repos\SportTrack-Federaciones\SportTrack-v1.Controladores\SportTrack-v1.Controladores.csproj]
C:\Users\EZEQU\source\repos\SportTrack-Federaciones\SportTrack-v1.Controladores\Federaciones\EventoServices.cs(582,29): error CS0029: No se puede convertir implícitamente el tipo 'SportTrack_v1.Entidades.Enums.DistanciaRegata' en 'SportTrack_v1.Entidades.Entidades.Distancia' [C:\Users\EZEQU\source\repos\SportTrack-Federaciones\SportTrack-v1.Controladores\SportTrack-v1.Controladores.csproj]
C:\Users\EZEQU\source\repos\SportTrack-Federaciones\SportTrack-v1.Controladores\Federaciones\EventoServices.cs(583,17): error CS0117: 'Prueba' no contiene una definición para 'CategoriaEdad' [C:\Users\EZEQU\source\repos\SportTrack-Federaciones\SportTrack-v1.Controladores\SportTrack-v1.Controladores.csproj]
C:\Users\EZEQU\source\repos\SportTrack-Federaciones\SportTrack-v1.Controladores\Federaciones\EventoServices.cs(584,17): error CS0117: 'Prueba' no contiene una definición para 'SexoCompetencia' [C:\Users\EZEQU\source\repos\SportTrack-Federaciones\SportTrack-v1.Controladores\SportTrack-v1.Controladores.csproj]
C:\Users\EZEQU\source\repos\SportTrack-Federaciones\SportTrack-v1.Controladores\Federaciones\EventoServices.cs(585,17): error CS0117: 'Prueba' no contiene una definición para 'TipoBote' [C:\Users\EZEQU\source\repos\SportTrack-Federaciones\SportTrack-v1.Controladores\SportTrack-v1.Controladores.csproj]
C:\Users\EZEQU\source\repos\SportTrack-Federaciones\SportTrack-v1.Controladores\Inscripcion\InscripcionRepository.cs(134,39): warning CS8602: Desreferencia de una referencia posiblemente NULL. [C:\Users\EZEQU\source\repos\SportTrack-Federaciones\SportTrack-v1.Controladores\SportTrack-v1.Controladores.csproj]
C:\Users\EZEQU\source\repos\SportTrack-Federaciones\SportTrack-v1.Controladores\Inscripcion\InscripcionRepository.cs(152,30): warning CS8602: Desreferencia de una referencia posiblemente NULL. [C:\Users\EZEQU\source\repos\SportTrack-Federaciones\SportTrack-v1.Controladores\SportTrack-v1.Controladores.csproj]

ERROR al compilar.

C:\Users\EZEQU\source\repos\SportTrack-Federaciones\SportTrack-v1.Controladores\Federaciones\EventoServices.cs(10,7): warning CS0105: La directiva using para 'SportTrack_v1.Entidades.Entidades' aparece previamente en este espacio de nombres [C:\Users\EZEQU\source\repos\SportTrack-Federaciones\SportTrack-v1.Controladores\SportTrack-v1.Controladores.csproj]
C:\Users\EZEQU\source\repos\SportTrack-Federaciones\SportTrack-v1.Controladores\Hubs\TimingHub.cs(116,36): warning CS8765: La nulabilidad del tipo de parámetro "exception" no coincide con el miembro invalidado (posiblemente debido a los atributos de nulabilidad). [C:\Users\EZEQU\source\repos\SportTrack-Federaciones\SportTrack-v1.Controladores\SportTrack-v1.Controladores.csproj]
C:\Users\EZEQU\source\repos\SportTrack-Federaciones\SportTrack-v1.Controladores\Federaciones\DTOs\Persona\PersonaDto.cs(21,21): warning CS8618: El elemento propiedad "Sexo" que no acepta valores NULL debe contener un valor distinto de NULL al salir del constructor. Considere la posibilidad de agregar el modificador "required'"o declarar el propiedad como un valor que acepta valores NULL. [C:\Users\EZEQU\source\repos\SportTrack-Federaciones\SportTrack-v1.Controladores\SportTrack-v1.Controladores.csproj]
C:\Users\EZEQU\source\repos\SportTrack-Federaciones\SportTrack-v1.Controladores\Federaciones\DTOs\Persona\PersonaDetailDto.cs(28,21): warning CS8618: El elemento propiedad "Sexo" que no acepta valores NULL debe contener un valor distinto de NULL al salir del constructor. Considere la posibilidad de agregar el modificador "required'"o declarar el propiedad como un valor que acepta valores NULL. [C:\Users\EZEQU\source\repos\SportTrack-Federaciones\SportTrack-v1.Controladores\SportTrack-v1.Controladores.csproj]
C:\Users\EZEQU\source\repos\SportTrack-Federaciones\SportTrack-v1.Controladores\Federaciones\DTOs\Persona\PersonaCreateDto.cs(39,21): warning CS8618: El elemento propiedad "Sexo" que no acepta valores NULL debe contener un valor distinto de NULL al salir del constructor. Considere la posibilidad de agregar el modificador "required'"o declarar el propiedad como un valor que acepta valores NULL. [C:\Users\EZEQU\source\repos\SportTrack-Federaciones\SportTrack-v1.Controladores\SportTrack-v1.Controladores.csproj]
C:\Users\EZEQU\source\repos\SportTrack-Federaciones\SportTrack-v1.Controladores\SaaS\SaaSService.cs(43,35): warning CS8603: Posible tipo de valor devuelto de referencia nulo. [C:\Users\EZEQU\source\repos\SportTrack-Federaciones\SportTrack-v1.Controladores\SportTrack-v1.Controladores.csproj]
C:\Users\EZEQU\source\repos\SportTrack-Federaciones\SportTrack-v1.Controladores\Federaciones\DTOs\Atleta\AtletaDto.cs(14,23): warning CS8618: El elemento propiedad "Documento" que no acepta valores NULL debe contener un valor distinto de NULL al salir del constructor. Considere la posibilidad de agregar el modificador "required'"o declarar el propiedad como un valor que acepta valores NULL. [C:\Users\EZEQU\source\repos\SportTrack-Federaciones\SportTrack-v1.Controladores\SportTrack-v1.Controladores.csproj]
C:\Users\EZEQU\source\repos\SportTrack-Federaciones\SportTrack-v1.Controladores\Federaciones\PagoTransaccionController.cs(159,41): warning CS8601: Posible asignación de referencia nula. [C:\Users\EZEQU\source\repos\SportTrack-Federaciones\SportTrack-v1.Controladores\SportTrack-v1.Controladores.csproj]
C:\Users\EZEQU\source\repos\SportTrack-Federaciones\SportTrack-v1.Controladores\Federaciones\PagoTransaccionController.cs(163,41): warning CS8601: Posible asignación de referencia nula. [C:\Users\EZEQU\source\repos\SportTrack-Federaciones\SportTrack-v1.Controladores\SportTrack-v1.Controladores.csproj]
C:\Users\EZEQU\source\repos\SportTrack-Federaciones\SportTrack-v1.Controladores\Federaciones\PagoTransaccionController.cs(169,41): warning CS8601: Posible asignación de referencia nula. [C:\Users\EZEQU\source\repos\SportTrack-Federaciones\SportTrack-v1.Controladores\SportTrack-v1.Controladores.csproj]
C:\Users\EZEQU\source\repos\SportTrack-Federaciones\SportTrack-v1.Controladores\Federaciones\PagoTransaccionController.cs(170,40): warning CS8601: Posible asignación de referencia nula. [C:\Users\EZEQU\source\repos\SportTrack-Federaciones\SportTrack-v1.Controladores\SportTrack-v1.Controladores.csproj]
C:\Users\EZEQU\source\repos\SportTrack-Federaciones\SportTrack-v1.Controladores\Federaciones\DTOs\Evento\EventoResponseDto.cs(70,24): warning CS8603: Posible tipo de valor devuelto de referencia nulo. [C:\Users\EZEQU\source\repos\SportTrack-Federaciones\SportTrack-v1.Controladores\SportTrack-v1.Controladores.csproj]
C:\Users\EZEQU\source\repos\SportTrack-Federaciones\SportTrack-v1.Controladores\Federaciones\DTOs\Evento\EventoResponseDto.cs(87,28): warning CS8629: Un tipo que acepta valores NULL puede ser nulo. [C:\Users\EZEQU\source\repos\SportTrack-Federaciones\SportTrack-v1.Controladores\SportTrack-v1.Controladores.csproj]
C:\Users\EZEQU\source\repos\SportTrack-Federaciones\SportTrack-v1.Controladores\Federaciones\DTOs\Evento\EventoPruebaResponseDto.cs(31,35): warning CS8601: Posible asignación de referencia nula. [C:\Users\EZEQU\source\repos\SportTrack-Federaciones\SportTrack-v1.Controladores\SportTrack-v1.Controladores.csproj]
C:\Users\EZEQU\source\repos\SportTrack-Federaciones\SportTrack-v1.Controladores\Federaciones\DTOs\Evento\EventoDto.cs(14,23): warning CS8618: El elemento propiedad "Descripcion" que no acepta valores NULL debe contener un valor distinto de NULL al salir del constructor. Considere la posibilidad de agregar el modificador "required'"o declarar el propiedad como un valor que acepta valores NULL. [C:\Users\EZEQU\source\repos\SportTrack-Federaciones\SportTrack-v1.Controladores\SportTrack-v1.Controladores.csproj]
C:\Users\EZEQU\source\repos\SportTrack-Federaciones\SportTrack-v1.Controladores\Federaciones\DTOs\Evento\EventoDto.cs(15,23): warning CS8618: El elemento propiedad "TipoEvento" que no acepta valores NULL debe contener un valor distinto de NULL al salir del constructor. Considere la posibilidad de agregar el modificador "required'"o declarar el propiedad como un valor que acepta valores NULL. [C:\Users\EZEQU\source\repos\SportTrack-Federaciones\SportTrack-v1.Controladores\SportTrack-v1.Controladores.csproj]
C:\Users\EZEQU\source\repos\SportTrack-Federaciones\SportTrack-v1.Controladores\Federaciones\DTOs\Evento\EventoDto.cs(16,23): warning CS8618: El elemento propiedad "Ubicacion" que no acepta valores NULL debe contener un valor distinto de NULL al salir del constructor. Considere la posibilidad de agregar el modificador "required'"o declarar el propiedad como un valor que acepta valores NULL. [C:\Users\EZEQU\source\repos\SportTrack-Federaciones\SportTrack-v1.Controladores\SportTrack-v1.Controladores.csproj]
C:\Users\EZEQU\source\repos\SportTrack-Federaciones\SportTrack-v1.Controladores\SaaS\SaaSService.cs(178,32): warning CS8601: Posible asignación de referencia nula. [C:\Users\EZEQU\source\repos\SportTrack-Federaciones\SportTrack-v1.Controladores\SportTrack-v1.Controladores.csproj]
C:\Users\EZEQU\source\repos\SportTrack-Federaciones\SportTrack-v1.Controladores\SaaS\SaaSService.cs(179,33): warning CS8601: Posible asignación de referencia nula. [C:\Users\EZEQU\source\repos\SportTrack-Federaciones\SportTrack-v1.Controladores\SportTrack-v1.Controladores.csproj]
C:\Users\EZEQU\source\repos\SportTrack-Federaciones\SportTrack-v1.Controladores\Federaciones\DTOs\EventoPrueba\EventoPruebaDto.cs(10,62): warning CS8618: El elemento propiedad "Prueba" que no acepta valores NULL debe contener un valor distinto de NULL al salir del constructor. Considere la posibilidad de agregar el modificador "required'"o declarar el propiedad como un valor que acepta valores NULL. [C:\Users\EZEQU\source\repos\SportTrack-Federaciones\SportTrack-v1.Controladores\SportTrack-v1.Controladores.csproj]
C:\Users\EZEQU\source\repos\SportTrack-Federaciones\SportTrack-v1.Controladores\Federaciones\DTOs\DocumentoUploadDto.cs(8,26): warning CS8618: El elemento propiedad "File" que no acepta valores NULL debe contener un valor distinto de NULL al salir del constructor. Considere la posibilidad de agregar el modificador "required'"o declarar el propiedad como un valor que acepta valores NULL. [C:\Users\EZEQU\source\repos\SportTrack-Federaciones\SportTrack-v1.Controladores\SportTrack-v1.Controladores.csproj]
C:\Users\EZEQU\source\repos\SportTrack-Federaciones\SportTrack-v1.Controladores\Federaciones\UsuarioServices.cs(54,41): warning CS8602: Desreferencia de una referencia posiblemente NULL. [C:\Users\EZEQU\source\repos\SportTrack-Federaciones\SportTrack-v1.Controladores\SportTrack-v1.Controladores.csproj]
C:\Users\EZEQU\source\repos\SportTrack-Federaciones\SportTrack-v1.Controladores\SaaS\Dtos\ClubSaaSStatusDto.cs(40,23): warning CS8618: El elemento propiedad "Nombre" que no acepta valores NULL debe contener un valor distinto de NULL al salir del constructor. Considere la posibilidad de agregar el modificador "required'"o declarar el propiedad como un valor que acepta valores NULL. [C:\Users\EZEQU\source\repos\SportTrack-Federaciones\SportTrack-v1.Controladores\SportTrack-v1.Controladores.csproj]
C:\Users\EZEQU\source\repos\SportTrack-Federaciones\SportTrack-v1.Controladores\SaaS\Dtos\ClubSaaSStatusDto.cs(42,23): warning CS8618: El elemento propiedad "Estado" que no acepta valores NULL debe contener un valor distinto de NULL al salir del constructor. Considere la posibilidad de agregar el modificador "required'"o declarar el propiedad como un valor que acepta valores NULL. [C:\Users\EZEQU\source\repos\SportTrack-Federaciones\SportTrack-v1.Controladores\SportTrack-v1.Controladores.csproj]
C:\Users\EZEQU\source\repos\SportTrack-Federaciones\SportTrack-v1.Controladores\SaaS\Dtos\ClubSaaSStatusDto.cs(9,23): warning CS8618: El elemento propiedad "ClubNombre" que no acepta valores NULL debe contener un valor distinto de NULL al salir del constructor. Considere la posibilidad de agregar el modificador "required'"o declarar el propiedad como un valor que acepta valores NULL. [C:\Users\EZEQU\source\repos\SportTrack-Federaciones\SportTrack-v1.Controladores\SportTrack-v1.Controladores.csproj]
C:\Users\EZEQU\source\repos\SportTrack-Federaciones\SportTrack-v1.Controladores\SaaS\Dtos\ClubSaaSStatusDto.cs(16,23): warning CS8618: El elemento propiedad "PlanNombre" que no acepta valores NULL debe contener un valor distinto de NULL al salir del constructor. Considere la posibilidad de agregar el modificador "required'"o declarar el propiedad como un valor que acepta valores NULL. [C:\Users\EZEQU\source\repos\SportTrack-Federaciones\SportTrack-v1.Controladores\SportTrack-v1.Controladores.csproj]
C:\Users\EZEQU\source\repos\SportTrack-Federaciones\SportTrack-v1.Controladores\SaaS\Dtos\ClubSaaSStatusDto.cs(31,23): warning CS8618: El elemento propiedad "FrecuenciaPago" que no acepta valores NULL debe contener un valor distinto de NULL al salir del constructor. Considere la posibilidad de agregar el modificador "required'"o declarar el propiedad como un valor que acepta valores NULL. [C:\Users\EZEQU\source\repos\SportTrack-Federaciones\SportTrack-v1.Controladores\SportTrack-v1.Controladores.csproj]
C:\Users\EZEQU\source\repos\SportTrack-Federaciones\SportTrack-v1.Controladores\Resultado\ResultadoRepository.cs(32,43): warning CS8602: Desreferencia de una referencia posiblemente NULL. [C:\Users\EZEQU\source\repos\SportTrack-Federaciones\SportTrack-v1.Controladores\SportTrack-v1.Controladores.csproj]
C:\Users\EZEQU\source\repos\SportTrack-Federaciones\SportTrack-v1.Controladores\Resultado\ResultadoRepository.cs(45,43): warning CS8602: Desreferencia de una referencia posiblemente NULL. [C:\Users\EZEQU\source\repos\SportTrack-Federaciones\SportTrack-v1.Controladores\SportTrack-v1.Controladores.csproj]
C:\Users\EZEQU\source\repos\SportTrack-Federaciones\SportTrack-v1.Controladores\Federaciones\UsuarioServices.cs(86,34): warning CS8602: Desreferencia de una referencia posiblemente NULL. [C:\Users\EZEQU\source\repos\SportTrack-Federaciones\SportTrack-v1.Controladores\SportTrack-v1.Controladores.csproj]
C:\Users\EZEQU\source\repos\SportTrack-Federaciones\SportTrack-v1.Controladores\Federaciones\UsuarioServices.cs(89,41): warning CS8601: Posible asignación de referencia nula. [C:\Users\EZEQU\source\repos\SportTrack-Federaciones\SportTrack-v1.Controladores\SportTrack-v1.Controladores.csproj]
C:\Users\EZEQU\source\repos\SportTrack-Federaciones\SportTrack-v1.Controladores\Federaciones\UsuarioServices.cs(93,41): warning CS8601: Posible asignación de referencia nula. [C:\Users\EZEQU\source\repos\SportTrack-Federaciones\SportTrack-v1.Controladores\SportTrack-v1.Controladores.csproj]
C:\Users\EZEQU\source\repos\SportTrack-Federaciones\SportTrack-v1.Controladores\Federaciones\UsuarioServices.cs(125,41): warning CS8602: Desreferencia de una referencia posiblemente NULL. [C:\Users\EZEQU\source\repos\SportTrack-Federaciones\SportTrack-v1.Controladores\SportTrack-v1.Controladores.csproj]
C:\Users\EZEQU\source\repos\SportTrack-Federaciones\SportTrack-v1.Controladores\Federaciones\UsuarioServices.cs(198,37): warning CS8602: Desreferencia de una referencia posiblemente NULL. [C:\Users\EZEQU\source\repos\SportTrack-Federaciones\SportTrack-v1.Controladores\SportTrack-v1.Controladores.csproj]
C:\Users\EZEQU\source\repos\SportTrack-Federaciones\SportTrack-v1.Controladores\Federaciones\UsuarioServices.cs(247,37): warning CS8602: Desreferencia de una referencia posiblemente NULL. [C:\Users\EZEQU\source\repos\SportTrack-Federaciones\SportTrack-v1.Controladores\SportTrack-v1.Controladores.csproj]
C:\Users\EZEQU\source\repos\SportTrack-Federaciones\SportTrack-v1.Controladores\Federaciones\AtletaServices.cs(76,41): warning CS8601: Posible asignación de referencia nula. [C:\Users\EZEQU\source\repos\SportTrack-Federaciones\SportTrack-v1.Controladores\SportTrack-v1.Controladores.csproj]
C:\Users\EZEQU\source\repos\SportTrack-Federaciones\SportTrack-v1.Controladores\Federaciones\AtletaServices.cs(80,41): warning CS8601: Posible asignación de referencia nula. [C:\Users\EZEQU\source\repos\SportTrack-Federaciones\SportTrack-v1.Controladores\SportTrack-v1.Controladores.csproj]
C:\Users\EZEQU\source\repos\SportTrack-Federaciones\SportTrack-v1.Controladores\Federaciones\AtletaServices.cs(106,30): warning CS0168: La variable 'ex' se ha declarado pero nunca se usa [C:\Users\EZEQU\source\repos\SportTrack-Federaciones\SportTrack-v1.Controladores\SportTrack-v1.Controladores.csproj]
C:\Users\EZEQU\source\repos\SportTrack-Federaciones\SportTrack-v1.Controladores\Federaciones\AtletaTutorServices.cs(42,38): warning CS8602: Desreferencia de una referencia posiblemente NULL. [C:\Users\EZEQU\source\repos\SportTrack-Federaciones\SportTrack-v1.Controladores\SportTrack-v1.Controladores.csproj]
C:\Users\EZEQU\source\repos\SportTrack-Federaciones\SportTrack-v1.Controladores\Federaciones\AtletaTutorServices.cs(48,30): warning CS0168: La variable 'ex' se ha declarado pero nunca se usa [C:\Users\EZEQU\source\repos\SportTrack-Federaciones\SportTrack-v1.Controladores\SportTrack-v1.Controladores.csproj]
C:\Users\EZEQU\source\repos\SportTrack-Federaciones\SportTrack-v1.Controladores\Categoria\CategoriaService.cs(85,24): warning CS1998: This async method lacks 'await' operators and will run synchronously. Consider using the 'await' operator to await non-blocking API calls, or 'await Task.Run(...)' to do CPU-bound work on a background thread. [C:\Users\EZEQU\source\repos\SportTrack-Federaciones\SportTrack-v1.Controladores\SportTrack-v1.Controladores.csproj]
C:\Users\EZEQU\source\repos\SportTrack-Federaciones\SportTrack-v1.Controladores\Auth\AuthService.cs(35,39): warning CS8602: Desreferencia de una referencia posiblemente NULL. [C:\Users\EZEQU\source\repos\SportTrack-Federaciones\SportTrack-v1.Controladores\SportTrack-v1.Controladores.csproj]
C:\Users\EZEQU\source\repos\SportTrack-Federaciones\SportTrack-v1.Controladores\Auth\AuthService.cs(37,39): warning CS8602: Desreferencia de una referencia posiblemente NULL. [C:\Users\EZEQU\source\repos\SportTrack-Federaciones\SportTrack-v1.Controladores\SportTrack-v1.Controladores.csproj]
C:\Users\EZEQU\source\repos\SportTrack-Federaciones\SportTrack-v1.Controladores\Auth\AuthService.cs(39,39): warning CS8602: Desreferencia de una referencia posiblemente NULL. [C:\Users\EZEQU\source\repos\SportTrack-Federaciones\SportTrack-v1.Controladores\SportTrack-v1.Controladores.csproj]
C:\Users\EZEQU\source\repos\SportTrack-Federaciones\SportTrack-v1.Controladores\Federaciones\ClubServices.cs(66,30): warning CS0168: La variable 'ex' se ha declarado pero nunca se usa [C:\Users\EZEQU\source\repos\SportTrack-Federaciones\SportTrack-v1.Controladores\SportTrack-v1.Controladores.csproj]
C:\Users\EZEQU\source\repos\SportTrack-Federaciones\SportTrack-v1.Controladores\Federaciones\AtletaTutorServices.cs(76,30): warning CS0168: La variable 'ex' se ha declarado pero nunca se usa [C:\Users\EZEQU\source\repos\SportTrack-Federaciones\SportTrack-v1.Controladores\SportTrack-v1.Controladores.csproj]
C:\Users\EZEQU\source\repos\SportTrack-Federaciones\SportTrack-v1.Controladores\Federaciones\DelegadoClubServices.cs(44,38): warning CS8602: Desreferencia de una referencia posiblemente NULL. [C:\Users\EZEQU\source\repos\SportTrack-Federaciones\SportTrack-v1.Controladores\SportTrack-v1.Controladores.csproj]
C:\Users\EZEQU\source\repos\SportTrack-Federaciones\SportTrack-v1.Controladores\Federaciones\AtletaServices.cs(146,25): warning CS8602: Desreferencia de una referencia posiblemente NULL. [C:\Users\EZEQU\source\repos\SportTrack-Federaciones\SportTrack-v1.Controladores\SportTrack-v1.Controladores.csproj]
C:\Users\EZEQU\source\repos\SportTrack-Federaciones\SportTrack-v1.Controladores\Federaciones\AtletaServices.cs(191,30): warning CS0168: La variable 'ex' se ha declarado pero nunca se usa [C:\Users\EZEQU\source\repos\SportTrack-Federaciones\SportTrack-v1.Controladores\SportTrack-v1.Controladores.csproj]
C:\Users\EZEQU\source\repos\SportTrack-Federaciones\SportTrack-v1.Controladores\Federaciones\AtletaTutorServices.cs(101,38): warning CS8602: Desreferencia de una referencia posiblemente NULL. [C:\Users\EZEQU\source\repos\SportTrack-Federaciones\SportTrack-v1.Controladores\SportTrack-v1.Controladores.csproj]
C:\Users\EZEQU\source\repos\SportTrack-Federaciones\SportTrack-v1.Controladores\Federaciones\AtletaTutorServices.cs(107,30): warning CS0168: La variable 'ex' se ha declarado pero nunca se usa [C:\Users\EZEQU\source\repos\SportTrack-Federaciones\SportTrack-v1.Controladores\SportTrack-v1.Controladores.csproj]
C:\Users\EZEQU\source\repos\SportTrack-Federaciones\SportTrack-v1.Controladores\Federaciones\DelegadoClubServices.cs(80,41): warning CS8601: Posible asignación de referencia nula. [C:\Users\EZEQU\source\repos\SportTrack-Federaciones\SportTrack-v1.Controladores\SportTrack-v1.Controladores.csproj]
C:\Users\EZEQU\source\repos\SportTrack-Federaciones\SportTrack-v1.Controladores\Federaciones\DelegadoClubServices.cs(84,41): warning CS8601: Posible asignación de referencia nula. [C:\Users\EZEQU\source\repos\SportTrack-Federaciones\SportTrack-v1.Controladores\SportTrack-v1.Controladores.csproj]
C:\Users\EZEQU\source\repos\SportTrack-Federaciones\SportTrack-v1.Controladores\Federaciones\DelegadoClubServices.cs(103,41): warning CS8601: Posible asignación de referencia nula. [C:\Users\EZEQU\source\repos\SportTrack-Federaciones\SportTrack-v1.Controladores\SportTrack-v1.Controladores.csproj]
C:\Users\EZEQU\source\repos\SportTrack-Federaciones\SportTrack-v1.Controladores\Federaciones\DelegadoClubServices.cs(104,40): warning CS8601: Posible asignación de referencia nula. [C:\Users\EZEQU\source\repos\SportTrack-Federaciones\SportTrack-v1.Controladores\SportTrack-v1.Controladores.csproj]
C:\Users\EZEQU\source\repos\SportTrack-Federaciones\SportTrack-v1.Controladores\Federaciones\TutorServices.cs(73,41): warning CS8601: Posible asignación de referencia nula. [C:\Users\EZEQU\source\repos\SportTrack-Federaciones\SportTrack-v1.Controladores\SportTrack-v1.Controladores.csproj]
C:\Users\EZEQU\source\repos\SportTrack-Federaciones\SportTrack-v1.Controladores\Federaciones\TutorServices.cs(77,41): warning CS8601: Posible asignación de referencia nula. [C:\Users\EZEQU\source\repos\SportTrack-Federaciones\SportTrack-v1.Controladores\SportTrack-v1.Controladores.csproj]
C:\Users\EZEQU\source\repos\SportTrack-Federaciones\SportTrack-v1.Controladores\Federaciones\TutorServices.cs(85,42): warning CS8602: Desreferencia de una referencia posiblemente NULL. [C:\Users\EZEQU\source\repos\SportTrack-Federaciones\SportTrack-v1.Controladores\SportTrack-v1.Controladores.csproj]
C:\Users\EZEQU\source\repos\SportTrack-Federaciones\SportTrack-v1.Controladores\Federaciones\DelegadoClubServices.cs(142,38): warning CS8602: Desreferencia de una referencia posiblemente NULL. [C:\Users\EZEQU\source\repos\SportTrack-Federaciones\SportTrack-v1.Controladores\SportTrack-v1.Controladores.csproj]
C:\Users\EZEQU\source\repos\SportTrack-Federaciones\SportTrack-v1.Controladores\Federaciones\AtletaTutorServices.cs(156,30): warning CS0168: La variable 'ex' se ha declarado pero nunca se usa [C:\Users\EZEQU\source\repos\SportTrack-Federaciones\SportTrack-v1.Controladores\SportTrack-v1.Controladores.csproj]
C:\Users\EZEQU\source\repos\SportTrack-Federaciones\SportTrack-v1.Controladores\Federaciones\DelegadoClubServices.cs(175,106): warning CS8629: Un tipo que acepta valores NULL puede ser nulo. [C:\Users\EZEQU\source\repos\SportTrack-Federaciones\SportTrack-v1.Controladores\SportTrack-v1.Controladores.csproj]
C:\Users\EZEQU\source\repos\SportTrack-Federaciones\SportTrack-v1.Controladores\Federaciones\DelegadoClubServices.cs(184,94): warning CS8629: Un tipo que acepta valores NULL puede ser nulo. [C:\Users\EZEQU\source\repos\SportTrack-Federaciones\SportTrack-v1.Controladores\SportTrack-v1.Controladores.csproj]
C:\Users\EZEQU\source\repos\SportTrack-Federaciones\SportTrack-v1.Controladores\Federaciones\AtletaTutorServices.cs(219,34): warning CS8602: Desreferencia de una referencia posiblemente NULL. [C:\Users\EZEQU\source\repos\SportTrack-Federaciones\SportTrack-v1.Controladores\SportTrack-v1.Controladores.csproj]
C:\Users\EZEQU\source\repos\SportTrack-Federaciones\SportTrack-v1.Controladores\Federaciones\AtletaTutorServices.cs(228,38): warning CS0168: La variable 'dbEx' se ha declarado pero nunca se usa [C:\Users\EZEQU\source\repos\SportTrack-Federaciones\SportTrack-v1.Controladores\SportTrack-v1.Controladores.csproj]
C:\Users\EZEQU\source\repos\SportTrack-Federaciones\SportTrack-v1.Controladores\Federaciones\AtletaTutorServices.cs(232,30): warning CS0168: La variable 'ex' se ha declarado pero nunca se usa [C:\Users\EZEQU\source\repos\SportTrack-Federaciones\SportTrack-v1.Controladores\SportTrack-v1.Controladores.csproj]
C:\Users\EZEQU\source\repos\SportTrack-Federaciones\SportTrack-v1.Controladores\Federaciones\TutorServices.cs(173,32): warning CS8602: Desreferencia de una referencia posiblemente NULL. [C:\Users\EZEQU\source\repos\SportTrack-Federaciones\SportTrack-v1.Controladores\SportTrack-v1.Controladores.csproj]
C:\Users\EZEQU\source\repos\SportTrack-Federaciones\SportTrack-v1.Controladores\Federaciones\AtletaTutorServices.cs(272,30): warning CS0168: La variable 'ex' se ha declarado pero nunca se usa [C:\Users\EZEQU\source\repos\SportTrack-Federaciones\SportTrack-v1.Controladores\SportTrack-v1.Controladores.csproj]
C:\Users\EZEQU\source\repos\SportTrack-Federaciones\SportTrack-v1.Controladores\Federaciones\ClubServices.cs(195,46): warning CS8601: Posible asignación de referencia nula. [C:\Users\EZEQU\source\repos\SportTrack-Federaciones\SportTrack-v1.Controladores\SportTrack-v1.Controladores.csproj]
C:\Users\EZEQU\source\repos\SportTrack-Federaciones\SportTrack-v1.Controladores\Federaciones\EntrenadorServices.cs(50,46): warning CS8601: Posible asignación de referencia nula. [C:\Users\EZEQU\source\repos\SportTrack-Federaciones\SportTrack-v1.Controladores\SportTrack-v1.Controladores.csproj]
C:\Users\EZEQU\source\repos\SportTrack-Federaciones\SportTrack-v1.Controladores\Federaciones\EntrenadorServices.cs(56,38): warning CS8602: Desreferencia de una referencia posiblemente NULL. [C:\Users\EZEQU\source\repos\SportTrack-Federaciones\SportTrack-v1.Controladores\SportTrack-v1.Controladores.csproj]
C:\Users\EZEQU\source\repos\SportTrack-Federaciones\SportTrack-v1.Controladores\Federaciones\AtletaTutorServices.cs(295,38): warning CS0168: La variable 'dbEx' se ha declarado pero nunca se usa [C:\Users\EZEQU\source\repos\SportTrack-Federaciones\SportTrack-v1.Controladores\SportTrack-v1.Controladores.csproj]
C:\Users\EZEQU\source\repos\SportTrack-Federaciones\SportTrack-v1.Controladores\Federaciones\AtletaTutorServices.cs(299,30): warning CS0168: La variable 'ex' se ha declarado pero nunca se usa [C:\Users\EZEQU\source\repos\SportTrack-Federaciones\SportTrack-v1.Controladores\SportTrack-v1.Controladores.csproj]
C:\Users\EZEQU\source\repos\SportTrack-Federaciones\SportTrack-v1.Controladores\Federaciones\AtletaServices.cs(232,41): warning CS8601: Posible asignación de referencia nula. [C:\Users\EZEQU\source\repos\SportTrack-Federaciones\SportTrack-v1.Controladores\SportTrack-v1.Controladores.csproj]
C:\Users\EZEQU\source\repos\SportTrack-Federaciones\SportTrack-v1.Controladores\Federaciones\AtletaServices.cs(236,41): warning CS8601: Posible asignación de referencia nula. [C:\Users\EZEQU\source\repos\SportTrack-Federaciones\SportTrack-v1.Controladores\SportTrack-v1.Controladores.csproj]
C:\Users\EZEQU\source\repos\SportTrack-Federaciones\SportTrack-v1.Controladores\Federaciones\AtletaServices.cs(268,30): warning CS0168: La variable 'ex' se ha declarado pero nunca se usa [C:\Users\EZEQU\source\repos\SportTrack-Federaciones\SportTrack-v1.Controladores\SportTrack-v1.Controladores.csproj]
C:\Users\EZEQU\source\repos\SportTrack-Federaciones\SportTrack-v1.Controladores\Auth\AuthService.cs(189,39): warning CS8602: Desreferencia de una referencia posiblemente NULL. [C:\Users\EZEQU\source\repos\SportTrack-Federaciones\SportTrack-v1.Controladores\SportTrack-v1.Controladores.csproj]
C:\Users\EZEQU\source\repos\SportTrack-Federaciones\SportTrack-v1.Controladores\Federaciones\ClubServices.cs(219,33): warning CS8602: Desreferencia de una referencia posiblemente NULL. [C:\Users\EZEQU\source\repos\SportTrack-Federaciones\SportTrack-v1.Controladores\SportTrack-v1.Controladores.csproj]
C:\Users\EZEQU\source\repos\SportTrack-Federaciones\SportTrack-v1.Controladores\Federaciones\ClubServices.cs(225,30): warning CS8602: Desreferencia de una referencia posiblemente NULL. [C:\Users\EZEQU\source\repos\SportTrack-Federaciones\SportTrack-v1.Controladores\SportTrack-v1.Controladores.csproj]
C:\Users\EZEQU\source\repos\SportTrack-Federaciones\SportTrack-v1.Controladores\Federaciones\TutorServices.cs(267,38): warning CS0168: La variable 'dbEx' se ha declarado pero nunca se usa [C:\Users\EZEQU\source\repos\SportTrack-Federaciones\SportTrack-v1.Controladores\SportTrack-v1.Controladores.csproj]
C:\Users\EZEQU\source\repos\SportTrack-Federaciones\SportTrack-v1.Controladores\Auth\AuthService.cs(237,39): warning CS8602: Desreferencia de una referencia posiblemente NULL. [C:\Users\EZEQU\source\repos\SportTrack-Federaciones\SportTrack-v1.Controladores\SportTrack-v1.Controladores.csproj]
C:\Users\EZEQU\source\repos\SportTrack-Federaciones\SportTrack-v1.Controladores\Federaciones\ClubServices.cs(258,36): warning CS8629: Un tipo que acepta valores NULL puede ser nulo. [C:\Users\EZEQU\source\repos\SportTrack-Federaciones\SportTrack-v1.Controladores\SportTrack-v1.Controladores.csproj]
C:\Users\EZEQU\source\repos\SportTrack-Federaciones\SportTrack-v1.Controladores\Federaciones\AtletaServices.cs(372,30): warning CS0168: La variable 'ex' se ha declarado pero nunca se usa [C:\Users\EZEQU\source\repos\SportTrack-Federaciones\SportTrack-v1.Controladores\SportTrack-v1.Controladores.csproj]
C:\Users\EZEQU\source\repos\SportTrack-Federaciones\SportTrack-v1.Controladores\Federaciones\EntrenadorServices.cs(92,41): warning CS8601: Posible asignación de referencia nula. [C:\Users\EZEQU\source\repos\SportTrack-Federaciones\SportTrack-v1.Controladores\SportTrack-v1.Controladores.csproj]
C:\Users\EZEQU\source\repos\SportTrack-Federaciones\SportTrack-v1.Controladores\Federaciones\EntrenadorServices.cs(96,41): warning CS8601: Posible asignación de referencia nula. [C:\Users\EZEQU\source\repos\SportTrack-Federaciones\SportTrack-v1.Controladores\SportTrack-v1.Controladores.csproj]
C:\Users\EZEQU\source\repos\SportTrack-Federaciones\SportTrack-v1.Controladores\Federaciones\EntrenadorServices.cs(102,41): warning CS8601: Posible asignación de referencia nula. [C:\Users\EZEQU\source\repos\SportTrack-Federaciones\SportTrack-v1.Controladores\SportTrack-v1.Controladores.csproj]
C:\Users\EZEQU\source\repos\SportTrack-Federaciones\SportTrack-v1.Controladores\Federaciones\EntrenadorServices.cs(103,40): warning CS8601: Posible asignación de referencia nula. [C:\Users\EZEQU\source\repos\SportTrack-Federaciones\SportTrack-v1.Controladores\SportTrack-v1.Controladores.csproj]
C:\Users\EZEQU\source\repos\SportTrack-Federaciones\SportTrack-v1.Controladores\Federaciones\PersonaServices.cs(40,37): warning CS8601: Posible asignación de referencia nula. [C:\Users\EZEQU\source\repos\SportTrack-Federaciones\SportTrack-v1.Controladores\SportTrack-v1.Controladores.csproj]
C:\Users\EZEQU\source\repos\SportTrack-Federaciones\SportTrack-v1.Controladores\Federaciones\PersonaServices.cs(44,37): warning CS8601: Posible asignación de referencia nula. [C:\Users\EZEQU\source\repos\SportTrack-Federaciones\SportTrack-v1.Controladores\SportTrack-v1.Controladores.csproj]
C:\Users\EZEQU\source\repos\SportTrack-Federaciones\SportTrack-v1.Controladores\Federaciones\PersonaServices.cs(46,39): warning CS8601: Posible asignación de referencia nula. [C:\Users\EZEQU\source\repos\SportTrack-Federaciones\SportTrack-v1.Controladores\SportTrack-v1.Controladores.csproj]
C:\Users\EZEQU\source\repos\SportTrack-Federaciones\SportTrack-v1.Controladores\Federaciones\InscripcionServices.cs(56,30): warning CS0168: La variable 'ex' se ha declarado pero nunca se usa [C:\Users\EZEQU\source\repos\SportTrack-Federaciones\SportTrack-v1.Controladores\SportTrack-v1.Controladores.csproj]
C:\Users\EZEQU\source\repos\SportTrack-Federaciones\SportTrack-v1.Controladores\Federaciones\AtletaServices.cs(550,41): warning CS8602: Desreferencia de una referencia posiblemente NULL. [C:\Users\EZEQU\source\repos\SportTrack-Federaciones\SportTrack-v1.Controladores\SportTrack-v1.Controladores.csproj]
C:\Users\EZEQU\source\repos\SportTrack-Federaciones\SportTrack-v1.Controladores\Federaciones\EntrenadorServices.cs(135,46): warning CS8601: Posible asignación de referencia nula. [C:\Users\EZEQU\source\repos\SportTrack-Federaciones\SportTrack-v1.Controladores\SportTrack-v1.Controladores.csproj]
C:\Users\EZEQU\source\repos\SportTrack-Federaciones\SportTrack-v1.Controladores\Federaciones\InscripcionServices.cs(117,30): warning CS0168: La variable 'ex' se ha declarado pero nunca se usa [C:\Users\EZEQU\source\repos\SportTrack-Federaciones\SportTrack-v1.Controladores\SportTrack-v1.Controladores.csproj]
C:\Users\EZEQU\source\repos\SportTrack-Federaciones\SportTrack-v1.Controladores\Federaciones\EntrenadorServices.cs(179,46): warning CS8601: Posible asignación de referencia nula. [C:\Users\EZEQU\source\repos\SportTrack-Federaciones\SportTrack-v1.Controladores\SportTrack-v1.Controladores.csproj]
C:\Users\EZEQU\source\repos\SportTrack-Federaciones\SportTrack-v1.Controladores\Federaciones\TutorServices.cs(335,38): warning CS0168: La variable 'dbEx' se ha declarado pero nunca se usa [C:\Users\EZEQU\source\repos\SportTrack-Federaciones\SportTrack-v1.Controladores\SportTrack-v1.Controladores.csproj]
C:\Users\EZEQU\source\repos\SportTrack-Federaciones\SportTrack-v1.Controladores\Federaciones\PersonaServices.cs(184,33): warning CS8601: Posible asignación de referencia nula. [C:\Users\EZEQU\source\repos\SportTrack-Federaciones\SportTrack-v1.Controladores\SportTrack-v1.Controladores.csproj]
C:\Users\EZEQU\source\repos\SportTrack-Federaciones\SportTrack-v1.Controladores\Federaciones\PersonaServices.cs(188,33): warning CS8601: Posible asignación de referencia nula. [C:\Users\EZEQU\source\repos\SportTrack-Federaciones\SportTrack-v1.Controladores\SportTrack-v1.Controladores.csproj]
C:\Users\EZEQU\source\repos\SportTrack-Federaciones\SportTrack-v1.Controladores\Federaciones\PersonaServices.cs(190,35): warning CS8601: Posible asignación de referencia nula. [C:\Users\EZEQU\source\repos\SportTrack-Federaciones\SportTrack-v1.Controladores\SportTrack-v1.Controladores.csproj]
C:\Users\EZEQU\source\repos\SportTrack-Federaciones\SportTrack-v1.Controladores\Federaciones\EntrenadorServices.cs(229,46): warning CS8601: Posible asignación de referencia nula. [C:\Users\EZEQU\source\repos\SportTrack-Federaciones\SportTrack-v1.Controladores\SportTrack-v1.Controladores.csproj]
C:\Users\EZEQU\source\repos\SportTrack-Federaciones\SportTrack-v1.Controladores\Evento\EventoService.cs(148,33): warning CS8601: Posible asignación de referencia nula. [C:\Users\EZEQU\source\repos\SportTrack-Federaciones\SportTrack-v1.Controladores\SportTrack-v1.Controladores.csproj]
C:\Users\EZEQU\source\repos\SportTrack-Federaciones\SportTrack-v1.Controladores\Evento\EventoService.cs(155,28): warning CS8601: Posible asignación de referencia nula. [C:\Users\EZEQU\source\repos\SportTrack-Federaciones\SportTrack-v1.Controladores\SportTrack-v1.Controladores.csproj]
C:\Users\EZEQU\source\repos\SportTrack-Federaciones\SportTrack-v1.Controladores\Evento\EventoService.cs(160,33): warning CS8601: Posible asignación de referencia nula. [C:\Users\EZEQU\source\repos\SportTrack-Federaciones\SportTrack-v1.Controladores\SportTrack-v1.Controladores.csproj]
C:\Users\EZEQU\source\repos\SportTrack-Federaciones\SportTrack-v1.Controladores\Federaciones\RolServices.cs(42,30): warning CS0168: La variable 'ex' se ha declarado pero nunca se usa [C:\Users\EZEQU\source\repos\SportTrack-Federaciones\SportTrack-v1.Controladores\SportTrack-v1.Controladores.csproj]
C:\Users\EZEQU\source\repos\SportTrack-Federaciones\SportTrack-v1.Controladores\Federaciones\PersonaServices.cs(249,33): warning CS8601: Posible asignación de referencia nula. [C:\Users\EZEQU\source\repos\SportTrack-Federaciones\SportTrack-v1.Controladores\SportTrack-v1.Controladores.csproj]
C:\Users\EZEQU\source\repos\SportTrack-Federaciones\SportTrack-v1.Controladores\Federaciones\PersonaServices.cs(255,35): warning CS8601: Posible asignación de referencia nula. [C:\Users\EZEQU\source\repos\SportTrack-Federaciones\SportTrack-v1.Controladores\SportTrack-v1.Controladores.csproj]
C:\Users\EZEQU\source\repos\SportTrack-Federaciones\SportTrack-v1.Controladores\Federaciones\ClubServices.cs(424,60): warning CS8602: Desreferencia de una referencia posiblemente NULL. [C:\Users\EZEQU\source\repos\SportTrack-Federaciones\SportTrack-v1.Controladores\SportTrack-v1.Controladores.csproj]
C:\Users\EZEQU\source\repos\SportTrack-Federaciones\SportTrack-v1.Controladores\Federaciones\ClubServices.cs(429,37): warning CS8601: Posible asignación de referencia nula. [C:\Users\EZEQU\source\repos\SportTrack-Federaciones\SportTrack-v1.Controladores\SportTrack-v1.Controladores.csproj]
C:\Users\EZEQU\source\repos\SportTrack-Federaciones\SportTrack-v1.Controladores\Federaciones\ClubServices.cs(430,36): warning CS8601: Posible asignación de referencia nula. [C:\Users\EZEQU\source\repos\SportTrack-Federaciones\SportTrack-v1.Controladores\SportTrack-v1.Controladores.csproj]
C:\Users\EZEQU\source\repos\SportTrack-Federaciones\SportTrack-v1.Controladores\Federaciones\PruebaServices.cs(39,30): warning CS0168: La variable 'ex' se ha declarado pero nunca se usa [C:\Users\EZEQU\source\repos\SportTrack-Federaciones\SportTrack-v1.Controladores\SportTrack-v1.Controladores.csproj]
C:\Users\EZEQU\source\repos\SportTrack-Federaciones\SportTrack-v1.Controladores\Federaciones\InscripcionServices.cs(155,30): warning CS0168: La variable 'ex' se ha declarado pero nunca se usa [C:\Users\EZEQU\source\repos\SportTrack-Federaciones\SportTrack-v1.Controladores\SportTrack-v1.Controladores.csproj]
C:\Users\EZEQU\source\repos\SportTrack-Federaciones\SportTrack-v1.Controladores\Federaciones\PruebaServices.cs(65,30): warning CS0168: La variable 'ex' se ha declarado pero nunca se usa [C:\Users\EZEQU\source\repos\SportTrack-Federaciones\SportTrack-v1.Controladores\SportTrack-v1.Controladores.csproj]
C:\Users\EZEQU\source\repos\SportTrack-Federaciones\SportTrack-v1.Controladores\Federaciones\RolServices.cs(81,30): warning CS0168: La variable 'ex' se ha declarado pero nunca se usa [C:\Users\EZEQU\source\repos\SportTrack-Federaciones\SportTrack-v1.Controladores\SportTrack-v1.Controladores.csproj]
C:\Users\EZEQU\source\repos\SportTrack-Federaciones\SportTrack-v1.Controladores\Federaciones\AtletaServices.cs(628,30): warning CS0168: La variable 'ex' se ha declarado pero nunca se usa [C:\Users\EZEQU\source\repos\SportTrack-Federaciones\SportTrack-v1.Controladores\SportTrack-v1.Controladores.csproj]
C:\Users\EZEQU\source\repos\SportTrack-Federaciones\SportTrack-v1.Controladores\Federaciones\PruebaServices.cs(112,38): warning CS0168: La variable 'dbEx' se ha declarado pero nunca se usa [C:\Users\EZEQU\source\repos\SportTrack-Federaciones\SportTrack-v1.Controladores\SportTrack-v1.Controladores.csproj]
C:\Users\EZEQU\source\repos\SportTrack-Federaciones\SportTrack-v1.Controladores\Federaciones\PruebaServices.cs(116,30): warning CS0168: La variable 'ex' se ha declarado pero nunca se usa [C:\Users\EZEQU\source\repos\SportTrack-Federaciones\SportTrack-v1.Controladores\SportTrack-v1.Controladores.csproj]
C:\Users\EZEQU\source\repos\SportTrack-Federaciones\SportTrack-v1.Controladores\Federaciones\RolServices.cs(109,30): warning CS0168: La variable 'ex' se ha declarado pero nunca se usa [C:\Users\EZEQU\source\repos\SportTrack-Federaciones\SportTrack-v1.Controladores\SportTrack-v1.Controladores.csproj]
C:\Users\EZEQU\source\repos\SportTrack-Federaciones\SportTrack-v1.Controladores\Federaciones\PruebaServices.cs(152,30): warning CS0168: La variable 'ex' se ha declarado pero nunca se usa [C:\Users\EZEQU\source\repos\SportTrack-Federaciones\SportTrack-v1.Controladores\SportTrack-v1.Controladores.csproj]
C:\Users\EZEQU\source\repos\SportTrack-Federaciones\SportTrack-v1.Controladores\Federaciones\PruebaServices.cs(173,38): warning CS0168: La variable 'dbEx' se ha declarado pero nunca se usa [C:\Users\EZEQU\source\repos\SportTrack-Federaciones\SportTrack-v1.Controladores\SportTrack-v1.Controladores.csproj]
C:\Users\EZEQU\source\repos\SportTrack-Federaciones\SportTrack-v1.Controladores\Federaciones\PruebaServices.cs(177,30): warning CS0168: La variable 'ex' se ha declarado pero nunca se usa [C:\Users\EZEQU\source\repos\SportTrack-Federaciones\SportTrack-v1.Controladores\SportTrack-v1.Controladores.csproj]
C:\Users\EZEQU\source\repos\SportTrack-Federaciones\SportTrack-v1.Controladores\Federaciones\InscripcionServices.cs(193,30): warning CS0168: La variable 'ex' se ha declarado pero nunca se usa [C:\Users\EZEQU\source\repos\SportTrack-Federaciones\SportTrack-v1.Controladores\SportTrack-v1.Controladores.csproj]
C:\Users\EZEQU\source\repos\SportTrack-Federaciones\SportTrack-v1.Controladores\Federaciones\RolServices.cs(159,30): warning CS0168: La variable 'ex' se ha declarado pero nunca se usa [C:\Users\EZEQU\source\repos\SportTrack-Federaciones\SportTrack-v1.Controladores\SportTrack-v1.Controladores.csproj]
C:\Users\EZEQU\source\repos\SportTrack-Federaciones\SportTrack-v1.Controladores\Federaciones\RolServices.cs(189,30): warning CS0168: La variable 'ex' se ha declarado pero nunca se usa [C:\Users\EZEQU\source\repos\SportTrack-Federaciones\SportTrack-v1.Controladores\SportTrack-v1.Controladores.csproj]
C:\Users\EZEQU\source\repos\SportTrack-Federaciones\SportTrack-v1.Controladores\Federaciones\InscripcionServices.cs(246,23): warning CS8634: El tipo "SportTrack_v1.Entidades.Entidades.Participante?" no se puede usar como parámetro de tipo "TEntity" en el tipo o método genérico "DbContext.Entry<TEntity>(TEntity)". La nulabilidad del argumento de tipo "SportTrack_v1.Entidades.Entidades.Participante?" no coincide con la restricción "class". [C:\Users\EZEQU\source\repos\SportTrack-Federaciones\SportTrack-v1.Controladores\SportTrack-v1.Controladores.csproj]
C:\Users\EZEQU\source\repos\SportTrack-Federaciones\SportTrack-v1.Controladores\Federaciones\InscripcionServices.cs(249,23): warning CS8634: El tipo "SportTrack_v1.Entidades.Entidades.Participante?" no se puede usar como parámetro de tipo "TEntity" en el tipo o método genérico "DbContext.Entry<TEntity>(TEntity)". La nulabilidad del argumento de tipo "SportTrack_v1.Entidades.Entidades.Participante?" no coincide con la restricción "class". [C:\Users\EZEQU\source\repos\SportTrack-Federaciones\SportTrack-v1.Controladores\SportTrack-v1.Controladores.csproj]
C:\Users\EZEQU\source\repos\SportTrack-Federaciones\SportTrack-v1.Controladores\Federaciones\InscripcionServices.cs(250,37): warning CS8602: Desreferencia de una referencia posiblemente NULL. [C:\Users\EZEQU\source\repos\SportTrack-Federaciones\SportTrack-v1.Controladores\SportTrack-v1.Controladores.csproj]
C:\Users\EZEQU\source\repos\SportTrack-Federaciones\SportTrack-v1.Controladores\Federaciones\InscripcionServices.cs(250,32): warning CS8622: La nulabilidad de los tipos de referencia del tipo de parámetro"a" de "expresión lambda" no coincide con el delegado de destino "Func<Participante?, Club?>" (posiblemente debido a los atributos de nulabilidad). [C:\Users\EZEQU\source\repos\SportTrack-Federaciones\SportTrack-v1.Controladores\SportTrack-v1.Controladores.csproj]
C:\Users\EZEQU\source\repos\SportTrack-Federaciones\SportTrack-v1.Controladores\Federaciones\InscripcionServices.cs(272,34): warning CS8602: Desreferencia de una referencia posiblemente NULL. [C:\Users\EZEQU\source\repos\SportTrack-Federaciones\SportTrack-v1.Controladores\SportTrack-v1.Controladores.csproj]
C:\Users\EZEQU\source\repos\SportTrack-Federaciones\SportTrack-v1.Controladores\Federaciones\InscripcionServices.cs(272,34): warning CS8602: Desreferencia de una referencia posiblemente NULL. [C:\Users\EZEQU\source\repos\SportTrack-Federaciones\SportTrack-v1.Controladores\SportTrack-v1.Controladores.csproj]
C:\Users\EZEQU\source\repos\SportTrack-Federaciones\SportTrack-v1.Controladores\Federaciones\InscripcionServices.cs(283,38): warning CS0168: La variable 'dbEx' se ha declarado pero nunca se usa [C:\Users\EZEQU\source\repos\SportTrack-Federaciones\SportTrack-v1.Controladores\SportTrack-v1.Controladores.csproj]
C:\Users\EZEQU\source\repos\SportTrack-Federaciones\SportTrack-v1.Controladores\Federaciones\InscripcionServices.cs(287,30): warning CS0168: La variable 'ex' se ha declarado pero nunca se usa [C:\Users\EZEQU\source\repos\SportTrack-Federaciones\SportTrack-v1.Controladores\SportTrack-v1.Controladores.csproj]
C:\Users\EZEQU\source\repos\SportTrack-Federaciones\SportTrack-v1.Controladores\Federaciones\RolServices.cs(211,30): warning CS0168: La variable 'ex' se ha declarado pero nunca se usa [C:\Users\EZEQU\source\repos\SportTrack-Federaciones\SportTrack-v1.Controladores\SportTrack-v1.Controladores.csproj]
C:\Users\EZEQU\source\repos\SportTrack-Federaciones\SportTrack-v1.Controladores\Federaciones\RolServices.cs(195,41): warning CS1998: This async method lacks 'await' operators and will run synchronously. Consider using the 'await' operator to await non-blocking API calls, or 'await Task.Run(...)' to do CPU-bound work on a background thread. [C:\Users\EZEQU\source\repos\SportTrack-Federaciones\SportTrack-v1.Controladores\SportTrack-v1.Controladores.csproj]
C:\Users\EZEQU\source\repos\SportTrack-Federaciones\SportTrack-v1.Controladores\Extensions\DistanciaRegataExtensions.cs(148,27): warning CS8509: La expresión switch no controla todos los valores posibles de su tipo de entrada (no es exhaustivo). Por ejemplo, el patrón "32000.000000000000000000000001M" no está incluido. [C:\Users\EZEQU\source\repos\SportTrack-Federaciones\SportTrack-v1.Controladores\SportTrack-v1.Controladores.csproj]
C:\Users\EZEQU\source\repos\SportTrack-Federaciones\SportTrack-v1.Controladores\Federaciones\RolServices.cs(244,30): warning CS0168: La variable 'ex' se ha declarado pero nunca se usa [C:\Users\EZEQU\source\repos\SportTrack-Federaciones\SportTrack-v1.Controladores\SportTrack-v1.Controladores.csproj]
C:\Users\EZEQU\source\repos\SportTrack-Federaciones\SportTrack-v1.Controladores\Federaciones\RolServices.cs(287,38): warning CS0168: La variable 'dbEx' se ha declarado pero nunca se usa [C:\Users\EZEQU\source\repos\SportTrack-Federaciones\SportTrack-v1.Controladores\SportTrack-v1.Controladores.csproj]
C:\Users\EZEQU\source\repos\SportTrack-Federaciones\SportTrack-v1.Controladores\Federaciones\RolServices.cs(291,30): warning CS0168: La variable 'ex' se ha declarado pero nunca se usa [C:\Users\EZEQU\source\repos\SportTrack-Federaciones\SportTrack-v1.Controladores\SportTrack-v1.Controladores.csproj]
C:\Users\EZEQU\source\repos\SportTrack-Federaciones\SportTrack-v1.Controladores\Federaciones\RolServices.cs(333,30): warning CS0168: La variable 'ex' se ha declarado pero nunca se usa [C:\Users\EZEQU\source\repos\SportTrack-Federaciones\SportTrack-v1.Controladores\SportTrack-v1.Controladores.csproj]
C:\Users\EZEQU\source\repos\SportTrack-Federaciones\SportTrack-v1.Controladores\Federaciones\RolServices.cs(361,38): warning CS0168: La variable 'dbEx' se ha declarado pero nunca se usa [C:\Users\EZEQU\source\repos\SportTrack-Federaciones\SportTrack-v1.Controladores\SportTrack-v1.Controladores.csproj]
C:\Users\EZEQU\source\repos\SportTrack-Federaciones\SportTrack-v1.Controladores\Federaciones\RolServices.cs(365,30): warning CS0168: La variable 'ex' se ha declarado pero nunca se usa [C:\Users\EZEQU\source\repos\SportTrack-Federaciones\SportTrack-v1.Controladores\SportTrack-v1.Controladores.csproj]
C:\Users\EZEQU\source\repos\SportTrack-Federaciones\SportTrack-v1.Controladores\Federaciones\InscripcionServices.cs(343,30): warning CS0168: La variable 'ex' se ha declarado pero nunca se usa [C:\Users\EZEQU\source\repos\SportTrack-Federaciones\SportTrack-v1.Controladores\SportTrack-v1.Controladores.csproj]
C:\Users\EZEQU\source\repos\SportTrack-Federaciones\SportTrack-v1.Controladores\Federaciones\InscripcionServices.cs(364,38): warning CS0168: La variable 'dbEx' se ha declarado pero nunca se usa [C:\Users\EZEQU\source\repos\SportTrack-Federaciones\SportTrack-v1.Controladores\SportTrack-v1.Controladores.csproj]
C:\Users\EZEQU\source\repos\SportTrack-Federaciones\SportTrack-v1.Controladores\Federaciones\InscripcionServices.cs(368,30): warning CS0168: La variable 'ex' se ha declarado pero nunca se usa [C:\Users\EZEQU\source\repos\SportTrack-Federaciones\SportTrack-v1.Controladores\SportTrack-v1.Controladores.csproj]
C:\Users\EZEQU\source\repos\SportTrack-Federaciones\SportTrack-v1.Controladores\Hubs\TimingHub.cs(10,23): warning CS8618: El elemento propiedad "ConnectionId" que no acepta valores NULL debe contener un valor distinto de NULL al salir del constructor. Considere la posibilidad de agregar el modificador "required'"o declarar el propiedad como un valor que acepta valores NULL. [C:\Users\EZEQU\source\repos\SportTrack-Federaciones\SportTrack-v1.Controladores\SportTrack-v1.Controladores.csproj]
C:\Users\EZEQU\source\repos\SportTrack-Federaciones\SportTrack-v1.Controladores\Hubs\TimingHub.cs(11,23): warning CS8618: El elemento propiedad "UserName" que no acepta valores NULL debe contener un valor distinto de NULL al salir del constructor. Considere la posibilidad de agregar el modificador "required'"o declarar el propiedad como un valor que acepta valores NULL. [C:\Users\EZEQU\source\repos\SportTrack-Federaciones\SportTrack-v1.Controladores\SportTrack-v1.Controladores.csproj]
C:\Users\EZEQU\source\repos\SportTrack-Federaciones\SportTrack-v1.Controladores\Hubs\TimingHub.cs(12,23): warning CS8618: El elemento propiedad "Role" que no acepta valores NULL debe contener un valor distinto de NULL al salir del constructor. Considere la posibilidad de agregar el modificador "required'"o declarar el propiedad como un valor que acepta valores NULL. [C:\Users\EZEQU\source\repos\SportTrack-Federaciones\SportTrack-v1.Controladores\SportTrack-v1.Controladores.csproj]
C:\Users\EZEQU\source\repos\SportTrack-Federaciones\SportTrack-v1.Controladores\Federaciones\EntrenadorServices.cs(312,42): warning CS8601: Posible asignación de referencia nula. [C:\Users\EZEQU\source\repos\SportTrack-Federaciones\SportTrack-v1.Controladores\SportTrack-v1.Controladores.csproj]
C:\Users\EZEQU\source\repos\SportTrack-Federaciones\SportTrack-v1.Controladores\Federaciones\EntrenadorServices.cs(318,34): warning CS8602: Desreferencia de una referencia posiblemente NULL. [C:\Users\EZEQU\source\repos\SportTrack-Federaciones\SportTrack-v1.Controladores\SportTrack-v1.Controladores.csproj]
C:\Users\EZEQU\source\repos\SportTrack-Federaciones\SportTrack-v1.Controladores\Fase\FaseRepository.cs(43,47): warning CS8602: Desreferencia de una referencia posiblemente NULL. [C:\Users\EZEQU\source\repos\SportTrack-Federaciones\SportTrack-v1.Controladores\SportTrack-v1.Controladores.csproj]
C:\Users\EZEQU\source\repos\SportTrack-Federaciones\SportTrack-v1.Controladores\Inscripcion\InscripcionService.cs(51,39): warning CS8602: Desreferencia de una referencia posiblemente NULL. [C:\Users\EZEQU\source\repos\SportTrack-Federaciones\SportTrack-v1.Controladores\SportTrack-v1.Controladores.csproj]
C:\Users\EZEQU\source\repos\SportTrack-Federaciones\SportTrack-v1.Controladores\Federaciones\TenantProvider.cs(18,20): warning CS8603: Posible tipo de valor devuelto de referencia nulo. [C:\Users\EZEQU\source\repos\SportTrack-Federaciones\SportTrack-v1.Controladores\SportTrack-v1.Controladores.csproj]
C:\Users\EZEQU\source\repos\SportTrack-Federaciones\SportTrack-v1.Controladores\Federaciones\FederacionServices.cs(51,30): warning CS0168: La variable 'ex' se ha declarado pero nunca se usa [C:\Users\EZEQU\source\repos\SportTrack-Federaciones\SportTrack-v1.Controladores\SportTrack-v1.Controladores.csproj]
C:\Users\EZEQU\source\repos\SportTrack-Federaciones\SportTrack-v1.Controladores\Fase\FaseService.cs(265,20): warning CS8603: Posible tipo de valor devuelto de referencia nulo. [C:\Users\EZEQU\source\repos\SportTrack-Federaciones\SportTrack-v1.Controladores\SportTrack-v1.Controladores.csproj]
C:\Users\EZEQU\source\repos\SportTrack-Federaciones\SportTrack-v1.Controladores\Federaciones\FederacionServices.cs(92,30): warning CS0168: La variable 'ex' se ha declarado pero nunca se usa [C:\Users\EZEQU\source\repos\SportTrack-Federaciones\SportTrack-v1.Controladores\SportTrack-v1.Controladores.csproj]
C:\Users\EZEQU\source\repos\SportTrack-Federaciones\SportTrack-v1.Controladores\Federaciones\FederacionServices.cs(156,38): warning CS0168: La variable 'dbEx' se ha declarado pero nunca se usa [C:\Users\EZEQU\source\repos\SportTrack-Federaciones\SportTrack-v1.Controladores\SportTrack-v1.Controladores.csproj]
C:\Users\EZEQU\source\repos\SportTrack-Federaciones\SportTrack-v1.Controladores\Federaciones\FederacionServices.cs(160,30): warning CS0168: La variable 'ex' se ha declarado pero nunca se usa [C:\Users\EZEQU\source\repos\SportTrack-Federaciones\SportTrack-v1.Controladores\SportTrack-v1.Controladores.csproj]
C:\Users\EZEQU\source\repos\SportTrack-Federaciones\SportTrack-v1.Controladores\Federaciones\FederacionServices.cs(213,30): warning CS0168: La variable 'ex' se ha declarado pero nunca se usa [C:\Users\EZEQU\source\repos\SportTrack-Federaciones\SportTrack-v1.Controladores\SportTrack-v1.Controladores.csproj]
C:\Users\EZEQU\source\repos\SportTrack-Federaciones\SportTrack-v1.Controladores\Federaciones\FederacionServices.cs(234,38): warning CS0168: La variable 'dbEx' se ha declarado pero nunca se usa [C:\Users\EZEQU\source\repos\SportTrack-Federaciones\SportTrack-v1.Controladores\SportTrack-v1.Controladores.csproj]
C:\Users\EZEQU\source\repos\SportTrack-Federaciones\SportTrack-v1.Controladores\Federaciones\FederacionServices.cs(238,30): warning CS0168: La variable 'ex' se ha declarado pero nunca se usa [C:\Users\EZEQU\source\repos\SportTrack-Federaciones\SportTrack-v1.Controladores\SportTrack-v1.Controladores.csproj]
C:\Users\EZEQU\source\repos\SportTrack-Federaciones\SportTrack-v1.Controladores\Inscripcion\InscripcionRepository.cs(24,39): warning CS8602: Desreferencia de una referencia posiblemente NULL. [C:\Users\EZEQU\source\repos\SportTrack-Federaciones\SportTrack-v1.Controladores\SportTrack-v1.Controladores.csproj]
C:\Users\EZEQU\source\repos\SportTrack-Federaciones\SportTrack-v1.Controladores\PagosSIGDEF\Services\MercadoPagoServices.cs(104,29): warning CS8601: Posible asignación de referencia nula. [C:\Users\EZEQU\source\repos\SportTrack-Federaciones\SportTrack-v1.Controladores\SportTrack-v1.Controladores.csproj]
C:\Users\EZEQU\source\repos\SportTrack-Federaciones\SportTrack-v1.Controladores\Fase\FaseRepository.cs(124,47): warning CS8602: Desreferencia de una referencia posiblemente NULL. [C:\Users\EZEQU\source\repos\SportTrack-Federaciones\SportTrack-v1.Controladores\SportTrack-v1.Controladores.csproj]
C:\Users\EZEQU\source\repos\SportTrack-Federaciones\SportTrack-v1.Controladores\Inscripcion\InscripcionRepository.cs(49,39): warning CS8602: Desreferencia de una referencia posiblemente NULL. [C:\Users\EZEQU\source\repos\SportTrack-Federaciones\SportTrack-v1.Controladores\SportTrack-v1.Controladores.csproj]
C:\Users\EZEQU\source\repos\SportTrack-Federaciones\SportTrack-v1.Controladores\Pago\PagoService.cs(30,40): warning CS8602: Desreferencia de una referencia posiblemente NULL. [C:\Users\EZEQU\source\repos\SportTrack-Federaciones\SportTrack-v1.Controladores\SportTrack-v1.Controladores.csproj]
C:\Users\EZEQU\source\repos\SportTrack-Federaciones\SportTrack-v1.Controladores\Pago\PagoService.cs(32,39): warning CS8602: Desreferencia de una referencia posiblemente NULL. [C:\Users\EZEQU\source\repos\SportTrack-Federaciones\SportTrack-v1.Controladores\SportTrack-v1.Controladores.csproj]
C:\Users\EZEQU\source\repos\SportTrack-Federaciones\SportTrack-v1.Controladores\Pago\PagoService.cs(35,39): warning CS8602: Desreferencia de una referencia posiblemente NULL. [C:\Users\EZEQU\source\repos\SportTrack-Federaciones\SportTrack-v1.Controladores\SportTrack-v1.Controladores.csproj]
C:\Users\EZEQU\source\repos\SportTrack-Federaciones\SportTrack-v1.Controladores\Pago\PagoService.cs(39,39): warning CS8602: Desreferencia de una referencia posiblemente NULL. [C:\Users\EZEQU\source\repos\SportTrack-Federaciones\SportTrack-v1.Controladores\SportTrack-v1.Controladores.csproj]
C:\Users\EZEQU\source\repos\SportTrack-Federaciones\SportTrack-v1.Controladores\Pago\PagoService.cs(43,39): warning CS8602: Desreferencia de una referencia posiblemente NULL. [C:\Users\EZEQU\source\repos\SportTrack-Federaciones\SportTrack-v1.Controladores\SportTrack-v1.Controladores.csproj]
C:\Users\EZEQU\source\repos\SportTrack-Federaciones\SportTrack-v1.Controladores\Federaciones\EventoServices.cs(524,62): warning CS1998: This async method lacks 'await' operators and will run synchronously. Consider using the 'await' operator to await non-blocking API calls, or 'await Task.Run(...)' to do CPU-bound work on a background thread. [C:\Users\EZEQU\source\repos\SportTrack-Federaciones\SportTrack-v1.Controladores\SportTrack-v1.Controladores.csproj]
C:\Users\EZEQU\source\repos\SportTrack-Federaciones\SportTrack-v1.Controladores\Inscripcion\InscripcionRepository.cs(109,39): warning CS8602: Desreferencia de una referencia posiblemente NULL. [C:\Users\EZEQU\source\repos\SportTrack-Federaciones\SportTrack-v1.Controladores\SportTrack-v1.Controladores.csproj]
C:\Users\EZEQU\source\repos\SportTrack-Federaciones\SportTrack-v1.Controladores\Pago\PagoService.cs(167,39): warning CS8602: Desreferencia de una referencia posiblemente NULL. [C:\Users\EZEQU\source\repos\SportTrack-Federaciones\SportTrack-v1.Controladores\SportTrack-v1.Controladores.csproj]
C:\Users\EZEQU\source\repos\SportTrack-Federaciones\SportTrack-v1.Controladores\Inscripcion\InscripcionRepository.cs(134,39): warning CS8602: Desreferencia de una referencia posiblemente NULL. [C:\Users\EZEQU\source\repos\SportTrack-Federaciones\SportTrack-v1.Controladores\SportTrack-v1.Controladores.csproj]
C:\Users\EZEQU\source\repos\SportTrack-Federaciones\SportTrack-v1.Controladores\Inscripcion\InscripcionRepository.cs(152,30): warning CS8602: Desreferencia de una referencia posiblemente NULL. [C:\Users\EZEQU\source\repos\SportTrack-Federaciones\SportTrack-v1.Controladores\SportTrack-v1.Controladores.csproj]
C:\Users\EZEQU\source\repos\SportTrack-Federaciones\SportTrack-v1.Controladores\Federaciones\EventoPruebaController.cs(36,21): error CS0117: 'EventoPruebaDto' no contiene una definición para 'Id' [C:\Users\EZEQU\source\repos\SportTrack-Federaciones\SportTrack-v1.Controladores\SportTrack-v1.Controladores.csproj]
C:\Users\EZEQU\source\repos\SportTrack-Federaciones\SportTrack-v1.Controladores\Federaciones\EventoPruebaController.cs(37,21): error CS0117: 'EventoPruebaDto' no contiene una definición para 'EventoId' [C:\Users\EZEQU\source\repos\SportTrack-Federaciones\SportTrack-v1.Controladores\SportTrack-v1.Controladores.csproj]
C:\Users\EZEQU\source\repos\SportTrack-Federaciones\SportTrack-v1.Controladores\Federaciones\EventoPruebaController.cs(38,21): error CS0117: 'EventoPruebaDto' no contiene una definición para 'PruebaId' [C:\Users\EZEQU\source\repos\SportTrack-Federaciones\SportTrack-v1.Controladores\SportTrack-v1.Controladores.csproj]
C:\Users\EZEQU\source\repos\SportTrack-Federaciones\SportTrack-v1.Controladores\Federaciones\EventoPruebaController.cs(39,21): error CS0117: 'EventoPruebaDto' no contiene una definición para 'Precio' [C:\Users\EZEQU\source\repos\SportTrack-Federaciones\SportTrack-v1.Controladores\SportTrack-v1.Controladores.csproj]
C:\Users\EZEQU\source\repos\SportTrack-Federaciones\SportTrack-v1.Controladores\Federaciones\EventoPruebaController.cs(39,33): error CS1061: "EventoPrueba" no contiene una definición para "Precio" ni un método de extensión accesible "Precio" que acepte un primer argumento del tipo "EventoPrueba" (¿falta alguna directiva using o una referencia de ensamblado?) [C:\Users\EZEQU\source\repos\SportTrack-Federaciones\SportTrack-v1.Controladores\SportTrack-v1.Controladores.csproj]
C:\Users\EZEQU\source\repos\SportTrack-Federaciones\SportTrack-v1.Controladores\Federaciones\EventoPruebaController.cs(42,25): error CS0117: 'PruebaDto' no contiene una definición para 'Id' [C:\Users\EZEQU\source\repos\SportTrack-Federaciones\SportTrack-v1.Controladores\SportTrack-v1.Controladores.csproj]
C:\Users\EZEQU\source\repos\SportTrack-Federaciones\SportTrack-v1.Controladores\Federaciones\EventoPruebaController.cs(43,37): error CS0029: No se puede convertir implícitamente el tipo 'SportTrack_v1.Entidades.Entidades.Distancia' en 'SportTrack_v1.Entidades.Enums.DistanciaRegata' [C:\Users\EZEQU\source\repos\SportTrack-Federaciones\SportTrack-v1.Controladores\SportTrack-v1.Controladores.csproj]
C:\Users\EZEQU\source\repos\SportTrack-Federaciones\SportTrack-v1.Controladores\Federaciones\EventoPruebaController.cs(44,25): error CS0117: 'PruebaDto' no contiene una definición para 'CategoriaId' [C:\Users\EZEQU\source\repos\SportTrack-Federaciones\SportTrack-v1.Controladores\SportTrack-v1.Controladores.csproj]
C:\Users\EZEQU\source\repos\SportTrack-Federaciones\SportTrack-v1.Controladores\Federaciones\EventoPruebaController.cs(45,25): error CS0117: 'PruebaDto' no contiene una definición para 'SexoId' [C:\Users\EZEQU\source\repos\SportTrack-Federaciones\SportTrack-v1.Controladores\SportTrack-v1.Controladores.csproj]
C:\Users\EZEQU\source\repos\SportTrack-Federaciones\SportTrack-v1.Controladores\Federaciones\EventoPruebaController.cs(46,25): error CS0117: 'PruebaDto' no contiene una definición para 'BoteId' [C:\Users\EZEQU\source\repos\SportTrack-Federaciones\SportTrack-v1.Controladores\SportTrack-v1.Controladores.csproj]
C:\Users\EZEQU\source\repos\SportTrack-Federaciones\SportTrack-v1.Controladores\Federaciones\EventoPruebaController.cs(70,17): error CS0117: 'EventoPruebaDto' no contiene una definición para 'Id' [C:\Users\EZEQU\source\repos\SportTrack-Federaciones\SportTrack-v1.Controladores\SportTrack-v1.Controladores.csproj]
C:\Users\EZEQU\source\repos\SportTrack-Federaciones\SportTrack-v1.Controladores\Federaciones\EventoPruebaController.cs(71,17): error CS0117: 'EventoPruebaDto' no contiene una definición para 'EventoId' [C:\Users\EZEQU\source\repos\SportTrack-Federaciones\SportTrack-v1.Controladores\SportTrack-v1.Controladores.csproj]
C:\Users\EZEQU\source\repos\SportTrack-Federaciones\SportTrack-v1.Controladores\Federaciones\EventoPruebaController.cs(72,17): error CS0117: 'EventoPruebaDto' no contiene una definición para 'PruebaId' [C:\Users\EZEQU\source\repos\SportTrack-Federaciones\SportTrack-v1.Controladores\SportTrack-v1.Controladores.csproj]
C:\Users\EZEQU\source\repos\SportTrack-Federaciones\SportTrack-v1.Controladores\Federaciones\EventoPruebaController.cs(73,17): error CS0117: 'EventoPruebaDto' no contiene una definición para 'Precio' [C:\Users\EZEQU\source\repos\SportTrack-Federaciones\SportTrack-v1.Controladores\SportTrack-v1.Controladores.csproj]
C:\Users\EZEQU\source\repos\SportTrack-Federaciones\SportTrack-v1.Controladores\Federaciones\EventoPruebaController.cs(73,39): error CS1061: "EventoPrueba" no contiene una definición para "Precio" ni un método de extensión accesible "Precio" que acepte un primer argumento del tipo "EventoPrueba" (¿falta alguna directiva using o una referencia de ensamblado?) [C:\Users\EZEQU\source\repos\SportTrack-Federaciones\SportTrack-v1.Controladores\SportTrack-v1.Controladores.csproj]
C:\Users\EZEQU\source\repos\SportTrack-Federaciones\SportTrack-v1.Controladores\Federaciones\EventoPruebaController.cs(76,21): error CS0117: 'PruebaDto' no contiene una definición para 'Id' [C:\Users\EZEQU\source\repos\SportTrack-Federaciones\SportTrack-v1.Controladores\SportTrack-v1.Controladores.csproj]
C:\Users\EZEQU\source\repos\SportTrack-Federaciones\SportTrack-v1.Controladores\Federaciones\EventoPruebaController.cs(77,33): error CS0029: No se puede convertir implícitamente el tipo 'SportTrack_v1.Entidades.Entidades.Distancia' en 'SportTrack_v1.Entidades.Enums.DistanciaRegata' [C:\Users\EZEQU\source\repos\SportTrack-Federaciones\SportTrack-v1.Controladores\SportTrack-v1.Controladores.csproj]
C:\Users\EZEQU\source\repos\SportTrack-Federaciones\SportTrack-v1.Controladores\Federaciones\EventoPruebaController.cs(78,21): error CS0117: 'PruebaDto' no contiene una definición para 'CategoriaId' [C:\Users\EZEQU\source\repos\SportTrack-Federaciones\SportTrack-v1.Controladores\SportTrack-v1.Controladores.csproj]
C:\Users\EZEQU\source\repos\SportTrack-Federaciones\SportTrack-v1.Controladores\Federaciones\EventoPruebaController.cs(79,21): error CS0117: 'PruebaDto' no contiene una definición para 'SexoId' [C:\Users\EZEQU\source\repos\SportTrack-Federaciones\SportTrack-v1.Controladores\SportTrack-v1.Controladores.csproj]
C:\Users\EZEQU\source\repos\SportTrack-Federaciones\SportTrack-v1.Controladores\Federaciones\EventoPruebaController.cs(80,21): error CS0117: 'PruebaDto' no contiene una definición para 'BoteId' [C:\Users\EZEQU\source\repos\SportTrack-Federaciones\SportTrack-v1.Controladores\SportTrack-v1.Controladores.csproj]
C:\Users\EZEQU\source\repos\SportTrack-Federaciones\SportTrack-v1.Controladores\Federaciones\EventoPruebaController.cs(107,64): error CS1061: "EventoPruebaCreateDto" no contiene una definición para "PruebaId" ni un método de extensión accesible "PruebaId" que acepte un primer argumento del tipo "EventoPruebaCreateDto" (¿falta alguna directiva using o una referencia de ensamblado?) [C:\Users\EZEQU\source\repos\SportTrack-Federaciones\SportTrack-v1.Controladores\SportTrack-v1.Controladores.csproj]
C:\Users\EZEQU\source\repos\SportTrack-Federaciones\SportTrack-v1.Controladores\Federaciones\EventoPruebaController.cs(119,17): error CS0117: 'EventoPrueba' no contiene una definición para 'IdEvento' [C:\Users\EZEQU\source\repos\SportTrack-Federaciones\SportTrack-v1.Controladores\SportTrack-v1.Controladores.csproj]
C:\Users\EZEQU\source\repos\SportTrack-Federaciones\SportTrack-v1.Controladores\Federaciones\EventoPruebaController.cs(120,17): error CS0117: 'EventoPrueba' no contiene una definición para 'IdPrueba' [C:\Users\EZEQU\source\repos\SportTrack-Federaciones\SportTrack-v1.Controladores\SportTrack-v1.Controladores.csproj]
C:\Users\EZEQU\source\repos\SportTrack-Federaciones\SportTrack-v1.Controladores\Federaciones\EventoPruebaController.cs(121,17): error CS0117: 'EventoPrueba' no contiene una definición para 'PrecioCategoria' [C:\Users\EZEQU\source\repos\SportTrack-Federaciones\SportTrack-v1.Controladores\SportTrack-v1.Controladores.csproj]
C:\Users\EZEQU\source\repos\SportTrack-Federaciones\SportTrack-v1.Controladores\Federaciones\EventoPruebaController.cs(132,17): error CS0117: 'EventoPruebaDto' no contiene una definición para 'Id' [C:\Users\EZEQU\source\repos\SportTrack-Federaciones\SportTrack-v1.Controladores\SportTrack-v1.Controladores.csproj]
C:\Users\EZEQU\source\repos\SportTrack-Federaciones\SportTrack-v1.Controladores\Federaciones\EventoPruebaController.cs(133,17): error CS0117: 'EventoPruebaDto' no contiene una definición para 'EventoId' [C:\Users\EZEQU\source\repos\SportTrack-Federaciones\SportTrack-v1.Controladores\SportTrack-v1.Controladores.csproj]
C:\Users\EZEQU\source\repos\SportTrack-Federaciones\SportTrack-v1.Controladores\Federaciones\EventoPruebaController.cs(134,17): error CS0117: 'EventoPruebaDto' no contiene una definición para 'PruebaId' [C:\Users\EZEQU\source\repos\SportTrack-Federaciones\SportTrack-v1.Controladores\SportTrack-v1.Controladores.csproj]
C:\Users\EZEQU\source\repos\SportTrack-Federaciones\SportTrack-v1.Controladores\Federaciones\EventoPruebaController.cs(135,17): error CS0117: 'EventoPruebaDto' no contiene una definición para 'Precio' [C:\Users\EZEQU\source\repos\SportTrack-Federaciones\SportTrack-v1.Controladores\SportTrack-v1.Controladores.csproj]
C:\Users\EZEQU\source\repos\SportTrack-Federaciones\SportTrack-v1.Controladores\Federaciones\EventoPruebaController.cs(135,39): error CS1061: "EventoPrueba" no contiene una definición para "Precio" ni un método de extensión accesible "Precio" que acepte un primer argumento del tipo "EventoPrueba" (¿falta alguna directiva using o una referencia de ensamblado?) [C:\Users\EZEQU\source\repos\SportTrack-Federaciones\SportTrack-v1.Controladores\SportTrack-v1.Controladores.csproj]
C:\Users\EZEQU\source\repos\SportTrack-Federaciones\SportTrack-v1.Controladores\Federaciones\EventoPruebaController.cs(138,21): error CS0117: 'PruebaDto' no contiene una definición para 'Id' [C:\Users\EZEQU\source\repos\SportTrack-Federaciones\SportTrack-v1.Controladores\SportTrack-v1.Controladores.csproj]
C:\Users\EZEQU\source\repos\SportTrack-Federaciones\SportTrack-v1.Controladores\Federaciones\EventoPruebaController.cs(139,33): error CS0029: No se puede convertir implícitamente el tipo 'SportTrack_v1.Entidades.Entidades.Distancia' en 'SportTrack_v1.Entidades.Enums.DistanciaRegata' [C:\Users\EZEQU\source\repos\SportTrack-Federaciones\SportTrack-v1.Controladores\SportTrack-v1.Controladores.csproj]
C:\Users\EZEQU\source\repos\SportTrack-Federaciones\SportTrack-v1.Controladores\Federaciones\EventoPruebaController.cs(140,21): error CS0117: 'PruebaDto' no contiene una definición para 'CategoriaId' [C:\Users\EZEQU\source\repos\SportTrack-Federaciones\SportTrack-v1.Controladores\SportTrack-v1.Controladores.csproj]
C:\Users\EZEQU\source\repos\SportTrack-Federaciones\SportTrack-v1.Controladores\Federaciones\EventoPruebaController.cs(141,21): error CS0117: 'PruebaDto' no contiene una definición para 'SexoId' [C:\Users\EZEQU\source\repos\SportTrack-Federaciones\SportTrack-v1.Controladores\SportTrack-v1.Controladores.csproj]
C:\Users\EZEQU\source\repos\SportTrack-Federaciones\SportTrack-v1.Controladores\Federaciones\EventoPruebaController.cs(142,21): error CS0117: 'PruebaDto' no contiene una definición para 'BoteId' [C:\Users\EZEQU\source\repos\SportTrack-Federaciones\SportTrack-v1.Controladores\SportTrack-v1.Controladores.csproj]
C:\Users\EZEQU\source\repos\SportTrack-Federaciones\SportTrack-v1.Controladores\Federaciones\EventoPruebaController.cs(176,33): error CS1061: "EventoPruebaUpdateDto" no contiene una definición para "PruebaId" ni un método de extensión accesible "PruebaId" que acepte un primer argumento del tipo "EventoPruebaUpdateDto" (¿falta alguna directiva using o una referencia de ensamblado?) [C:\Users\EZEQU\source\repos\SportTrack-Federaciones\SportTrack-v1.Controladores\SportTrack-v1.Controladores.csproj]
C:\Users\EZEQU\source\repos\SportTrack-Federaciones\SportTrack-v1.Controladores\Federaciones\EventoPruebaController.cs(182,58): error CS1061: "EventoPruebaUpdateDto" no contiene una definición para "PruebaId" ni un método de extensión accesible "PruebaId" que acepte un primer argumento del tipo "EventoPruebaUpdateDto" (¿falta alguna directiva using o una referencia de ensamblado?) [C:\Users\EZEQU\source\repos\SportTrack-Federaciones\SportTrack-v1.Controladores\SportTrack-v1.Controladores.csproj]
C:\Users\EZEQU\source\repos\SportTrack-Federaciones\SportTrack-v1.Controladores\Federaciones\EventoPruebaController.cs(185,26): error CS1061: "EventoPrueba" no contiene una definición para "Precio" ni un método de extensión accesible "Precio" que acepte un primer argumento del tipo "EventoPrueba" (¿falta alguna directiva using o una referencia de ensamblado?) [C:\Users\EZEQU\source\repos\SportTrack-Federaciones\SportTrack-v1.Controladores\SportTrack-v1.Controladores.csproj]
C:\Users\EZEQU\source\repos\SportTrack-Federaciones\SportTrack-v1.Controladores\Federaciones\EventoPruebaController.cs(185,51): error CS1061: "EventoPruebaUpdateDto" no contiene una definición para "Precio" ni un método de extensión accesible "Precio" que acepte un primer argumento del tipo "EventoPruebaUpdateDto" (¿falta alguna directiva using o una referencia de ensamblado?) [C:\Users\EZEQU\source\repos\SportTrack-Federaciones\SportTrack-v1.Controladores\SportTrack-v1.Controladores.csproj]
C:\Users\EZEQU\source\repos\SportTrack-Federaciones\SportTrack-v1.Controladores\Federaciones\DTOs\Evento\TipoEventoOptionDto.cs(29,31): error CS1061: "TipoEvento" no contiene una definición para "ToCodigo" ni un método de extensión accesible "ToCodigo" que acepte un primer argumento del tipo "TipoEvento" (¿falta alguna directiva using o una referencia de ensamblado?) [C:\Users\EZEQU\source\repos\SportTrack-Federaciones\SportTrack-v1.Controladores\SportTrack-v1.Controladores.csproj]
C:\Users\EZEQU\source\repos\SportTrack-Federaciones\SportTrack-v1.Controladores\Federaciones\DTOs\Evento\TipoEventoOptionDto.cs(30,31): error CS1061: "TipoEvento" no contiene una definición para "ToDisplayString" ni un método de extensión accesible "ToDisplayString" que acepte un primer argumento del tipo "TipoEvento" (¿falta alguna directiva using o una referencia de ensamblado?) [C:\Users\EZEQU\source\repos\SportTrack-Federaciones\SportTrack-v1.Controladores\SportTrack-v1.Controladores.csproj]
C:\Users\EZEQU\source\repos\SportTrack-Federaciones\SportTrack-v1.Controladores\Federaciones\DTOs\Evento\TipoEventoOptionDto.cs(31,30): error CS1061: "TipoEvento" no contiene una definición para "GetIcono" ni un método de extensión accesible "GetIcono" que acepte un primer argumento del tipo "TipoEvento" (¿falta alguna directiva using o una referencia de ensamblado?) [C:\Users\EZEQU\source\repos\SportTrack-Federaciones\SportTrack-v1.Controladores\SportTrack-v1.Controladores.csproj]
C:\Users\EZEQU\source\repos\SportTrack-Federaciones\SportTrack-v1.Controladores\Federaciones\DTOs\Evento\TipoEventoOptionDto.cs(32,30): error CS1061: "TipoEvento" no contiene una definición para "GetColor" ni un método de extensión accesible "GetColor" que acepte un primer argumento del tipo "TipoEvento" (¿falta alguna directiva using o una referencia de ensamblado?) [C:\Users\EZEQU\source\repos\SportTrack-Federaciones\SportTrack-v1.Controladores\SportTrack-v1.Controladores.csproj]
C:\Users\EZEQU\source\repos\SportTrack-Federaciones\SportTrack-v1.Controladores\Federaciones\DTOs\Evento\TipoEventoOptionDto.cs(33,36): error CS1061: "TipoEvento" no contiene una definición para "GetDescripcion" ni un método de extensión accesible "GetDescripcion" que acepte un primer argumento del tipo "TipoEvento" (¿falta alguna directiva using o una referencia de ensamblado?) [C:\Users\EZEQU\source\repos\SportTrack-Federaciones\SportTrack-v1.Controladores\SportTrack-v1.Controladores.csproj]
C:\Users\EZEQU\source\repos\SportTrack-Federaciones\SportTrack-v1.Controladores\Federaciones\DTOs\Evento\TipoEventoOptionDto.cs(34,44): error CS1061: "TipoEvento" no contiene una definición para "RequiereInscripcion" ni un método de extensión accesible "RequiereInscripcion" que acepte un primer argumento del tipo "TipoEvento" (¿falta alguna directiva using o una referencia de ensamblado?) [C:\Users\EZEQU\source\repos\SportTrack-Federaciones\SportTrack-v1.Controladores\SportTrack-v1.Controladores.csproj]
C:\Users\EZEQU\source\repos\SportTrack-Federaciones\SportTrack-v1.Controladores\Federaciones\DTOs\Evento\TipoEventoOptionDto.cs(35,50): error CS1061: "TipoEvento" no contiene una definición para "PermiteMultipleDistancias" ni un método de extensión accesible "PermiteMultipleDistancias" que acepte un primer argumento del tipo "TipoEvento" (¿falta alguna directiva using o una referencia de ensamblado?) [C:\Users\EZEQU\source\repos\SportTrack-Federaciones\SportTrack-v1.Controladores\SportTrack-v1.Controladores.csproj]
C:\Users\EZEQU\source\repos\SportTrack-Federaciones\SportTrack-v1.Controladores\Federaciones\DTOs\Evento\TipoEventoOptionDto.cs(36,39): error CS1061: "TipoEvento" no contiene una definición para "RequiereJueces" ni un método de extensión accesible "RequiereJueces" que acepte un primer argumento del tipo "TipoEvento" (¿falta alguna directiva using o una referencia de ensamblado?) [C:\Users\EZEQU\source\repos\SportTrack-Federaciones\SportTrack-v1.Controladores\SportTrack-v1.Controladores.csproj]
C:\Users\EZEQU\source\repos\SportTrack-Federaciones\SportTrack-v1.Controladores\Federaciones\DTOs\Evento\TipoEventoOptionDto.cs(37,38): error CS1061: "TipoEvento" no contiene una definición para "EsCompetitivo" ni un método de extensión accesible "EsCompetitivo" que acepte un primer argumento del tipo "TipoEvento" (¿falta alguna directiva using o una referencia de ensamblado?) [C:\Users\EZEQU\source\repos\SportTrack-Federaciones\SportTrack-v1.Controladores\SportTrack-v1.Controladores.csproj]
C:\Users\EZEQU\source\repos\SportTrack-Federaciones\SportTrack-v1.Controladores\Federaciones\DTOs\Evento\TipoEventoOptionDto.cs(38,36): error CS1061: "TipoEvento" no contiene una definición para "EsFormativo" ni un método de extensión accesible "EsFormativo" que acepte un primer argumento del tipo "TipoEvento" (¿falta alguna directiva using o una referencia de ensamblado?) [C:\Users\EZEQU\source\repos\SportTrack-Federaciones\SportTrack-v1.Controladores\SportTrack-v1.Controladores.csproj]
C:\Users\EZEQU\source\repos\SportTrack-Federaciones\SportTrack-v1.Controladores\Federaciones\DTOs\Evento\TipoEventoOptionDto.cs(39,40): error CS1061: "TipoEvento" no contiene una definición para "GetNivelDificultad" ni un método de extensión accesible "GetNivelDificultad" que acepte un primer argumento del tipo "TipoEvento" (¿falta alguna directiva using o una referencia de ensamblado?) [C:\Users\EZEQU\source\repos\SportTrack-Federaciones\SportTrack-v1.Controladores\SportTrack-v1.Controladores.csproj]
C:\Users\EZEQU\source\repos\SportTrack-Federaciones\SportTrack-v1.Controladores\Federaciones\PagoTransaccionController.cs(40,72): error CS1061: "Club" no contiene una definición para "IdPago" ni un método de extensión accesible "IdPago" que acepte un primer argumento del tipo "Club" (¿falta alguna directiva using o una referencia de ensamblado?) [C:\Users\EZEQU\source\repos\SportTrack-Federaciones\SportTrack-v1.Controladores\SportTrack-v1.Controladores.csproj]
C:\Users\EZEQU\source\repos\SportTrack-Federaciones\SportTrack-v1.Controladores\Federaciones\PagoTransaccionController.cs(40,90): error CS1061: "PagoTransaccionCreateDto" no contiene una definición para "IdPago" ni un método de extensión accesible "IdPago" que acepte un primer argumento del tipo "PagoTransaccionCreateDto" (¿falta alguna directiva using o una referencia de ensamblado?) [C:\Users\EZEQU\source\repos\SportTrack-Federaciones\SportTrack-v1.Controladores\SportTrack-v1.Controladores.csproj]
C:\Users\EZEQU\source\repos\SportTrack-Federaciones\SportTrack-v1.Controladores\Federaciones\PagoTransaccionController.cs(50,21): error CS0117: 'PagoTransaccion' no contiene una definición para 'ParticipanteId' [C:\Users\EZEQU\source\repos\SportTrack-Federaciones\SportTrack-v1.Controladores\SportTrack-v1.Controladores.csproj]
C:\Users\EZEQU\source\repos\SportTrack-Federaciones\SportTrack-v1.Controladores\Federaciones\PagoTransaccionController.cs(116,44): error CS1061: "PagoTransaccion" no contiene una definición para "ParticipanteId" ni un método de extensión accesible "ParticipanteId" que acepte un primer argumento del tipo "PagoTransaccion" (¿falta alguna directiva using o una referencia de ensamblado?) [C:\Users\EZEQU\source\repos\SportTrack-Federaciones\SportTrack-v1.Controladores\SportTrack-v1.Controladores.csproj]
C:\Users\EZEQU\source\repos\SportTrack-Federaciones\SportTrack-v1.Controladores\Federaciones\PagoTransaccionController.cs(151,44): error CS1061: "PagoTransaccion" no contiene una definición para "ParticipanteId" ni un método de extensión accesible "ParticipanteId" que acepte un primer argumento del tipo "PagoTransaccion" (¿falta alguna directiva using o una referencia de ensamblado?) [C:\Users\EZEQU\source\repos\SportTrack-Federaciones\SportTrack-v1.Controladores\SportTrack-v1.Controladores.csproj]
C:\Users\EZEQU\source\repos\SportTrack-Federaciones\SportTrack-v1.Controladores\Federaciones\PagoTransaccionController.cs(156,29): error CS0117: 'PersonaDto' no contiene una definición para 'Id' [C:\Users\EZEQU\source\repos\SportTrack-Federaciones\SportTrack-v1.Controladores\SportTrack-v1.Controladores.csproj]
C:\Users\EZEQU\source\repos\SportTrack-Federaciones\SportTrack-v1.Controladores\Federaciones\PagoTransaccionController.cs(167,29): error CS0117: 'ClubDto' no contiene una definición para 'Id' [C:\Users\EZEQU\source\repos\SportTrack-Federaciones\SportTrack-v1.Controladores\SportTrack-v1.Controladores.csproj]
C:\Users\EZEQU\source\repos\SportTrack-Federaciones\SportTrack-v1.Controladores\Federaciones\PagoTransaccionController.cs(171,29): error CS0117: 'ClubDto' no contiene una definición para 'Sigla' [C:\Users\EZEQU\source\repos\SportTrack-Federaciones\SportTrack-v1.Controladores\SportTrack-v1.Controladores.csproj]
C:\Users\EZEQU\source\repos\SportTrack-Federaciones\SportTrack-v1.Controladores\Federaciones\DTOs\Evento\EventoResponseDto.cs(75,17): error CS0117: 'EventoResponseDto' no contiene una definición para 'Id' [C:\Users\EZEQU\source\repos\SportTrack-Federaciones\SportTrack-v1.Controladores\SportTrack-v1.Controladores.csproj]
C:\Users\EZEQU\source\repos\SportTrack-Federaciones\SportTrack-v1.Controladores\Federaciones\DTOs\Evento\EventoResponseDto.cs(77,17): error CS1912: Inicialización del miembro 'Nombre' duplicada [C:\Users\EZEQU\source\repos\SportTrack-Federaciones\SportTrack-v1.Controladores\SportTrack-v1.Controladores.csproj]
C:\Users\EZEQU\source\repos\SportTrack-Federaciones\SportTrack-v1.Controladores\Federaciones\DTOs\Evento\EventoResponseDto.cs(80,44): error CS1061: "Evento" no contiene una definición para "TipoEvento" ni un método de extensión accesible "TipoEvento" que acepte un primer argumento del tipo "Evento" (¿falta alguna directiva using o una referencia de ensamblado?) [C:\Users\EZEQU\source\repos\SportTrack-Federaciones\SportTrack-v1.Controladores\SportTrack-v1.Controladores.csproj]
C:\Users\EZEQU\source\repos\SportTrack-Federaciones\SportTrack-v1.Controladores\Federaciones\DTOs\Evento\EventoResponseDto.cs(81,64): error CS1061: "Evento" no contiene una definición para "TipoEvento" ni un método de extensión accesible "TipoEvento" que acepte un primer argumento del tipo "Evento" (¿falta alguna directiva using o una referencia de ensamblado?) [C:\Users\EZEQU\source\repos\SportTrack-Federaciones\SportTrack-v1.Controladores\SportTrack-v1.Controladores.csproj]
C:\Users\EZEQU\source\repos\SportTrack-Federaciones\SportTrack-v1.Controladores\Federaciones\DTOs\Evento\EventoResponseDto.cs(82,61): error CS1061: "Evento" no contiene una definición para "TipoEvento" ni un método de extensión accesible "TipoEvento" que acepte un primer argumento del tipo "Evento" (¿falta alguna directiva using o una referencia de ensamblado?) [C:\Users\EZEQU\source\repos\SportTrack-Federaciones\SportTrack-v1.Controladores\SportTrack-v1.Controladores.csproj]
C:\Users\EZEQU\source\repos\SportTrack-Federaciones\SportTrack-v1.Controladores\Federaciones\DTOs\Evento\EventoResponseDto.cs(83,61): error CS1061: "Evento" no contiene una definición para "TipoEvento" ni un método de extensión accesible "TipoEvento" que acepte un primer argumento del tipo "Evento" (¿falta alguna directiva using o una referencia de ensamblado?) [C:\Users\EZEQU\source\repos\SportTrack-Federaciones\SportTrack-v1.Controladores\SportTrack-v1.Controladores.csproj]
C:\Users\EZEQU\source\repos\SportTrack-Federaciones\SportTrack-v1.Controladores\Federaciones\DTOs\Evento\EventoResponseDto.cs(86,38): error CS1061: "Evento" no contiene una definición para "FechaInicio" ni un método de extensión accesible "FechaInicio" que acepte un primer argumento del tipo "Evento" (¿falta alguna directiva using o una referencia de ensamblado?) [C:\Users\EZEQU\source\repos\SportTrack-Federaciones\SportTrack-v1.Controladores\SportTrack-v1.Controladores.csproj]
C:\Users\EZEQU\source\repos\SportTrack-Federaciones\SportTrack-v1.Controladores\Federaciones\DTOs\Evento\EventoResponseDto.cs(87,28): error CS0266: No se puede convertir implícitamente el tipo 'System.DateTime?' en 'System.DateTime'. Ya existe una conversión explícita (compruebe si le falta una conversión) [C:\Users\EZEQU\source\repos\SportTrack-Federaciones\SportTrack-v1.Controladores\SportTrack-v1.Controladores.csproj]
C:\Users\EZEQU\source\repos\SportTrack-Federaciones\SportTrack-v1.Controladores\Federaciones\DTOs\Evento\EventoResponseDto.cs(88,38): error CS1061: "Evento" no contiene una definición para "FechaInicio" ni un método de extensión accesible "FechaInicio" que acepte un primer argumento del tipo "Evento" (¿falta alguna directiva using o una referencia de ensamblado?) [C:\Users\EZEQU\source\repos\SportTrack-Federaciones\SportTrack-v1.Controladores\SportTrack-v1.Controladores.csproj]
C:\Users\EZEQU\source\repos\SportTrack-Federaciones\SportTrack-v1.Controladores\Federaciones\DTOs\Evento\EventoResponseDto.cs(93,33): error CS1061: "Evento" no contiene una definición para "Ciudad" ni un método de extensión accesible "Ciudad" que acepte un primer argumento del tipo "Evento" (¿falta alguna directiva using o una referencia de ensamblado?) [C:\Users\EZEQU\source\repos\SportTrack-Federaciones\SportTrack-v1.Controladores\SportTrack-v1.Controladores.csproj]
C:\Users\EZEQU\source\repos\SportTrack-Federaciones\SportTrack-v1.Controladores\Federaciones\DTOs\Evento\EventoResponseDto.cs(94,36): error CS1061: "Evento" no contiene una definición para "Provincia" ni un método de extensión accesible "Provincia" que acepte un primer argumento del tipo "Evento" (¿falta alguna directiva using o una referencia de ensamblado?) [C:\Users\EZEQU\source\repos\SportTrack-Federaciones\SportTrack-v1.Controladores\SportTrack-v1.Controladores.csproj]
C:\Users\EZEQU\source\repos\SportTrack-Federaciones\SportTrack-v1.Controladores\Federaciones\DTOs\Evento\EventoResponseDto.cs(97,17): error CS0117: 'EventoResponseDto' no contiene una definición para 'EventoPruebas' [C:\Users\EZEQU\source\repos\SportTrack-Federaciones\SportTrack-v1.Controladores\SportTrack-v1.Controladores.csproj]
C:\Users\EZEQU\source\repos\SportTrack-Federaciones\SportTrack-v1.Controladores\Federaciones\DTOs\Evento\EventoResponseDto.cs(100,37): error CS1061: "Evento" no contiene una definición para "PrecioBase" ni un método de extensión accesible "PrecioBase" que acepte un primer argumento del tipo "Evento" (¿falta alguna directiva using o una referencia de ensamblado?) [C:\Users\EZEQU\source\repos\SportTrack-Federaciones\SportTrack-v1.Controladores\SportTrack-v1.Controladores.csproj]
C:\Users\EZEQU\source\repos\SportTrack-Federaciones\SportTrack-v1.Controladores\Federaciones\DTOs\Evento\EventoResponseDto.cs(101,37): error CS1061: "Evento" no contiene una definición para "CupoMaximo" ni un método de extensión accesible "CupoMaximo" que acepte un primer argumento del tipo "Evento" (¿falta alguna directiva using o una referencia de ensamblado?) [C:\Users\EZEQU\source\repos\SportTrack-Federaciones\SportTrack-v1.Controladores\SportTrack-v1.Controladores.csproj]
C:\Users\EZEQU\source\repos\SportTrack-Federaciones\SportTrack-v1.Controladores\Federaciones\DTOs\Evento\EventoResponseDto.cs(102,44): error CS1061: "Evento" no contiene una definición para "TieneCronometraje" ni un método de extensión accesible "TieneCronometraje" que acepte un primer argumento del tipo "Evento" (¿falta alguna directiva using o una referencia de ensamblado?) [C:\Users\EZEQU\source\repos\SportTrack-Federaciones\SportTrack-v1.Controladores\SportTrack-v1.Controladores.csproj]
C:\Users\EZEQU\source\repos\SportTrack-Federaciones\SportTrack-v1.Controladores\Federaciones\DTOs\Evento\EventoResponseDto.cs(103,52): error CS1061: "Evento" no contiene una definición para "RequiereCertificadoMedico" ni un método de extensión accesible "RequiereCertificadoMedico" que acepte un primer argumento del tipo "Evento" (¿falta alguna directiva using o una referencia de ensamblado?) [C:\Users\EZEQU\source\repos\SportTrack-Federaciones\SportTrack-v1.Controladores\SportTrack-v1.Controladores.csproj]
C:\Users\EZEQU\source\repos\SportTrack-Federaciones\SportTrack-v1.Controladores\Federaciones\DTOs\Evento\EventoResponseDto.cs(106,17): error CS0117: 'EventoResponseDto' no contiene una definición para 'Activo' [C:\Users\EZEQU\source\repos\SportTrack-Federaciones\SportTrack-v1.Controladores\SportTrack-v1.Controladores.csproj]
C:\Users\EZEQU\source\repos\SportTrack-Federaciones\SportTrack-v1.Controladores\Federaciones\DTOs\Evento\EventoResponseDto.cs(106,33): error CS1061: "Evento" no contiene una definición para "Activo" ni un método de extensión accesible "Activo" que acepte un primer argumento del tipo "Evento" (¿falta alguna directiva using o una referencia de ensamblado?) [C:\Users\EZEQU\source\repos\SportTrack-Federaciones\SportTrack-v1.Controladores\SportTrack-v1.Controladores.csproj]
C:\Users\EZEQU\source\repos\SportTrack-Federaciones\SportTrack-v1.Controladores\Federaciones\DTOs\Evento\EventoResponseDto.cs(108,17): error CS1912: Inicialización del miembro 'Nombre' duplicada [C:\Users\EZEQU\source\repos\SportTrack-Federaciones\SportTrack-v1.Controladores\SportTrack-v1.Controladores.csproj]
C:\Users\EZEQU\source\repos\SportTrack-Federaciones\SportTrack-v1.Controladores\Federaciones\DTOs\Evento\EventoResponseDto.cs(112,43): error CS1061: "Evento" no contiene una definición para "CupoMaximo" ni un método de extensión accesible "CupoMaximo" que acepte un primer argumento del tipo "Evento" (¿falta alguna directiva using o una referencia de ensamblado?) [C:\Users\EZEQU\source\repos\SportTrack-Federaciones\SportTrack-v1.Controladores\SportTrack-v1.Controladores.csproj]
C:\Users\EZEQU\source\repos\SportTrack-Federaciones\SportTrack-v1.Controladores\Federaciones\DTOs\Evento\EventoResponseDto.cs(113,41): error CS1061: "Evento" no contiene una definición para "FechaInicio" ni un método de extensión accesible "FechaInicio" que acepte un primer argumento del tipo "Evento" (¿falta alguna directiva using o una referencia de ensamblado?) [C:\Users\EZEQU\source\repos\SportTrack-Federaciones\SportTrack-v1.Controladores\SportTrack-v1.Controladores.csproj]
C:\Users\EZEQU\source\repos\SportTrack-Federaciones\SportTrack-v1.Controladores\Federaciones\PagoTransaccionController.cs(198,35): error CS1061: "PagoTransaccion" no contiene una definición para "ParticipanteId" ni un método de extensión accesible "ParticipanteId" que acepte un primer argumento del tipo "PagoTransaccion" (¿falta alguna directiva using o una referencia de ensamblado?) [C:\Users\EZEQU\source\repos\SportTrack-Federaciones\SportTrack-v1.Controladores\SportTrack-v1.Controladores.csproj]
C:\Users\EZEQU\source\repos\SportTrack-Federaciones\SportTrack-v1.Controladores\Federaciones\DTOs\Evento\EventoResponseDto.cs(187,36): error CS1061: "Evento" no contiene una definición para "FechaInicio" ni un método de extensión accesible "FechaInicio" que acepte un primer argumento del tipo "Evento" (¿falta alguna directiva using o una referencia de ensamblado?) [C:\Users\EZEQU\source\repos\SportTrack-Federaciones\SportTrack-v1.Controladores\SportTrack-v1.Controladores.csproj]
C:\Users\EZEQU\source\repos\SportTrack-Federaciones\SportTrack-v1.Controladores\Federaciones\DTOs\Evento\EventoResponseDto.cs(187,76): error CS1061: "Evento" no contiene una definición para "FechaInicio" ni un método de extensión accesible "FechaInicio" que acepte un primer argumento del tipo "Evento" (¿falta alguna directiva using o una referencia de ensamblado?) [C:\Users\EZEQU\source\repos\SportTrack-Federaciones\SportTrack-v1.Controladores\SportTrack-v1.Controladores.csproj]
C:\Users\EZEQU\source\repos\SportTrack-Federaciones\SportTrack-v1.Controladores\Federaciones\DTOs\Evento\EventoResponseDto.cs(189,48): error CS1061: "Evento" no contiene una definición para "Activo" ni un método de extensión accesible "Activo" que acepte un primer argumento del tipo "Evento" (¿falta alguna directiva using o una referencia de ensamblado?) [C:\Users\EZEQU\source\repos\SportTrack-Federaciones\SportTrack-v1.Controladores\SportTrack-v1.Controladores.csproj]
C:\Users\EZEQU\source\repos\SportTrack-Federaciones\SportTrack-v1.Controladores\Federaciones\DTOs\Evento\EventoPruebaResponseDto.cs(28,17): error CS0117: 'EventoPruebaResponseDto' no contiene una definición para 'Id' [C:\Users\EZEQU\source\repos\SportTrack-Federaciones\SportTrack-v1.Controladores\SportTrack-v1.Controladores.csproj]
C:\Users\EZEQU\source\repos\SportTrack-Federaciones\SportTrack-v1.Controladores\Federaciones\DTOs\Evento\EventoPruebaResponseDto.cs(29,31): error CS0030: No se puede convertir el tipo 'SportTrack_v1.Entidades.Entidades.Distancia' en 'int' [C:\Users\EZEQU\source\repos\SportTrack-Federaciones\SportTrack-v1.Controladores\SportTrack-v1.Controladores.csproj]
C:\Users\EZEQU\source\repos\SportTrack-Federaciones\SportTrack-v1.Controladores\Federaciones\DTOs\Evento\EventoPruebaResponseDto.cs(30,55): error CS1503: Argumento 1: no se puede convertir de 'SportTrack_v1.Entidades.Entidades.Distancia' a 'SportTrack_v1.Entidades.Enums.DistanciaRegata' [C:\Users\EZEQU\source\repos\SportTrack-Federaciones\SportTrack-v1.Controladores\SportTrack-v1.Controladores.csproj]
C:\Users\EZEQU\source\repos\SportTrack-Federaciones\SportTrack-v1.Controladores\Federaciones\DTOs\Evento\EventoPruebaResponseDto.cs(32,45): error CS1503: Argumento 1: no se puede convertir de 'SportTrack_v1.Entidades.Entidades.Distancia' a 'SportTrack_v1.Entidades.Enums.DistanciaRegata' [C:\Users\EZEQU\source\repos\SportTrack-Federaciones\SportTrack-v1.Controladores\SportTrack-v1.Controladores.csproj]
C:\Users\EZEQU\source\repos\SportTrack-Federaciones\SportTrack-v1.Controladores\Federaciones\DTOs\Evento\EventoPruebaResponseDto.cs(33,17): error CS0117: 'EventoPruebaResponseDto' no contiene una definición para 'CategoriaId' [C:\Users\EZEQU\source\repos\SportTrack-Federaciones\SportTrack-v1.Controladores\SportTrack-v1.Controladores.csproj]
C:\Users\EZEQU\source\repos\SportTrack-Federaciones\SportTrack-v1.Controladores\Federaciones\DTOs\Evento\EventoPruebaResponseDto.cs(34,17): error CS0117: 'EventoPruebaResponseDto' no contiene una definición para 'Precio' [C:\Users\EZEQU\source\repos\SportTrack-Federaciones\SportTrack-v1.Controladores\SportTrack-v1.Controladores.csproj]
C:\Users\EZEQU\source\repos\SportTrack-Federaciones\SportTrack-v1.Controladores\Federaciones\DTOs\Evento\EventoPruebaResponseDto.cs(34,39): error CS1061: "EventoPrueba" no contiene una definición para "Precio" ni un método de extensión accesible "Precio" que acepte un primer argumento del tipo "EventoPrueba" (¿falta alguna directiva using o una referencia de ensamblado?) [C:\Users\EZEQU\source\repos\SportTrack-Federaciones\SportTrack-v1.Controladores\SportTrack-v1.Controladores.csproj]
C:\Users\EZEQU\source\repos\SportTrack-Federaciones\SportTrack-v1.Controladores\Federaciones\DTOs\Evento\EventoPruebaResponseDto.cs(35,17): error CS0117: 'EventoPruebaResponseDto' no contiene una definición para 'BoteId' [C:\Users\EZEQU\source\repos\SportTrack-Federaciones\SportTrack-v1.Controladores\SportTrack-v1.Controladores.csproj]
C:\Users\EZEQU\source\repos\SportTrack-Federaciones\SportTrack-v1.Controladores\Federaciones\DTOs\Evento\EventoPruebaResponseDto.cs(37,17): error CS0117: 'EventoPruebaResponseDto' no contiene una definición para 'SexoId' [C:\Users\EZEQU\source\repos\SportTrack-Federaciones\SportTrack-v1.Controladores\SportTrack-v1.Controladores.csproj]
C:\Users\EZEQU\source\repos\SportTrack-Federaciones\SportTrack-v1.Controladores\Federaciones\DTOs\Evento\EventoPruebaResponseDto.cs(38,35): error CS0030: No se puede convertir el tipo 'SportTrack_v1.Entidades.Entidades.Distancia' en 'int' [C:\Users\EZEQU\source\repos\SportTrack-Federaciones\SportTrack-v1.Controladores\SportTrack-v1.Controladores.csproj]
C:\Users\EZEQU\source\repos\SportTrack-Federaciones\SportTrack-v1.Controladores\Federaciones\PagoTransaccionController.cs(242,44): error CS1061: "PagoTransaccion" no contiene una definición para "ParticipanteId" ni un método de extensión accesible "ParticipanteId" que acepte un primer argumento del tipo "PagoTransaccion" (¿falta alguna directiva using o una referencia de ensamblado?) [C:\Users\EZEQU\source\repos\SportTrack-Federaciones\SportTrack-v1.Controladores\SportTrack-v1.Controladores.csproj]
C:\Users\EZEQU\source\repos\SportTrack-Federaciones\SportTrack-v1.Controladores\Federaciones\PagoTransaccionController.cs(277,44): error CS1061: "PagoTransaccion" no contiene una definición para "ParticipanteId" ni un método de extensión accesible "ParticipanteId" que acepte un primer argumento del tipo "PagoTransaccion" (¿falta alguna directiva using o una referencia de ensamblado?) [C:\Users\EZEQU\source\repos\SportTrack-Federaciones\SportTrack-v1.Controladores\SportTrack-v1.Controladores.csproj]
C:\Users\EZEQU\source\repos\SportTrack-Federaciones\SportTrack-v1.Controladores\Federaciones\DTOs\Evento\CategoriaOptionDto.cs(18,40): error CS1061: "CategoriaEdad" no contiene una definición para "GetRangoEdad" ni un método de extensión accesible "GetRangoEdad" que acepte un primer argumento del tipo "CategoriaEdad" (¿falta alguna directiva using o una referencia de ensamblado?) [C:\Users\EZEQU\source\repos\SportTrack-Federaciones\SportTrack-v1.Controladores\SportTrack-v1.Controladores.csproj]
C:\Users\EZEQU\source\repos\SportTrack-Federaciones\SportTrack-v1.Controladores\Federaciones\DTOs\Evento\CategoriaOptionDto.cs(18,18): error CS8130: No se puede inferir el tipo de variable de desconstrucción con tipo implícito 'min'. [C:\Users\EZEQU\source\repos\SportTrack-Federaciones\SportTrack-v1.Controladores\SportTrack-v1.Controladores.csproj]
C:\Users\EZEQU\source\repos\SportTrack-Federaciones\SportTrack-v1.Controladores\Federaciones\DTOs\Evento\CategoriaOptionDto.cs(18,23): error CS8130: No se puede inferir el tipo de variable de desconstrucción con tipo implícito 'max'. [C:\Users\EZEQU\source\repos\SportTrack-Federaciones\SportTrack-v1.Controladores\SportTrack-v1.Controladores.csproj]
C:\Users\EZEQU\source\repos\SportTrack-Federaciones\SportTrack-v1.Controladores\Federaciones\DTOs\Evento\CategoriaOptionDto.cs(23,45): error CS1061: "CategoriaEdad" no contiene una definición para "ToCodigo" ni un método de extensión accesible "ToCodigo" que acepte un primer argumento del tipo "CategoriaEdad" (¿falta alguna directiva using o una referencia de ensamblado?) [C:\Users\EZEQU\source\repos\SportTrack-Federaciones\SportTrack-v1.Controladores\SportTrack-v1.Controladores.csproj]
C:\Users\EZEQU\source\repos\SportTrack-Federaciones\SportTrack-v1.Controladores\Federaciones\DTOs\Evento\CategoriaOptionDto.cs(24,45): error CS1061: "CategoriaEdad" no contiene una definición para "ToDisplayString" ni un método de extensión accesible "ToDisplayString" que acepte un primer argumento del tipo "CategoriaEdad" (¿falta alguna directiva using o una referencia de ensamblado?) [C:\Users\EZEQU\source\repos\SportTrack-Federaciones\SportTrack-v1.Controladores\SportTrack-v1.Controladores.csproj]
C:\Users\EZEQU\source\repos\SportTrack-Federaciones\SportTrack-v1.Controladores\Federaciones\DTOs\Evento\CategoriaOptionDto.cs(25,34): error CS1061: "CategoriaEdad" no contiene una definición para "GetSexoDefault" ni un método de extensión accesible "GetSexoDefault" que acepte un primer argumento del tipo "CategoriaEdad" (¿falta alguna directiva using o una referencia de ensamblado?) [C:\Users\EZEQU\source\repos\SportTrack-Federaciones\SportTrack-v1.Controladores\SportTrack-v1.Controladores.csproj]
C:\Users\EZEQU\source\repos\SportTrack-Federaciones\SportTrack-v1.Controladores\Federaciones\DTOs\Evento\CategoriaOptionDto.cs(26,41): error CS1061: "CategoriaEdad" no contiene una definición para "GetDescripcion" ni un método de extensión accesible "GetDescripcion" que acepte un primer argumento del tipo "CategoriaEdad" (¿falta alguna directiva using o una referencia de ensamblado?) [C:\Users\EZEQU\source\repos\SportTrack-Federaciones\SportTrack-v1.Controladores\SportTrack-v1.Controladores.csproj]
C:\Users\EZEQU\source\repos\SportTrack-Federaciones\SportTrack-v1.Controladores\Federaciones\PagoTransaccionController.cs(306,82): error CS1061: "Participante" no contiene una definición para "IdPago" ni un método de extensión accesible "IdPago" que acepte un primer argumento del tipo "Participante" (¿falta alguna directiva using o una referencia de ensamblado?) [C:\Users\EZEQU\source\repos\SportTrack-Federaciones\SportTrack-v1.Controladores\SportTrack-v1.Controladores.csproj]
C:\Users\EZEQU\source\repos\SportTrack-Federaciones\SportTrack-v1.Controladores\Federaciones\PagoTransaccionController.cs(306,117): error CS1061: "PagoTransaccionCreateDto" no contiene una definición para "IdPago" ni un método de extensión accesible "IdPago" que acepte un primer argumento del tipo "PagoTransaccionCreateDto" (¿falta alguna directiva using o una referencia de ensamblado?) [C:\Users\EZEQU\source\repos\SportTrack-Federaciones\SportTrack-v1.Controladores\SportTrack-v1.Controladores.csproj]
C:\Users\EZEQU\source\repos\SportTrack-Federaciones\SportTrack-v1.Controladores\Federaciones\PagoTransaccionController.cs(313,72): error CS1061: "Club" no contiene una definición para "IdPago" ni un método de extensión accesible "IdPago" que acepte un primer argumento del tipo "Club" (¿falta alguna directiva using o una referencia de ensamblado?) [C:\Users\EZEQU\source\repos\SportTrack-Federaciones\SportTrack-v1.Controladores\SportTrack-v1.Controladores.csproj]
C:\Users\EZEQU\source\repos\SportTrack-Federaciones\SportTrack-v1.Controladores\Federaciones\PagoTransaccionController.cs(313,107): error CS1061: "PagoTransaccionCreateDto" no contiene una definición para "IdPago" ni un método de extensión accesible "IdPago" que acepte un primer argumento del tipo "PagoTransaccionCreateDto" (¿falta alguna directiva using o una referencia de ensamblado?) [C:\Users\EZEQU\source\repos\SportTrack-Federaciones\SportTrack-v1.Controladores\SportTrack-v1.Controladores.csproj]
C:\Users\EZEQU\source\repos\SportTrack-Federaciones\SportTrack-v1.Controladores\Federaciones\PagoTransaccionController.cs(326,21): error CS0117: 'PagoTransaccion' no contiene una definición para 'ParticipanteId' [C:\Users\EZEQU\source\repos\SportTrack-Federaciones\SportTrack-v1.Controladores\SportTrack-v1.Controladores.csproj]
C:\Users\EZEQU\source\repos\SportTrack-Federaciones\SportTrack-v1.Controladores\Federaciones\PagoTransaccionController.cs(350,54): error CS1061: "PagoTransaccion" no contiene una definición para "ParticipanteId" ni un método de extensión accesible "ParticipanteId" que acepte un primer argumento del tipo "PagoTransaccion" (¿falta alguna directiva using o una referencia de ensamblado?) [C:\Users\EZEQU\source\repos\SportTrack-Federaciones\SportTrack-v1.Controladores\SportTrack-v1.Controladores.csproj]
C:\Users\EZEQU\source\repos\SportTrack-Federaciones\SportTrack-v1.Controladores\Federaciones\PagoTransaccionController.cs(389,82): error CS1061: "Participante" no contiene una definición para "IdPago" ni un método de extensión accesible "IdPago" que acepte un primer argumento del tipo "Participante" (¿falta alguna directiva using o una referencia de ensamblado?) [C:\Users\EZEQU\source\repos\SportTrack-Federaciones\SportTrack-v1.Controladores\SportTrack-v1.Controladores.csproj]
C:\Users\EZEQU\source\repos\SportTrack-Federaciones\SportTrack-v1.Controladores\Federaciones\PagoTransaccionController.cs(389,117): error CS1061: "PagoTransaccionCreateDto" no contiene una definición para "IdPago" ni un método de extensión accesible "IdPago" que acepte un primer argumento del tipo "PagoTransaccionCreateDto" (¿falta alguna directiva using o una referencia de ensamblado?) [C:\Users\EZEQU\source\repos\SportTrack-Federaciones\SportTrack-v1.Controladores\SportTrack-v1.Controladores.csproj]
C:\Users\EZEQU\source\repos\SportTrack-Federaciones\SportTrack-v1.Controladores\Federaciones\PagoTransaccionController.cs(396,72): error CS1061: "Club" no contiene una definición para "IdPago" ni un método de extensión accesible "IdPago" que acepte un primer argumento del tipo "Club" (¿falta alguna directiva using o una referencia de ensamblado?) [C:\Users\EZEQU\source\repos\SportTrack-Federaciones\SportTrack-v1.Controladores\SportTrack-v1.Controladores.csproj]
C:\Users\EZEQU\source\repos\SportTrack-Federaciones\SportTrack-v1.Controladores\Federaciones\PagoTransaccionController.cs(396,107): error CS1061: "PagoTransaccionCreateDto" no contiene una definición para "IdPago" ni un método de extensión accesible "IdPago" que acepte un primer argumento del tipo "PagoTransaccionCreateDto" (¿falta alguna directiva using o una referencia de ensamblado?) [C:\Users\EZEQU\source\repos\SportTrack-Federaciones\SportTrack-v1.Controladores\SportTrack-v1.Controladores.csproj]
C:\Users\EZEQU\source\repos\SportTrack-Federaciones\SportTrack-v1.Controladores\Federaciones\PagoTransaccionController.cs(406,33): error CS1061: "PagoTransaccion" no contiene una definición para "ParticipanteId" ni un método de extensión accesible "ParticipanteId" que acepte un primer argumento del tipo "PagoTransaccion" (¿falta alguna directiva using o una referencia de ensamblado?) [C:\Users\EZEQU\source\repos\SportTrack-Federaciones\SportTrack-v1.Controladores\SportTrack-v1.Controladores.csproj]
C:\Users\EZEQU\source\repos\SportTrack-Federaciones\SportTrack-v1.Controladores\Federaciones\UsuarioServices.cs(48,25): error CS0117: 'UsuarioDto' no contiene una definición para 'Id' [C:\Users\EZEQU\source\repos\SportTrack-Federaciones\SportTrack-v1.Controladores\SportTrack-v1.Controladores.csproj]
C:\Users\EZEQU\source\repos\SportTrack-Federaciones\SportTrack-v1.Controladores\Federaciones\UsuarioServices.cs(51,25): error CS0117: 'UsuarioDto' no contiene una definición para 'Activo' [C:\Users\EZEQU\source\repos\SportTrack-Federaciones\SportTrack-v1.Controladores\SportTrack-v1.Controladores.csproj]
C:\Users\EZEQU\source\repos\SportTrack-Federaciones\SportTrack-v1.Controladores\Federaciones\UsuarioServices.cs(53,25): error CS1912: Inicialización del miembro 'FechaCreacion' duplicada [C:\Users\EZEQU\source\repos\SportTrack-Federaciones\SportTrack-v1.Controladores\SportTrack-v1.Controladores.csproj]
C:\Users\EZEQU\source\repos\SportTrack-Federaciones\SportTrack-v1.Controladores\Federaciones\UsuarioServices.cs(57,25): error CS0117: 'UsuarioDto' no contiene una definición para 'FederacionId' [C:\Users\EZEQU\source\repos\SportTrack-Federaciones\SportTrack-v1.Controladores\SportTrack-v1.Controladores.csproj]
C:\Users\EZEQU\source\repos\SportTrack-Federaciones\SportTrack-v1.Controladores\Federaciones\UsuarioServices.cs(58,25): error CS0117: 'UsuarioDto' no contiene una definición para 'ClubId' [C:\Users\EZEQU\source\repos\SportTrack-Federaciones\SportTrack-v1.Controladores\SportTrack-v1.Controladores.csproj]
C:\Users\EZEQU\source\repos\SportTrack-Federaciones\SportTrack-v1.Controladores\Federaciones\UsuarioServices.cs(81,25): error CS0117: 'UsuarioDetailDto' no contiene una definición para 'Activo' [C:\Users\EZEQU\source\repos\SportTrack-Federaciones\SportTrack-v1.Controladores\SportTrack-v1.Controladores.csproj]
C:\Users\EZEQU\source\repos\SportTrack-Federaciones\SportTrack-v1.Controladores\Federaciones\UsuarioServices.cs(83,25): error CS1912: Inicialización del miembro 'FechaCreacion' duplicada [C:\Users\EZEQU\source\repos\SportTrack-Federaciones\SportTrack-v1.Controladores\SportTrack-v1.Controladores.csproj]
C:\Users\EZEQU\source\repos\SportTrack-Federaciones\SportTrack-v1.Controladores\Federaciones\UsuarioServices.cs(86,29): error CS0117: 'PersonaDto' no contiene una definición para 'Id' [C:\Users\EZEQU\source\repos\SportTrack-Federaciones\SportTrack-v1.Controladores\SportTrack-v1.Controladores.csproj]
C:\Users\EZEQU\source\repos\SportTrack-Federaciones\SportTrack-v1.Controladores\Federaciones\UsuarioServices.cs(122,25): error CS0117: 'UsuarioDto' no contiene una definición para 'Activo' [C:\Users\EZEQU\source\repos\SportTrack-Federaciones\SportTrack-v1.Controladores\SportTrack-v1.Controladores.csproj]
C:\Users\EZEQU\source\repos\SportTrack-Federaciones\SportTrack-v1.Controladores\Federaciones\UsuarioServices.cs(124,25): error CS1912: Inicialización del miembro 'FechaCreacion' duplicada [C:\Users\EZEQU\source\repos\SportTrack-Federaciones\SportTrack-v1.Controladores\SportTrack-v1.Controladores.csproj]
C:\Users\EZEQU\source\repos\SportTrack-Federaciones\SportTrack-v1.Controladores\Federaciones\UsuarioServices.cs(148,105): error CS1061: "UsuarioCreateDto" no contiene una definición para "Id" ni un método de extensión accesible "Id" que acepte un primer argumento del tipo "UsuarioCreateDto" (¿falta alguna directiva using o una referencia de ensamblado?) [C:\Users\EZEQU\source\repos\SportTrack-Federaciones\SportTrack-v1.Controladores\SportTrack-v1.Controladores.csproj]
C:\Users\EZEQU\source\repos\SportTrack-Federaciones\SportTrack-v1.Controladores\Federaciones\UsuarioServices.cs(176,21): error CS0117: 'Usuario' no contiene una definición para 'EstaActivo' [C:\Users\EZEQU\source\repos\SportTrack-Federaciones\SportTrack-v1.Controladores\SportTrack-v1.Controladores.csproj]
C:\Users\EZEQU\source\repos\SportTrack-Federaciones\SportTrack-v1.Controladores\Federaciones\UsuarioServices.cs(178,21): error CS0117: 'Usuario' no contiene una definición para 'UltimoAcceso' [C:\Users\EZEQU\source\repos\SportTrack-Federaciones\SportTrack-v1.Controladores\SportTrack-v1.Controladores.csproj]
C:\Users\EZEQU\source\repos\SportTrack-Federaciones\SportTrack-v1.Controladores\Federaciones\UsuarioServices.cs(179,21): error CS0117: 'Usuario' no contiene una definición para 'IdFederacion' [C:\Users\EZEQU\source\repos\SportTrack-Federaciones\SportTrack-v1.Controladores\SportTrack-v1.Controladores.csproj]
C:\Users\EZEQU\source\repos\SportTrack-Federaciones\SportTrack-v1.Controladores\Federaciones\UsuarioServices.cs(180,21): error CS0117: 'Usuario' no contiene una definición para 'IdClub' [C:\Users\EZEQU\source\repos\SportTrack-Federaciones\SportTrack-v1.Controladores\SportTrack-v1.Controladores.csproj]
C:\Users\EZEQU\source\repos\SportTrack-Federaciones\SportTrack-v1.Controladores\Federaciones\UsuarioServices.cs(195,21): error CS0117: 'UsuarioDto' no contiene una definición para 'Activo' [C:\Users\EZEQU\source\repos\SportTrack-Federaciones\SportTrack-v1.Controladores\SportTrack-v1.Controladores.csproj]
C:\Users\EZEQU\source\repos\SportTrack-Federaciones\SportTrack-v1.Controladores\Federaciones\UsuarioServices.cs(197,21): error CS1912: Inicialización del miembro 'FechaCreacion' duplicada [C:\Users\EZEQU\source\repos\SportTrack-Federaciones\SportTrack-v1.Controladores\SportTrack-v1.Controladores.csproj]
C:\Users\EZEQU\source\repos\SportTrack-Federaciones\SportTrack-v1.Controladores\Federaciones\UsuarioServices.cs(244,21): error CS0117: 'UsuarioDto' no contiene una definición para 'Activo' [C:\Users\EZEQU\source\repos\SportTrack-Federaciones\SportTrack-v1.Controladores\SportTrack-v1.Controladores.csproj]
C:\Users\EZEQU\source\repos\SportTrack-Federaciones\SportTrack-v1.Controladores\Federaciones\UsuarioServices.cs(246,21): error CS1912: Inicialización del miembro 'FechaCreacion' duplicada [C:\Users\EZEQU\source\repos\SportTrack-Federaciones\SportTrack-v1.Controladores\SportTrack-v1.Controladores.csproj]
C:\Users\EZEQU\source\repos\SportTrack-Federaciones\SportTrack-v1.Controladores\Federaciones\UsuarioServices.cs(282,55): error CS1061: "UsuarioUpdateDto" no contiene una definición para "Activo" ni un método de extensión accesible "Activo" que acepte un primer argumento del tipo "UsuarioUpdateDto" (¿falta alguna directiva using o una referencia de ensamblado?) [C:\Users\EZEQU\source\repos\SportTrack-Federaciones\SportTrack-v1.Controladores\SportTrack-v1.Controladores.csproj]
C:\Users\EZEQU\source\repos\SportTrack-Federaciones\SportTrack-v1.Controladores\Federaciones\AtletaServices.cs(60,25): error CS0117: 'AtletaDetailDto' no contiene una definición para 'IdParticipante' [C:\Users\EZEQU\source\repos\SportTrack-Federaciones\SportTrack-v1.Controladores\SportTrack-v1.Controladores.csproj]
C:\Users\EZEQU\source\repos\SportTrack-Federaciones\SportTrack-v1.Controladores\Federaciones\AtletaServices.cs(73,29): error CS0117: 'PersonaDto' no contiene una definición para 'Id' [C:\Users\EZEQU\source\repos\SportTrack-Federaciones\SportTrack-v1.Controladores\SportTrack-v1.Controladores.csproj]
C:\Users\EZEQU\source\repos\SportTrack-Federaciones\SportTrack-v1.Controladores\Federaciones\AtletaServices.cs(84,29): error CS0117: 'ClubDto' no contiene una definición para 'Id' [C:\Users\EZEQU\source\repos\SportTrack-Federaciones\SportTrack-v1.Controladores\SportTrack-v1.Controladores.csproj]
C:\Users\EZEQU\source\repos\SportTrack-Federaciones\SportTrack-v1.Controladores\Federaciones\AtletaServices.cs(86,29): error CS0117: 'ClubDto' no contiene una definición para 'Sigla' [C:\Users\EZEQU\source\repos\SportTrack-Federaciones\SportTrack-v1.Controladores\SportTrack-v1.Controladores.csproj]
C:\Users\EZEQU\source\repos\SportTrack-Federaciones\SportTrack-v1.Controladores\Federaciones\AtletaServices.cs(90,29): error CS0117: 'InscripcionDto' no contiene una definición para 'Id' [C:\Users\EZEQU\source\repos\SportTrack-Federaciones\SportTrack-v1.Controladores\SportTrack-v1.Controladores.csproj]
C:\Users\EZEQU\source\repos\SportTrack-Federaciones\SportTrack-v1.Controladores\Federaciones\AtletaServices.cs(96,29): error CS0117: 'AtletaTutorDto' no contiene una definición para 'IdParticipante' [C:\Users\EZEQU\source\repos\SportTrack-Federaciones\SportTrack-v1.Controladores\SportTrack-v1.Controladores.csproj]
C:\Users\EZEQU\source\repos\SportTrack-Federaciones\SportTrack-v1.Controladores\Federaciones\AtletaServices.cs(96,49): error CS1061: "AtletaTutor" no contiene una definición para "IdParticipante" ni un método de extensión accesible "IdParticipante" que acepte un primer argumento del tipo "AtletaTutor" (¿falta alguna directiva using o una referencia de ensamblado?) [C:\Users\EZEQU\source\repos\SportTrack-Federaciones\SportTrack-v1.Controladores\SportTrack-v1.Controladores.csproj]
C:\Users\EZEQU\source\repos\SportTrack-Federaciones\SportTrack-v1.Controladores\Federaciones\AtletaTutorServices.cs(37,25): error CS0117: 'AtletaTutorDto' no contiene una definición para 'IdParticipante' [C:\Users\EZEQU\source\repos\SportTrack-Federaciones\SportTrack-v1.Controladores\SportTrack-v1.Controladores.csproj]
C:\Users\EZEQU\source\repos\SportTrack-Federaciones\SportTrack-v1.Controladores\Federaciones\AtletaTutorServices.cs(37,45): error CS1061: "AtletaTutor" no contiene una definición para "IdParticipante" ni un método de extensión accesible "IdParticipante" que acepte un primer argumento del tipo "AtletaTutor" (¿falta alguna directiva using o una referencia de ensamblado?) [C:\Users\EZEQU\source\repos\SportTrack-Federaciones\SportTrack-v1.Controladores\SportTrack-v1.Controladores.csproj]
C:\Users\EZEQU\source\repos\SportTrack-Federaciones\SportTrack-v1.Controladores\Federaciones\ClubServices.cs(41,37): error CS1061: "Club" no contiene una definición para "AtletasFederados" ni un método de extensión accesible "AtletasFederados" que acepte un primer argumento del tipo "Club" (¿falta alguna directiva using o una referencia de ensamblado?) [C:\Users\EZEQU\source\repos\SportTrack-Federaciones\SportTrack-v1.Controladores\SportTrack-v1.Controladores.csproj]
C:\Users\EZEQU\source\repos\SportTrack-Federaciones\SportTrack-v1.Controladores\Federaciones\AtletaTutorServices.cs(63,37): error CS1061: "AtletaTutor" no contiene una definición para "IdParticipante" ni un método de extensión accesible "IdParticipante" que acepte un primer argumento del tipo "AtletaTutor" (¿falta alguna directiva using o una referencia de ensamblado?) [C:\Users\EZEQU\source\repos\SportTrack-Federaciones\SportTrack-v1.Controladores\SportTrack-v1.Controladores.csproj]
C:\Users\EZEQU\source\repos\SportTrack-Federaciones\SportTrack-v1.Controladores\Federaciones\AtletaTutorServices.cs(63,55): error CS0103: El nombre 'IdParticipante' no existe en el contexto actual [C:\Users\EZEQU\source\repos\SportTrack-Federaciones\SportTrack-v1.Controladores\SportTrack-v1.Controladores.csproj]
C:\Users\EZEQU\source\repos\SportTrack-Federaciones\SportTrack-v1.Controladores\Federaciones\DelegadoClubServices.cs(37,25): error CS0117: 'DelegadoClubDto' no contiene una definición para 'IdParticipante' [C:\Users\EZEQU\source\repos\SportTrack-Federaciones\SportTrack-v1.Controladores\SportTrack-v1.Controladores.csproj]
C:\Users\EZEQU\source\repos\SportTrack-Federaciones\SportTrack-v1.Controladores\Federaciones\DelegadoClubServices.cs(39,25): error CS0117: 'DelegadoClubDto' no contiene una definición para 'FederacionId' [C:\Users\EZEQU\source\repos\SportTrack-Federaciones\SportTrack-v1.Controladores\SportTrack-v1.Controladores.csproj]
C:\Users\EZEQU\source\repos\SportTrack-Federaciones\SportTrack-v1.Controladores\Federaciones\AtletaServices.cs(159,25): error CS0117: 'AtletaListDto' no contiene una definición para 'IdParticipante' [C:\Users\EZEQU\source\repos\SportTrack-Federaciones\SportTrack-v1.Controladores\SportTrack-v1.Controladores.csproj]
C:\Users\EZEQU\source\repos\SportTrack-Federaciones\SportTrack-v1.Controladores\Federaciones\TutorServices.cs(33,25): error CS0117: 'TutorDto' no contiene una definición para 'IdParticipante' [C:\Users\EZEQU\source\repos\SportTrack-Federaciones\SportTrack-v1.Controladores\SportTrack-v1.Controladores.csproj]
C:\Users\EZEQU\source\repos\SportTrack-Federaciones\SportTrack-v1.Controladores\Federaciones\AtletaTutorServices.cs(96,25): error CS0117: 'AtletaTutorDto' no contiene una definición para 'IdParticipante' [C:\Users\EZEQU\source\repos\SportTrack-Federaciones\SportTrack-v1.Controladores\SportTrack-v1.Controladores.csproj]
C:\Users\EZEQU\source\repos\SportTrack-Federaciones\SportTrack-v1.Controladores\Federaciones\AtletaTutorServices.cs(96,45): error CS1061: "AtletaTutor" no contiene una definición para "IdParticipante" ni un método de extensión accesible "IdParticipante" que acepte un primer argumento del tipo "AtletaTutor" (¿falta alguna directiva using o una referencia de ensamblado?) [C:\Users\EZEQU\source\repos\SportTrack-Federaciones\SportTrack-v1.Controladores\SportTrack-v1.Controladores.csproj]
C:\Users\EZEQU\source\repos\SportTrack-Federaciones\SportTrack-v1.Controladores\Federaciones\DelegadoClubServices.cs(71,25): error CS0117: 'DelegadoClubDetailDto' no contiene una definición para 'IdParticipante' [C:\Users\EZEQU\source\repos\SportTrack-Federaciones\SportTrack-v1.Controladores\SportTrack-v1.Controladores.csproj]
C:\Users\EZEQU\source\repos\SportTrack-Federaciones\SportTrack-v1.Controladores\Federaciones\DelegadoClubServices.cs(73,25): error CS0117: 'DelegadoClubDetailDto' no contiene una definición para 'FederacionId' [C:\Users\EZEQU\source\repos\SportTrack-Federaciones\SportTrack-v1.Controladores\SportTrack-v1.Controladores.csproj]
C:\Users\EZEQU\source\repos\SportTrack-Federaciones\SportTrack-v1.Controladores\Federaciones\DelegadoClubServices.cs(77,29): error CS0117: 'PersonaDto' no contiene una definición para 'Id' [C:\Users\EZEQU\source\repos\SportTrack-Federaciones\SportTrack-v1.Controladores\SportTrack-v1.Controladores.csproj]
C:\Users\EZEQU\source\repos\SportTrack-Federaciones\SportTrack-v1.Controladores\Federaciones\DelegadoClubServices.cs(93,29): error CS0117: 'FederacionDto' no contiene una definición para 'Id' [C:\Users\EZEQU\source\repos\SportTrack-Federaciones\SportTrack-v1.Controladores\SportTrack-v1.Controladores.csproj]
C:\Users\EZEQU\source\repos\SportTrack-Federaciones\SportTrack-v1.Controladores\Federaciones\DelegadoClubServices.cs(101,29): error CS0117: 'ClubDto' no contiene una definición para 'Id' [C:\Users\EZEQU\source\repos\SportTrack-Federaciones\SportTrack-v1.Controladores\SportTrack-v1.Controladores.csproj]
C:\Users\EZEQU\source\repos\SportTrack-Federaciones\SportTrack-v1.Controladores\Federaciones\DelegadoClubServices.cs(105,29): error CS0117: 'ClubDto' no contiene una definición para 'Sigla' [C:\Users\EZEQU\source\repos\SportTrack-Federaciones\SportTrack-v1.Controladores\SportTrack-v1.Controladores.csproj]
C:\Users\EZEQU\source\repos\SportTrack-Federaciones\SportTrack-v1.Controladores\Federaciones\TutorServices.cs(66,25): error CS0117: 'TutorDetailDto' no contiene una definición para 'IdParticipante' [C:\Users\EZEQU\source\repos\SportTrack-Federaciones\SportTrack-v1.Controladores\SportTrack-v1.Controladores.csproj]
C:\Users\EZEQU\source\repos\SportTrack-Federaciones\SportTrack-v1.Controladores\Federaciones\TutorServices.cs(70,29): error CS0117: 'PersonaDto' no contiene una definición para 'Id' [C:\Users\EZEQU\source\repos\SportTrack-Federaciones\SportTrack-v1.Controladores\SportTrack-v1.Controladores.csproj]
C:\Users\EZEQU\source\repos\SportTrack-Federaciones\SportTrack-v1.Controladores\Federaciones\TutorServices.cs(81,29): error CS0117: 'AtletaTutorDto' no contiene una definición para 'IdParticipante' [C:\Users\EZEQU\source\repos\SportTrack-Federaciones\SportTrack-v1.Controladores\SportTrack-v1.Controladores.csproj]
C:\Users\EZEQU\source\repos\SportTrack-Federaciones\SportTrack-v1.Controladores\Federaciones\TutorServices.cs(81,49): error CS1061: "AtletaTutor" no contiene una definición para "IdParticipante" ni un método de extensión accesible "IdParticipante" que acepte un primer argumento del tipo "AtletaTutor" (¿falta alguna directiva using o una referencia de ensamblado?) [C:\Users\EZEQU\source\repos\SportTrack-Federaciones\SportTrack-v1.Controladores\SportTrack-v1.Controladores.csproj]
C:\Users\EZEQU\source\repos\SportTrack-Federaciones\SportTrack-v1.Controladores\Federaciones\DelegadoClubServices.cs(135,25): error CS0117: 'DelegadoClubDto' no contiene una definición para 'IdParticipante' [C:\Users\EZEQU\source\repos\SportTrack-Federaciones\SportTrack-v1.Controladores\SportTrack-v1.Controladores.csproj]
C:\Users\EZEQU\source\repos\SportTrack-Federaciones\SportTrack-v1.Controladores\Federaciones\DelegadoClubServices.cs(137,25): error CS0117: 'DelegadoClubDto' no contiene una definición para 'FederacionId' [C:\Users\EZEQU\source\repos\SportTrack-Federaciones\SportTrack-v1.Controladores\SportTrack-v1.Controladores.csproj]
C:\Users\EZEQU\source\repos\SportTrack-Federaciones\SportTrack-v1.Controladores\Federaciones\AtletaTutorServices.cs(124,37): error CS1061: "AtletaTutor" no contiene una definición para "IdParticipante" ni un método de extensión accesible "IdParticipante" que acepte un primer argumento del tipo "AtletaTutor" (¿falta alguna directiva using o una referencia de ensamblado?) [C:\Users\EZEQU\source\repos\SportTrack-Federaciones\SportTrack-v1.Controladores\SportTrack-v1.Controladores.csproj]
C:\Users\EZEQU\source\repos\SportTrack-Federaciones\SportTrack-v1.Controladores\Federaciones\AtletaTutorServices.cs(124,55): error CS0103: El nombre 'IdParticipante' no existe en el contexto actual [C:\Users\EZEQU\source\repos\SportTrack-Federaciones\SportTrack-v1.Controladores\SportTrack-v1.Controladores.csproj]
C:\Users\EZEQU\source\repos\SportTrack-Federaciones\SportTrack-v1.Controladores\Federaciones\TutorServices.cs(113,25): error CS0117: 'TutorDto' no contiene una definición para 'IdParticipante' [C:\Users\EZEQU\source\repos\SportTrack-Federaciones\SportTrack-v1.Controladores\SportTrack-v1.Controladores.csproj]
C:\Users\EZEQU\source\repos\SportTrack-Federaciones\SportTrack-v1.Controladores\Federaciones\ClubServices.cs(77,37): error CS1061: "Club" no contiene una definición para "AtletasFederados" ni un método de extensión accesible "AtletasFederados" que acepte un primer argumento del tipo "Club" (¿falta alguna directiva using o una referencia de ensamblado?) [C:\Users\EZEQU\source\repos\SportTrack-Federaciones\SportTrack-v1.Controladores\SportTrack-v1.Controladores.csproj]
C:\Users\EZEQU\source\repos\SportTrack-Federaciones\SportTrack-v1.Controladores\Federaciones\ClubServices.cs(161,25): error CS0117: 'AtletaDto' no contiene una definición para 'IdParticipante' [C:\Users\EZEQU\source\repos\SportTrack-Federaciones\SportTrack-v1.Controladores\SportTrack-v1.Controladores.csproj]
C:\Users\EZEQU\source\repos\SportTrack-Federaciones\SportTrack-v1.Controladores\Federaciones\TutorServices.cs(141,25): error CS0117: 'TutorDto' no contiene una definición para 'IdParticipante' [C:\Users\EZEQU\source\repos\SportTrack-Federaciones\SportTrack-v1.Controladores\SportTrack-v1.Controladores.csproj]
C:\Users\EZEQU\source\repos\SportTrack-Federaciones\SportTrack-v1.Controladores\Federaciones\DelegadoClubServices.cs(161,82): error CS1061: "Participante" no contiene una definición para "ParticipanteId" ni un método de extensión accesible "ParticipanteId" que acepte un primer argumento del tipo "Participante" (¿falta alguna directiva using o una referencia de ensamblado?) [C:\Users\EZEQU\source\repos\SportTrack-Federaciones\SportTrack-v1.Controladores\SportTrack-v1.Controladores.csproj]
C:\Users\EZEQU\source\repos\SportTrack-Federaciones\SportTrack-v1.Controladores\Federaciones\DelegadoClubServices.cs(175,88): error CS1061: "Federacion" no contiene una definición para "ParticipanteId" ni un método de extensión accesible "ParticipanteId" que acepte un primer argumento del tipo "Federacion" (¿falta alguna directiva using o una referencia de ensamblado?) [C:\Users\EZEQU\source\repos\SportTrack-Federaciones\SportTrack-v1.Controladores\SportTrack-v1.Controladores.csproj]
C:\Users\EZEQU\source\repos\SportTrack-Federaciones\SportTrack-v1.Controladores\Federaciones\DelegadoClubServices.cs(184,76): error CS1061: "Club" no contiene una definición para "ParticipanteId" ni un método de extensión accesible "ParticipanteId" que acepte un primer argumento del tipo "Club" (¿falta alguna directiva using o una referencia de ensamblado?) [C:\Users\EZEQU\source\repos\SportTrack-Federaciones\SportTrack-v1.Controladores\SportTrack-v1.Controladores.csproj]
C:\Users\EZEQU\source\repos\SportTrack-Federaciones\SportTrack-v1.Controladores\Federaciones\DelegadoClubServices.cs(191,123): error CS1061: "DelegadoClubCreateDto" no contiene una definición para "IdParticipante" ni un método de extensión accesible "IdParticipante" que acepte un primer argumento del tipo "DelegadoClubCreateDto" (¿falta alguna directiva using o una referencia de ensamblado?) [C:\Users\EZEQU\source\repos\SportTrack-Federaciones\SportTrack-v1.Controladores\SportTrack-v1.Controladores.csproj]
C:\Users\EZEQU\source\repos\SportTrack-Federaciones\SportTrack-v1.Controladores\Federaciones\DelegadoClubServices.cs(199,21): error CS0117: 'DelegadoClub' no contiene una definición para 'ParticipanteId' [C:\Users\EZEQU\source\repos\SportTrack-Federaciones\SportTrack-v1.Controladores\SportTrack-v1.Controladores.csproj]
C:\Users\EZEQU\source\repos\SportTrack-Federaciones\SportTrack-v1.Controladores\Federaciones\DelegadoClubServices.cs(201,21): error CS0117: 'DelegadoClub' no contiene una definición para 'IdFederacion' [C:\Users\EZEQU\source\repos\SportTrack-Federaciones\SportTrack-v1.Controladores\SportTrack-v1.Controladores.csproj]
C:\Users\EZEQU\source\repos\SportTrack-Federaciones\SportTrack-v1.Controladores\Federaciones\DelegadoClubServices.cs(223,21): error CS0117: 'DelegadoClubDto' no contiene una definición para 'IdParticipante' [C:\Users\EZEQU\source\repos\SportTrack-Federaciones\SportTrack-v1.Controladores\SportTrack-v1.Controladores.csproj]
C:\Users\EZEQU\source\repos\SportTrack-Federaciones\SportTrack-v1.Controladores\Federaciones\DelegadoClubServices.cs(225,21): error CS0117: 'DelegadoClubDto' no contiene una definición para 'FederacionId' [C:\Users\EZEQU\source\repos\SportTrack-Federaciones\SportTrack-v1.Controladores\SportTrack-v1.Controladores.csproj]
C:\Users\EZEQU\source\repos\SportTrack-Federaciones\SportTrack-v1.Controladores\Federaciones\AtletaTutorServices.cs(166,123): error CS1061: "AtletaTutorCreateDto" no contiene una definición para "IdParticipante" ni un método de extensión accesible "IdParticipante" que acepte un primer argumento del tipo "AtletaTutorCreateDto" (¿falta alguna directiva using o una referencia de ensamblado?) [C:\Users\EZEQU\source\repos\SportTrack-Federaciones\SportTrack-v1.Controladores\SportTrack-v1.Controladores.csproj]
C:\Users\EZEQU\source\repos\SportTrack-Federaciones\SportTrack-v1.Controladores\Federaciones\AtletaTutorServices.cs(179,40): error CS1061: "AtletaTutor" no contiene una definición para "IdParticipante" ni un método de extensión accesible "IdParticipante" que acepte un primer argumento del tipo "AtletaTutor" (¿falta alguna directiva using o una referencia de ensamblado?) [C:\Users\EZEQU\source\repos\SportTrack-Federaciones\SportTrack-v1.Controladores\SportTrack-v1.Controladores.csproj]
C:\Users\EZEQU\source\repos\SportTrack-Federaciones\SportTrack-v1.Controladores\Federaciones\AtletaTutorServices.cs(179,79): error CS1061: "AtletaTutorCreateDto" no contiene una definición para "IdParticipante" ni un método de extensión accesible "IdParticipante" que acepte un primer argumento del tipo "AtletaTutorCreateDto" (¿falta alguna directiva using o una referencia de ensamblado?) [C:\Users\EZEQU\source\repos\SportTrack-Federaciones\SportTrack-v1.Controladores\SportTrack-v1.Controladores.csproj]
C:\Users\EZEQU\source\repos\SportTrack-Federaciones\SportTrack-v1.Controladores\Federaciones\AtletaTutorServices.cs(188,21): error CS0117: 'AtletaTutor' no contiene una definición para 'ParticipanteId' [C:\Users\EZEQU\source\repos\SportTrack-Federaciones\SportTrack-v1.Controladores\SportTrack-v1.Controladores.csproj]
C:\Users\EZEQU\source\repos\SportTrack-Federaciones\SportTrack-v1.Controladores\Federaciones\AtletaTutorServices.cs(214,21): error CS0117: 'AtletaTutorDto' no contiene una definición para 'IdParticipante' [C:\Users\EZEQU\source\repos\SportTrack-Federaciones\SportTrack-v1.Controladores\SportTrack-v1.Controladores.csproj]
C:\Users\EZEQU\source\repos\SportTrack-Federaciones\SportTrack-v1.Controladores\Federaciones\AtletaTutorServices.cs(214,50): error CS1061: "AtletaTutor" no contiene una definición para "IdParticipante" ni un método de extensión accesible "IdParticipante" que acepte un primer argumento del tipo "AtletaTutor" (¿falta alguna directiva using o una referencia de ensamblado?) [C:\Users\EZEQU\source\repos\SportTrack-Federaciones\SportTrack-v1.Controladores\SportTrack-v1.Controladores.csproj]
C:\Users\EZEQU\source\repos\SportTrack-Federaciones\SportTrack-v1.Controladores\Federaciones\TutorServices.cs(177,25): error CS0117: 'TutorDto' no contiene una definición para 'IdParticipante' [C:\Users\EZEQU\source\repos\SportTrack-Federaciones\SportTrack-v1.Controladores\SportTrack-v1.Controladores.csproj]
C:\Users\EZEQU\source\repos\SportTrack-Federaciones\SportTrack-v1.Controladores\Federaciones\AtletaTutorServices.cs(248,51): error CS1061: "AtletaTutor" no contiene una definición para "IdParticipante" ni un método de extensión accesible "IdParticipante" que acepte un primer argumento del tipo "AtletaTutor" (¿falta alguna directiva using o una referencia de ensamblado?) [C:\Users\EZEQU\source\repos\SportTrack-Federaciones\SportTrack-v1.Controladores\SportTrack-v1.Controladores.csproj]
C:\Users\EZEQU\source\repos\SportTrack-Federaciones\SportTrack-v1.Controladores\Federaciones\AtletaTutorServices.cs(248,69): error CS0103: El nombre 'IdParticipante' no existe en el contexto actual [C:\Users\EZEQU\source\repos\SportTrack-Federaciones\SportTrack-v1.Controladores\SportTrack-v1.Controladores.csproj]
C:\Users\EZEQU\source\repos\SportTrack-Federaciones\SportTrack-v1.Controladores\Federaciones\ClubServices.cs(192,25): error CS0117: 'EntrenadorDto' no contiene una definición para 'IdParticipante' [C:\Users\EZEQU\source\repos\SportTrack-Federaciones\SportTrack-v1.Controladores\SportTrack-v1.Controladores.csproj]
C:\Users\EZEQU\source\repos\SportTrack-Federaciones\SportTrack-v1.Controladores\Federaciones\EntrenadorServices.cs(47,25): error CS0117: 'EntrenadorDto' no contiene una definición para 'IdParticipante' [C:\Users\EZEQU\source\repos\SportTrack-Federaciones\SportTrack-v1.Controladores\SportTrack-v1.Controladores.csproj]
C:\Users\EZEQU\source\repos\SportTrack-Federaciones\SportTrack-v1.Controladores\Federaciones\AtletaTutorServices.cs(283,51): error CS1061: "AtletaTutor" no contiene una definición para "IdParticipante" ni un método de extensión accesible "IdParticipante" que acepte un primer argumento del tipo "AtletaTutor" (¿falta alguna directiva using o una referencia de ensamblado?) [C:\Users\EZEQU\source\repos\SportTrack-Federaciones\SportTrack-v1.Controladores\SportTrack-v1.Controladores.csproj]
C:\Users\EZEQU\source\repos\SportTrack-Federaciones\SportTrack-v1.Controladores\Federaciones\AtletaTutorServices.cs(283,69): error CS0103: El nombre 'IdParticipante' no existe en el contexto actual [C:\Users\EZEQU\source\repos\SportTrack-Federaciones\SportTrack-v1.Controladores\SportTrack-v1.Controladores.csproj]
C:\Users\EZEQU\source\repos\SportTrack-Federaciones\SportTrack-v1.Controladores\Federaciones\AtletaServices.cs(215,25): error CS0117: 'AtletaDetailDto' no contiene una definición para 'IdParticipante' [C:\Users\EZEQU\source\repos\SportTrack-Federaciones\SportTrack-v1.Controladores\SportTrack-v1.Controladores.csproj]
C:\Users\EZEQU\source\repos\SportTrack-Federaciones\SportTrack-v1.Controladores\Federaciones\AtletaServices.cs(229,29): error CS0117: 'PersonaDto' no contiene una definición para 'Id' [C:\Users\EZEQU\source\repos\SportTrack-Federaciones\SportTrack-v1.Controladores\SportTrack-v1.Controladores.csproj]
C:\Users\EZEQU\source\repos\SportTrack-Federaciones\SportTrack-v1.Controladores\Federaciones\AtletaServices.cs(240,29): error CS0117: 'ClubDto' no contiene una definición para 'Id' [C:\Users\EZEQU\source\repos\SportTrack-Federaciones\SportTrack-v1.Controladores\SportTrack-v1.Controladores.csproj]
C:\Users\EZEQU\source\repos\SportTrack-Federaciones\SportTrack-v1.Controladores\Federaciones\AtletaServices.cs(242,29): error CS0117: 'ClubDto' no contiene una definición para 'Sigla' [C:\Users\EZEQU\source\repos\SportTrack-Federaciones\SportTrack-v1.Controladores\SportTrack-v1.Controladores.csproj]
C:\Users\EZEQU\source\repos\SportTrack-Federaciones\SportTrack-v1.Controladores\Federaciones\AtletaServices.cs(247,29): error CS0117: 'InscripcionDto' no contiene una definición para 'Id' [C:\Users\EZEQU\source\repos\SportTrack-Federaciones\SportTrack-v1.Controladores\SportTrack-v1.Controladores.csproj]
C:\Users\EZEQU\source\repos\SportTrack-Federaciones\SportTrack-v1.Controladores\Federaciones\AtletaServices.cs(253,29): error CS0117: 'AtletaTutorDto' no contiene una definición para 'IdParticipante' [C:\Users\EZEQU\source\repos\SportTrack-Federaciones\SportTrack-v1.Controladores\SportTrack-v1.Controladores.csproj]
C:\Users\EZEQU\source\repos\SportTrack-Federaciones\SportTrack-v1.Controladores\Federaciones\AtletaServices.cs(253,49): error CS1061: "AtletaTutor" no contiene una definición para "IdParticipante" ni un método de extensión accesible "IdParticipante" que acepte un primer argumento del tipo "AtletaTutor" (¿falta alguna directiva using o una referencia de ensamblado?) [C:\Users\EZEQU\source\repos\SportTrack-Federaciones\SportTrack-v1.Controladores\SportTrack-v1.Controladores.csproj]
C:\Users\EZEQU\source\repos\SportTrack-Federaciones\SportTrack-v1.Controladores\Federaciones\AtletaTutorServices.cs(307,66): error CS1061: "AtletaTutor" no contiene una definición para "IdParticipante" ni un método de extensión accesible "IdParticipante" que acepte un primer argumento del tipo "AtletaTutor" (¿falta alguna directiva using o una referencia de ensamblado?) [C:\Users\EZEQU\source\repos\SportTrack-Federaciones\SportTrack-v1.Controladores\SportTrack-v1.Controladores.csproj]
C:\Users\EZEQU\source\repos\SportTrack-Federaciones\SportTrack-v1.Controladores\Federaciones\AtletaTutorServices.cs(307,84): error CS0103: El nombre 'IdParticipante' no existe en el contexto actual [C:\Users\EZEQU\source\repos\SportTrack-Federaciones\SportTrack-v1.Controladores\SportTrack-v1.Controladores.csproj]
C:\Users\EZEQU\source\repos\SportTrack-Federaciones\SportTrack-v1.Controladores\Federaciones\ClubServices.cs(222,25): error CS0117: 'DelegadoClubDto' no contiene una definición para 'IdParticipante' [C:\Users\EZEQU\source\repos\SportTrack-Federaciones\SportTrack-v1.Controladores\SportTrack-v1.Controladores.csproj]
C:\Users\EZEQU\source\repos\SportTrack-Federaciones\SportTrack-v1.Controladores\Federaciones\ClubServices.cs(224,25): error CS0117: 'DelegadoClubDto' no contiene una definición para 'FederacionId' [C:\Users\EZEQU\source\repos\SportTrack-Federaciones\SportTrack-v1.Controladores\SportTrack-v1.Controladores.csproj]
C:\Users\EZEQU\source\repos\SportTrack-Federaciones\SportTrack-v1.Controladores\Federaciones\ClubServices.cs(225,25): error CS0117: 'DelegadoClubDto' no contiene una definición para 'Id' [C:\Users\EZEQU\source\repos\SportTrack-Federaciones\SportTrack-v1.Controladores\SportTrack-v1.Controladores.csproj]
C:\Users\EZEQU\source\repos\SportTrack-Federaciones\SportTrack-v1.Controladores\Federaciones\TutorServices.cs(216,82): error CS1061: "Participante" no contiene una definición para "ParticipanteId" ni un método de extensión accesible "ParticipanteId" que acepte un primer argumento del tipo "Participante" (¿falta alguna directiva using o una referencia de ensamblado?) [C:\Users\EZEQU\source\repos\SportTrack-Federaciones\SportTrack-v1.Controladores\SportTrack-v1.Controladores.csproj]
C:\Users\EZEQU\source\repos\SportTrack-Federaciones\SportTrack-v1.Controladores\Federaciones\TutorServices.cs(222,107): error CS1061: "TutorCreateDto" no contiene una definición para "IdParticipante" ni un método de extensión accesible "IdParticipante" que acepte un primer argumento del tipo "TutorCreateDto" (¿falta alguna directiva using o una referencia de ensamblado?) [C:\Users\EZEQU\source\repos\SportTrack-Federaciones\SportTrack-v1.Controladores\SportTrack-v1.Controladores.csproj]
C:\Users\EZEQU\source\repos\SportTrack-Federaciones\SportTrack-v1.Controladores\Federaciones\TutorServices.cs(228,117): error CS1061: "TutorCreateDto" no contiene una definición para "IdParticipante" ni un método de extensión accesible "IdParticipante" que acepte un primer argumento del tipo "TutorCreateDto" (¿falta alguna directiva using o una referencia de ensamblado?) [C:\Users\EZEQU\source\repos\SportTrack-Federaciones\SportTrack-v1.Controladores\SportTrack-v1.Controladores.csproj]
C:\Users\EZEQU\source\repos\SportTrack-Federaciones\SportTrack-v1.Controladores\Federaciones\TutorServices.cs(229,112): error CS1061: "TutorCreateDto" no contiene una definición para "IdParticipante" ni un método de extensión accesible "IdParticipante" que acepte un primer argumento del tipo "TutorCreateDto" (¿falta alguna directiva using o una referencia de ensamblado?) [C:\Users\EZEQU\source\repos\SportTrack-Federaciones\SportTrack-v1.Controladores\SportTrack-v1.Controladores.csproj]
C:\Users\EZEQU\source\repos\SportTrack-Federaciones\SportTrack-v1.Controladores\Federaciones\TutorServices.cs(230,113): error CS1061: "TutorCreateDto" no contiene una definición para "IdParticipante" ni un método de extensión accesible "IdParticipante" que acepte un primer argumento del tipo "TutorCreateDto" (¿falta alguna directiva using o una referencia de ensamblado?) [C:\Users\EZEQU\source\repos\SportTrack-Federaciones\SportTrack-v1.Controladores\SportTrack-v1.Controladores.csproj]
C:\Users\EZEQU\source\repos\SportTrack-Federaciones\SportTrack-v1.Controladores\Federaciones\TutorServices.cs(239,21): error CS0117: 'Tutor' no contiene una definición para 'ParticipanteId' [C:\Users\EZEQU\source\repos\SportTrack-Federaciones\SportTrack-v1.Controladores\SportTrack-v1.Controladores.csproj]
C:\Users\EZEQU\source\repos\SportTrack-Federaciones\SportTrack-v1.Controladores\Federaciones\TutorServices.cs(252,21): error CS0117: 'TutorDto' no contiene una definición para 'IdParticipante' [C:\Users\EZEQU\source\repos\SportTrack-Federaciones\SportTrack-v1.Controladores\SportTrack-v1.Controladores.csproj]
C:\Users\EZEQU\source\repos\SportTrack-Federaciones\SportTrack-v1.Controladores\Federaciones\DelegadoClubServices.cs(272,88): error CS1061: "Federacion" no contiene una definición para "ParticipanteId" ni un método de extensión accesible "ParticipanteId" que acepte un primer argumento del tipo "Federacion" (¿falta alguna directiva using o una referencia de ensamblado?) [C:\Users\EZEQU\source\repos\SportTrack-Federaciones\SportTrack-v1.Controladores\SportTrack-v1.Controladores.csproj]
C:\Users\EZEQU\source\repos\SportTrack-Federaciones\SportTrack-v1.Controladores\Federaciones\DelegadoClubServices.cs(281,76): error CS1061: "Club" no contiene una definición para "ParticipanteId" ni un método de extensión accesible "ParticipanteId" que acepte un primer argumento del tipo "Club" (¿falta alguna directiva using o una referencia de ensamblado?) [C:\Users\EZEQU\source\repos\SportTrack-Federaciones\SportTrack-v1.Controladores\SportTrack-v1.Controladores.csproj]
C:\Users\EZEQU\source\repos\SportTrack-Federaciones\SportTrack-v1.Controladores\Federaciones\DelegadoClubServices.cs(289,67): error CS1061: "DelegadoClubCreateDto" no contiene una definición para "FederacionId" ni un método de extensión accesible "FederacionId" que acepte un primer argumento del tipo "DelegadoClubCreateDto" (¿falta alguna directiva using o una referencia de ensamblado?) [C:\Users\EZEQU\source\repos\SportTrack-Federaciones\SportTrack-v1.Controladores\SportTrack-v1.Controladores.csproj]
C:\Users\EZEQU\source\repos\SportTrack-Federaciones\SportTrack-v1.Controladores\Federaciones\ClubServices.cs(249,45): error CS1061: "ICollection<EventoPrueba>" no contiene una definición para "AtletaFederado" ni un método de extensión accesible "AtletaFederado" que acepte un primer argumento del tipo "ICollection<EventoPrueba>" (¿falta alguna directiva using o una referencia de ensamblado?) [C:\Users\EZEQU\source\repos\SportTrack-Federaciones\SportTrack-v1.Controladores\SportTrack-v1.Controladores.csproj]
C:\Users\EZEQU\source\repos\SportTrack-Federaciones\SportTrack-v1.Controladores\Federaciones\ClubServices.cs(253,25): error CS0117: 'EventoDto' no contiene una definición para 'Id' [C:\Users\EZEQU\source\repos\SportTrack-Federaciones\SportTrack-v1.Controladores\SportTrack-v1.Controladores.csproj]
C:\Users\EZEQU\source\repos\SportTrack-Federaciones\SportTrack-v1.Controladores\Federaciones\ClubServices.cs(255,25): error CS1912: Inicialización del miembro 'Nombre' duplicada [C:\Users\EZEQU\source\repos\SportTrack-Federaciones\SportTrack-v1.Controladores\SportTrack-v1.Controladores.csproj]
C:\Users\EZEQU\source\repos\SportTrack-Federaciones\SportTrack-v1.Controladores\Federaciones\ClubServices.cs(256,40): error CS1061: "Evento" no contiene una definición para "TipoEvento" ni un método de extensión accesible "TipoEvento" que acepte un primer argumento del tipo "Evento" (¿falta alguna directiva using o una referencia de ensamblado?) [C:\Users\EZEQU\source\repos\SportTrack-Federaciones\SportTrack-v1.Controladores\SportTrack-v1.Controladores.csproj]
C:\Users\EZEQU\source\repos\SportTrack-Federaciones\SportTrack-v1.Controladores\Federaciones\ClubServices.cs(257,41): error CS1061: "Evento" no contiene una definición para "FechaInicio" ni un método de extensión accesible "FechaInicio" que acepte un primer argumento del tipo "Evento" (¿falta alguna directiva using o una referencia de ensamblado?) [C:\Users\EZEQU\source\repos\SportTrack-Federaciones\SportTrack-v1.Controladores\SportTrack-v1.Controladores.csproj]
C:\Users\EZEQU\source\repos\SportTrack-Federaciones\SportTrack-v1.Controladores\Federaciones\ClubServices.cs(258,36): error CS0266: No se puede convertir implícitamente el tipo 'System.DateTime?' en 'System.DateTime'. Ya existe una conversión explícita (compruebe si le falta una conversión) [C:\Users\EZEQU\source\repos\SportTrack-Federaciones\SportTrack-v1.Controladores\SportTrack-v1.Controladores.csproj]
C:\Users\EZEQU\source\repos\SportTrack-Federaciones\SportTrack-v1.Controladores\Federaciones\ClubServices.cs(260,25): error CS0117: 'EventoDto' no contiene una definición para 'ClubId' [C:\Users\EZEQU\source\repos\SportTrack-Federaciones\SportTrack-v1.Controladores\SportTrack-v1.Controladores.csproj]
C:\Users\EZEQU\source\repos\SportTrack-Federaciones\SportTrack-v1.Controladores\Federaciones\ClubServices.cs(261,36): error CS1061: "Evento" no contiene una definición para "Activo" ni un método de extensión accesible "Activo" que acepte un primer argumento del tipo "Evento" (¿falta alguna directiva using o una referencia de ensamblado?) [C:\Users\EZEQU\source\repos\SportTrack-Federaciones\SportTrack-v1.Controladores\SportTrack-v1.Controladores.csproj]
C:\Users\EZEQU\source\repos\SportTrack-Federaciones\SportTrack-v1.Controladores\Federaciones\ClubServices.cs(263,70): error CS1061: "EventoPrueba" no contiene una definición para "ParticipanteId" ni un método de extensión accesible "ParticipanteId" que acepte un primer argumento del tipo "EventoPrueba" (¿falta alguna directiva using o una referencia de ensamblado?) [C:\Users\EZEQU\source\repos\SportTrack-Federaciones\SportTrack-v1.Controladores\SportTrack-v1.Controladores.csproj]
C:\Users\EZEQU\source\repos\SportTrack-Federaciones\SportTrack-v1.Controladores\Federaciones\ClubServices.cs(265,55): error CS1061: "EventoPrueba" no contiene una definición para "AtletaFederado" ni un método de extensión accesible "AtletaFederado" que acepte un primer argumento del tipo "EventoPrueba" (¿falta alguna directiva using o una referencia de ensamblado?) [C:\Users\EZEQU\source\repos\SportTrack-Federaciones\SportTrack-v1.Controladores\SportTrack-v1.Controladores.csproj]
C:\Users\EZEQU\source\repos\SportTrack-Federaciones\SportTrack-v1.Controladores\Federaciones\AtletaServices.cs(282,82): error CS1061: "Participante" no contiene una definición para "ParticipanteId" ni un método de extensión accesible "ParticipanteId" que acepte un primer argumento del tipo "Participante" (¿falta alguna directiva using o una referencia de ensamblado?) [C:\Users\EZEQU\source\repos\SportTrack-Federaciones\SportTrack-v1.Controladores\SportTrack-v1.Controladores.csproj]
C:\Users\EZEQU\source\repos\SportTrack-Federaciones\SportTrack-v1.Controladores\Federaciones\AtletaServices.cs(291,76): error CS1061: "Club" no contiene una definición para "ParticipanteId" ni un método de extensión accesible "ParticipanteId" que acepte un primer argumento del tipo "Club" (¿falta alguna directiva using o una referencia de ensamblado?) [C:\Users\EZEQU\source\repos\SportTrack-Federaciones\SportTrack-v1.Controladores\SportTrack-v1.Controladores.csproj]
C:\Users\EZEQU\source\repos\SportTrack-Federaciones\SportTrack-v1.Controladores\Federaciones\AtletaServices.cs(291,125): error CS1061: "int" no contiene una definición para "Value" ni un método de extensión accesible "Value" que acepte un primer argumento del tipo "int" (¿falta alguna directiva using o una referencia de ensamblado?) [C:\Users\EZEQU\source\repos\SportTrack-Federaciones\SportTrack-v1.Controladores\SportTrack-v1.Controladores.csproj]
C:\Users\EZEQU\source\repos\SportTrack-Federaciones\SportTrack-v1.Controladores\Federaciones\AtletaServices.cs(299,118): error CS1061: "AtletaCreateDto" no contiene una definición para "IdParticipante" ni un método de extensión accesible "IdParticipante" que acepte un primer argumento del tipo "AtletaCreateDto" (¿falta alguna directiva using o una referencia de ensamblado?) [C:\Users\EZEQU\source\repos\SportTrack-Federaciones\SportTrack-v1.Controladores\SportTrack-v1.Controladores.csproj]
C:\Users\EZEQU\source\repos\SportTrack-Federaciones\SportTrack-v1.Controladores\Federaciones\AtletaServices.cs(325,21): error CS0117: 'AtletaFederado' no contiene una definición para 'ParticipanteId' [C:\Users\EZEQU\source\repos\SportTrack-Federaciones\SportTrack-v1.Controladores\SportTrack-v1.Controladores.csproj]
C:\Users\EZEQU\source\repos\SportTrack-Federaciones\SportTrack-v1.Controladores\Federaciones\AtletaServices.cs(327,21): error CS0117: 'AtletaFederado' no contiene una definición para 'IdFederacion' [C:\Users\EZEQU\source\repos\SportTrack-Federaciones\SportTrack-v1.Controladores\SportTrack-v1.Controladores.csproj]
C:\Users\EZEQU\source\repos\SportTrack-Federaciones\SportTrack-v1.Controladores\Federaciones\AtletaServices.cs(347,21): error CS0117: 'AtletaDto' no contiene una definición para 'IdParticipante' [C:\Users\EZEQU\source\repos\SportTrack-Federaciones\SportTrack-v1.Controladores\SportTrack-v1.Controladores.csproj]
C:\Users\EZEQU\source\repos\SportTrack-Federaciones\SportTrack-v1.Controladores\Federaciones\EntrenadorServices.cs(79,25): error CS0117: 'EntrenadorDetailDto' no contiene una definición para 'IdParticipante' [C:\Users\EZEQU\source\repos\SportTrack-Federaciones\SportTrack-v1.Controladores\SportTrack-v1.Controladores.csproj]
C:\Users\EZEQU\source\repos\SportTrack-Federaciones\SportTrack-v1.Controladores\Federaciones\EntrenadorServices.cs(89,29): error CS0117: 'PersonaDto' no contiene una definición para 'Id' [C:\Users\EZEQU\source\repos\SportTrack-Federaciones\SportTrack-v1.Controladores\SportTrack-v1.Controladores.csproj]
C:\Users\EZEQU\source\repos\SportTrack-Federaciones\SportTrack-v1.Controladores\Federaciones\EntrenadorServices.cs(100,29): error CS0117: 'ClubDto' no contiene una definición para 'Id' [C:\Users\EZEQU\source\repos\SportTrack-Federaciones\SportTrack-v1.Controladores\SportTrack-v1.Controladores.csproj]
C:\Users\EZEQU\source\repos\SportTrack-Federaciones\SportTrack-v1.Controladores\Federaciones\EntrenadorServices.cs(104,29): error CS0117: 'ClubDto' no contiene una definición para 'Sigla' [C:\Users\EZEQU\source\repos\SportTrack-Federaciones\SportTrack-v1.Controladores\SportTrack-v1.Controladores.csproj]
C:\Users\EZEQU\source\repos\SportTrack-Federaciones\SportTrack-v1.Controladores\Federaciones\PersonaServices.cs(37,25): error CS0117: 'PersonaDto' no contiene una definición para 'Id' [C:\Users\EZEQU\source\repos\SportTrack-Federaciones\SportTrack-v1.Controladores\SportTrack-v1.Controladores.csproj]
C:\Users\EZEQU\source\repos\SportTrack-Federaciones\SportTrack-v1.Controladores\Federaciones\InscripcionServices.cs(31,45): error CS1061: "Participante" no contiene una definición para "Participante" ni un método de extensión accesible "Participante" que acepte un primer argumento del tipo "Participante" (¿falta alguna directiva using o una referencia de ensamblado?) [C:\Users\EZEQU\source\repos\SportTrack-Federaciones\SportTrack-v1.Controladores\SportTrack-v1.Controladores.csproj]
C:\Users\EZEQU\source\repos\SportTrack-Federaciones\SportTrack-v1.Controladores\Federaciones\AtletaServices.cs(388,74): error CS1061: "PersonaCreateDto" no contiene una definición para "Dni" ni un método de extensión accesible "Dni" que acepte un primer argumento del tipo "PersonaCreateDto" (¿falta alguna directiva using o una referencia de ensamblado?) [C:\Users\EZEQU\source\repos\SportTrack-Federaciones\SportTrack-v1.Controladores\SportTrack-v1.Controladores.csproj]
C:\Users\EZEQU\source\repos\SportTrack-Federaciones\SportTrack-v1.Controladores\Federaciones\AtletaServices.cs(396,25): error CS0117: 'Participante' no contiene una definición para 'Documento' [C:\Users\EZEQU\source\repos\SportTrack-Federaciones\SportTrack-v1.Controladores\SportTrack-v1.Controladores.csproj]
C:\Users\EZEQU\source\repos\SportTrack-Federaciones\SportTrack-v1.Controladores\Federaciones\AtletaServices.cs(435,25): error CS0117: 'AtletaFederado' no contiene una definición para 'ParticipanteId' [C:\Users\EZEQU\source\repos\SportTrack-Federaciones\SportTrack-v1.Controladores\SportTrack-v1.Controladores.csproj]
C:\Users\EZEQU\source\repos\SportTrack-Federaciones\SportTrack-v1.Controladores\Federaciones\AtletaServices.cs(437,25): error CS0117: 'AtletaFederado' no contiene una definición para 'IdFederacion' [C:\Users\EZEQU\source\repos\SportTrack-Federaciones\SportTrack-v1.Controladores\SportTrack-v1.Controladores.csproj]
C:\Users\EZEQU\source\repos\SportTrack-Federaciones\SportTrack-v1.Controladores\Federaciones\AtletaServices.cs(479,87): error CS1061: "PersonaCreateDto" no contiene una definición para "Dni" ni un método de extensión accesible "Dni" que acepte un primer argumento del tipo "PersonaCreateDto" (¿falta alguna directiva using o una referencia de ensamblado?) [C:\Users\EZEQU\source\repos\SportTrack-Federaciones\SportTrack-v1.Controladores\SportTrack-v1.Controladores.csproj]
C:\Users\EZEQU\source\repos\SportTrack-Federaciones\SportTrack-v1.Controladores\Federaciones\AtletaServices.cs(487,33): error CS0117: 'Participante' no contiene una definición para 'Documento' [C:\Users\EZEQU\source\repos\SportTrack-Federaciones\SportTrack-v1.Controladores\SportTrack-v1.Controladores.csproj]
C:\Users\EZEQU\source\repos\SportTrack-Federaciones\SportTrack-v1.Controladores\Federaciones\AtletaServices.cs(509,29): error CS0117: 'Tutor' no contiene una definición para 'ParticipanteId' [C:\Users\EZEQU\source\repos\SportTrack-Federaciones\SportTrack-v1.Controladores\SportTrack-v1.Controladores.csproj]
C:\Users\EZEQU\source\repos\SportTrack-Federaciones\SportTrack-v1.Controladores\Federaciones\AtletaServices.cs(518,55): error CS1061: "AtletaTutor" no contiene una definición para "IdParticipante" ni un método de extensión accesible "IdParticipante" que acepte un primer argumento del tipo "AtletaTutor" (¿falta alguna directiva using o una referencia de ensamblado?) [C:\Users\EZEQU\source\repos\SportTrack-Federaciones\SportTrack-v1.Controladores\SportTrack-v1.Controladores.csproj]
C:\Users\EZEQU\source\repos\SportTrack-Federaciones\SportTrack-v1.Controladores\Federaciones\AtletaServices.cs(524,29): error CS0117: 'AtletaTutor' no contiene una definición para 'ParticipanteId' [C:\Users\EZEQU\source\repos\SportTrack-Federaciones\SportTrack-v1.Controladores\SportTrack-v1.Controladores.csproj]
C:\Users\EZEQU\source\repos\SportTrack-Federaciones\SportTrack-v1.Controladores\Federaciones\EntrenadorServices.cs(132,25): error CS0117: 'EntrenadorDto' no contiene una definición para 'IdParticipante' [C:\Users\EZEQU\source\repos\SportTrack-Federaciones\SportTrack-v1.Controladores\SportTrack-v1.Controladores.csproj]
C:\Users\EZEQU\source\repos\SportTrack-Federaciones\SportTrack-v1.Controladores\Federaciones\EventoServices.cs(54,49): error CS1061: "Evento" no contiene una definición para "Activo" ni un método de extensión accesible "Activo" que acepte un primer argumento del tipo "Evento" (¿falta alguna directiva using o una referencia de ensamblado?) [C:\Users\EZEQU\source\repos\SportTrack-Federaciones\SportTrack-v1.Controladores\SportTrack-v1.Controladores.csproj]
C:\Users\EZEQU\source\repos\SportTrack-Federaciones\SportTrack-v1.Controladores\Federaciones\EventoServices.cs(55,58): error CS1061: "Evento" no contiene una definición para "TipoEvento" ni un método de extensión accesible "TipoEvento" que acepte un primer argumento del tipo "Evento" (¿falta alguna directiva using o una referencia de ensamblado?) [C:\Users\EZEQU\source\repos\SportTrack-Federaciones\SportTrack-v1.Controladores\SportTrack-v1.Controladores.csproj]
C:\Users\EZEQU\source\repos\SportTrack-Federaciones\SportTrack-v1.Controladores\Federaciones\EventoServices.cs(56,63): error CS1061: "Evento" no contiene una definición para "Provincia" ni un método de extensión accesible "Provincia" que acepte un primer argumento del tipo "Evento" (¿falta alguna directiva using o una referencia de ensamblado?) [C:\Users\EZEQU\source\repos\SportTrack-Federaciones\SportTrack-v1.Controladores\SportTrack-v1.Controladores.csproj]
C:\Users\EZEQU\source\repos\SportTrack-Federaciones\SportTrack-v1.Controladores\Federaciones\EventoServices.cs(57,75): error CS0019: El operador '==' no se puede aplicar a operandos del tipo 'Distancia' y 'DistanciaRegata' [C:\Users\EZEQU\source\repos\SportTrack-Federaciones\SportTrack-v1.Controladores\SportTrack-v1.Controladores.csproj]
C:\Users\EZEQU\source\repos\SportTrack-Federaciones\SportTrack-v1.Controladores\Federaciones\EventoServices.cs(95,45): error CS1061: "ICollection<EventoPrueba>" no contiene una definición para "AtletaFederado" ni un método de extensión accesible "AtletaFederado" que acepte un primer argumento del tipo "ICollection<EventoPrueba>" (¿falta alguna directiva using o una referencia de ensamblado?) [C:\Users\EZEQU\source\repos\SportTrack-Federaciones\SportTrack-v1.Controladores\SportTrack-v1.Controladores.csproj]
C:\Users\EZEQU\source\repos\SportTrack-Federaciones\SportTrack-v1.Controladores\Federaciones\ClubServices.cs(283,97): error CS1061: "ClubCreateDto" no contiene una definición para "Sigla" ni un método de extensión accesible "Sigla" que acepte un primer argumento del tipo "ClubCreateDto" (¿falta alguna directiva using o una referencia de ensamblado?) [C:\Users\EZEQU\source\repos\SportTrack-Federaciones\SportTrack-v1.Controladores\SportTrack-v1.Controladores.csproj]
C:\Users\EZEQU\source\repos\SportTrack-Federaciones\SportTrack-v1.Controladores\Federaciones\ClubServices.cs(303,21): error CS0117: 'Club' no contiene una definición para 'Siglas' [C:\Users\EZEQU\source\repos\SportTrack-Federaciones\SportTrack-v1.Controladores\SportTrack-v1.Controladores.csproj]
C:\Users\EZEQU\source\repos\SportTrack-Federaciones\SportTrack-v1.Controladores\Federaciones\ClubServices.cs(304,21): error CS0117: 'Club' no contiene una definición para 'IdFederacion' [C:\Users\EZEQU\source\repos\SportTrack-Federaciones\SportTrack-v1.Controladores\SportTrack-v1.Controladores.csproj]
C:\Users\EZEQU\source\repos\SportTrack-Federaciones\SportTrack-v1.Controladores\Federaciones\ClubServices.cs(305,21): error CS0117: 'Club' no contiene una definición para 'EstadoMatricula' [C:\Users\EZEQU\source\repos\SportTrack-Federaciones\SportTrack-v1.Controladores\SportTrack-v1.Controladores.csproj]
C:\Users\EZEQU\source\repos\SportTrack-Federaciones\SportTrack-v1.Controladores\Federaciones\ClubServices.cs(313,21): error CS0117: 'ClubDto' no contiene una definición para 'Id' [C:\Users\EZEQU\source\repos\SportTrack-Federaciones\SportTrack-v1.Controladores\SportTrack-v1.Controladores.csproj]
C:\Users\EZEQU\source\repos\SportTrack-Federaciones\SportTrack-v1.Controladores\Federaciones\ClubServices.cs(317,21): error CS0117: 'ClubDto' no contiene una definición para 'Sigla' [C:\Users\EZEQU\source\repos\SportTrack-Federaciones\SportTrack-v1.Controladores\SportTrack-v1.Controladores.csproj]
C:\Users\EZEQU\source\repos\SportTrack-Federaciones\SportTrack-v1.Controladores\Federaciones\ClubServices.cs(318,21): error CS0117: 'ClubDto' no contiene una definición para 'FederacionId' [C:\Users\EZEQU\source\repos\SportTrack-Federaciones\SportTrack-v1.Controladores\SportTrack-v1.Controladores.csproj]
C:\Users\EZEQU\source\repos\SportTrack-Federaciones\SportTrack-v1.Controladores\Federaciones\ClubServices.cs(319,21): error CS0117: 'ClubDto' no contiene una definición para 'EstadoMatriculaId' [C:\Users\EZEQU\source\repos\SportTrack-Federaciones\SportTrack-v1.Controladores\SportTrack-v1.Controladores.csproj]
C:\Users\EZEQU\source\repos\SportTrack-Federaciones\SportTrack-v1.Controladores\Federaciones\ClubServices.cs(319,46): error CS1061: "Club" no contiene una definición para "EstadoMatriculaId" ni un método de extensión accesible "EstadoMatriculaId" que acepte un primer argumento del tipo "Club" (¿falta alguna directiva using o una referencia de ensamblado?) [C:\Users\EZEQU\source\repos\SportTrack-Federaciones\SportTrack-v1.Controladores\SportTrack-v1.Controladores.csproj]
C:\Users\EZEQU\source\repos\SportTrack-Federaciones\SportTrack-v1.Controladores\Federaciones\InscripcionServices.cs(68,45): error CS1061: "Participante" no contiene una definición para "Participante" ni un método de extensión accesible "Participante" que acepte un primer argumento del tipo "Participante" (¿falta alguna directiva using o una referencia de ensamblado?) [C:\Users\EZEQU\source\repos\SportTrack-Federaciones\SportTrack-v1.Controladores\SportTrack-v1.Controladores.csproj]
C:\Users\EZEQU\source\repos\SportTrack-Federaciones\SportTrack-v1.Controladores\Federaciones\ClubServices.cs(347,97): error CS1061: "ClubCreateDto" no contiene una definición para "Sigla" ni un método de extensión accesible "Sigla" que acepte un primer argumento del tipo "ClubCreateDto" (¿falta alguna directiva using o una referencia de ensamblado?) [C:\Users\EZEQU\source\repos\SportTrack-Federaciones\SportTrack-v1.Controladores\SportTrack-v1.Controladores.csproj]
C:\Users\EZEQU\source\repos\SportTrack-Federaciones\SportTrack-v1.Controladores\Federaciones\ClubServices.cs(362,44): error CS1061: "ClubCreateDto" no contiene una definición para "Sigla" ni un método de extensión accesible "Sigla" que acepte un primer argumento del tipo "ClubCreateDto" (¿falta alguna directiva using o una referencia de ensamblado?) [C:\Users\EZEQU\source\repos\SportTrack-Federaciones\SportTrack-v1.Controladores\SportTrack-v1.Controladores.csproj]
C:\Users\EZEQU\source\repos\SportTrack-Federaciones\SportTrack-v1.Controladores\Federaciones\ClubServices.cs(363,51): error CS1061: "ClubCreateDto" no contiene una definición para "FederacionId" ni un método de extensión accesible "FederacionId" que acepte un primer argumento del tipo "ClubCreateDto" (¿falta alguna directiva using o una referencia de ensamblado?) [C:\Users\EZEQU\source\repos\SportTrack-Federaciones\SportTrack-v1.Controladores\SportTrack-v1.Controladores.csproj]
C:\Users\EZEQU\source\repos\SportTrack-Federaciones\SportTrack-v1.Controladores\Federaciones\ClubServices.cs(364,22): error CS1061: "Club" no contiene una definición para "EstadoMatriculaId" ni un método de extensión accesible "EstadoMatriculaId" que acepte un primer argumento del tipo "Club" (¿falta alguna directiva using o una referencia de ensamblado?) [C:\Users\EZEQU\source\repos\SportTrack-Federaciones\SportTrack-v1.Controladores\SportTrack-v1.Controladores.csproj]
C:\Users\EZEQU\source\repos\SportTrack-Federaciones\SportTrack-v1.Controladores\Federaciones\ClubServices.cs(364,56): error CS1061: "ClubCreateDto" no contiene una definición para "EstadoMatriculaId" ni un método de extensión accesible "EstadoMatriculaId" que acepte un primer argumento del tipo "ClubCreateDto" (¿falta alguna directiva using o una referencia de ensamblado?) [C:\Users\EZEQU\source\repos\SportTrack-Federaciones\SportTrack-v1.Controladores\SportTrack-v1.Controladores.csproj]
C:\Users\EZEQU\source\repos\SportTrack-Federaciones\SportTrack-v1.Controladores\Federaciones\EventoServices.cs(120,45): error CS1061: "ICollection<EventoPrueba>" no contiene una definición para "AtletaFederado" ni un método de extensión accesible "AtletaFederado" que acepte un primer argumento del tipo "ICollection<EventoPrueba>" (¿falta alguna directiva using o una referencia de ensamblado?) [C:\Users\EZEQU\source\repos\SportTrack-Federaciones\SportTrack-v1.Controladores\SportTrack-v1.Controladores.csproj]
C:\Users\EZEQU\source\repos\SportTrack-Federaciones\SportTrack-v1.Controladores\Federaciones\PersonaServices.cs(79,37): error CS1061: "Participante" no contiene una definición para "Pagos" ni un método de extensión accesible "Pagos" que acepte un primer argumento del tipo "Participante" (¿falta alguna directiva using o una referencia de ensamblado?) [C:\Users\EZEQU\source\repos\SportTrack-Federaciones\SportTrack-v1.Controladores\SportTrack-v1.Controladores.csproj]
C:\Users\EZEQU\source\repos\SportTrack-Federaciones\SportTrack-v1.Controladores\Federaciones\EntrenadorServices.cs(176,25): error CS0117: 'EntrenadorDto' no contiene una definición para 'IdParticipante' [C:\Users\EZEQU\source\repos\SportTrack-Federaciones\SportTrack-v1.Controladores\SportTrack-v1.Controladores.csproj]
C:\Users\EZEQU\source\repos\SportTrack-Federaciones\SportTrack-v1.Controladores\Federaciones\PersonaServices.cs(181,21): error CS0117: 'PersonaDto' no contiene una definición para 'Id' [C:\Users\EZEQU\source\repos\SportTrack-Federaciones\SportTrack-v1.Controladores\SportTrack-v1.Controladores.csproj]
C:\Users\EZEQU\source\repos\SportTrack-Federaciones\SportTrack-v1.Controladores\Federaciones\ClubServices.cs(380,37): error CS1061: "Club" no contiene una definición para "AtletasFederados" ni un método de extensión accesible "AtletasFederados" que acepte un primer argumento del tipo "Club" (¿falta alguna directiva using o una referencia de ensamblado?) [C:\Users\EZEQU\source\repos\SportTrack-Federaciones\SportTrack-v1.Controladores\SportTrack-v1.Controladores.csproj]
C:\Users\EZEQU\source\repos\SportTrack-Federaciones\SportTrack-v1.Controladores\Federaciones\EntrenadorServices.cs(226,25): error CS0117: 'EntrenadorDto' no contiene una definición para 'IdParticipante' [C:\Users\EZEQU\source\repos\SportTrack-Federaciones\SportTrack-v1.Controladores\SportTrack-v1.Controladores.csproj]
C:\Users\EZEQU\source\repos\SportTrack-Federaciones\SportTrack-v1.Controladores\Federaciones\PersonaServices.cs(205,108): error CS1061: "PersonaCreateDto" no contiene una definición para "Dni" ni un método de extensión accesible "Dni" que acepte un primer argumento del tipo "PersonaCreateDto" (¿falta alguna directiva using o una referencia de ensamblado?) [C:\Users\EZEQU\source\repos\SportTrack-Federaciones\SportTrack-v1.Controladores\SportTrack-v1.Controladores.csproj]
C:\Users\EZEQU\source\repos\SportTrack-Federaciones\SportTrack-v1.Controladores\Federaciones\PersonaServices.cs(233,21): error CS0117: 'Participante' no contiene una definición para 'Documento' [C:\Users\EZEQU\source\repos\SportTrack-Federaciones\SportTrack-v1.Controladores\SportTrack-v1.Controladores.csproj]
C:\Users\EZEQU\source\repos\SportTrack-Federaciones\SportTrack-v1.Controladores\Federaciones\PersonaServices.cs(246,21): error CS0117: 'PersonaDto' no contiene una definición para 'Id' [C:\Users\EZEQU\source\repos\SportTrack-Federaciones\SportTrack-v1.Controladores\SportTrack-v1.Controladores.csproj]
C:\Users\EZEQU\source\repos\SportTrack-Federaciones\SportTrack-v1.Controladores\Federaciones\ClubServices.cs(427,25): error CS0117: 'ClubDto' no contiene una definición para 'Id' [C:\Users\EZEQU\source\repos\SportTrack-Federaciones\SportTrack-v1.Controladores\SportTrack-v1.Controladores.csproj]
C:\Users\EZEQU\source\repos\SportTrack-Federaciones\SportTrack-v1.Controladores\Federaciones\ClubServices.cs(431,25): error CS0117: 'ClubDto' no contiene una definición para 'Sigla' [C:\Users\EZEQU\source\repos\SportTrack-Federaciones\SportTrack-v1.Controladores\SportTrack-v1.Controladores.csproj]
C:\Users\EZEQU\source\repos\SportTrack-Federaciones\SportTrack-v1.Controladores\Federaciones\ClubServices.cs(432,25): error CS0117: 'ClubDto' no contiene una definición para 'FederacionId' [C:\Users\EZEQU\source\repos\SportTrack-Federaciones\SportTrack-v1.Controladores\SportTrack-v1.Controladores.csproj]
C:\Users\EZEQU\source\repos\SportTrack-Federaciones\SportTrack-v1.Controladores\Federaciones\ClubServices.cs(433,25): error CS0117: 'ClubDto' no contiene una definición para 'EstadoMatriculaId' [C:\Users\EZEQU\source\repos\SportTrack-Federaciones\SportTrack-v1.Controladores\SportTrack-v1.Controladores.csproj]
C:\Users\EZEQU\source\repos\SportTrack-Federaciones\SportTrack-v1.Controladores\Federaciones\ClubServices.cs(433,47): error CS1061: "Club" no contiene una definición para "EstadoMatriculaId" ni un método de extensión accesible "EstadoMatriculaId" que acepte un primer argumento del tipo "Club" (¿falta alguna directiva using o una referencia de ensamblado?) [C:\Users\EZEQU\source\repos\SportTrack-Federaciones\SportTrack-v1.Controladores\SportTrack-v1.Controladores.csproj]
C:\Users\EZEQU\source\repos\SportTrack-Federaciones\SportTrack-v1.Controladores\Federaciones\ClubServices.cs(434,45): error CS1061: "Club" no contiene una definición para "AtletasFederados" ni un método de extensión accesible "AtletasFederados" que acepte un primer argumento del tipo "Club" (¿falta alguna directiva using o una referencia de ensamblado?) [C:\Users\EZEQU\source\repos\SportTrack-Federaciones\SportTrack-v1.Controladores\SportTrack-v1.Controladores.csproj]
C:\Users\EZEQU\source\repos\SportTrack-Federaciones\SportTrack-v1.Controladores\Federaciones\ClubServices.cs(435,50): error CS1061: "Club" no contiene una definición para "Entrenadores" ni un método de extensión accesible "Entrenadores" que acepte un primer argumento del tipo "Club" (¿falta alguna directiva using o una referencia de ensamblado?) [C:\Users\EZEQU\source\repos\SportTrack-Federaciones\SportTrack-v1.Controladores\SportTrack-v1.Controladores.csproj]
C:\Users\EZEQU\source\repos\SportTrack-Federaciones\SportTrack-v1.Controladores\Federaciones\ClubServices.cs(436,43): error CS1061: "Club" no contiene una definición para "Representantes" ni un método de extensión accesible "Representantes" que acepte un primer argumento del tipo "Club" (¿falta alguna directiva using o una referencia de ensamblado?) [C:\Users\EZEQU\source\repos\SportTrack-Federaciones\SportTrack-v1.Controladores\SportTrack-v1.Controladores.csproj]
C:\Users\EZEQU\source\repos\SportTrack-Federaciones\SportTrack-v1.Controladores\Federaciones\PruebaServices.cs(29,25): error CS0117: 'PruebaDto' no contiene una definición para 'Id' [C:\Users\EZEQU\source\repos\SportTrack-Federaciones\SportTrack-v1.Controladores\SportTrack-v1.Controladores.csproj]
C:\Users\EZEQU\source\repos\SportTrack-Federaciones\SportTrack-v1.Controladores\Federaciones\PruebaServices.cs(30,37): error CS0029: No se puede convertir implícitamente el tipo 'SportTrack_v1.Entidades.Entidades.Distancia' en 'SportTrack_v1.Entidades.Enums.DistanciaRegata' [C:\Users\EZEQU\source\repos\SportTrack-Federaciones\SportTrack-v1.Controladores\SportTrack-v1.Controladores.csproj]
C:\Users\EZEQU\source\repos\SportTrack-Federaciones\SportTrack-v1.Controladores\Federaciones\PruebaServices.cs(31,25): error CS0117: 'PruebaDto' no contiene una definición para 'CategoriaId' [C:\Users\EZEQU\source\repos\SportTrack-Federaciones\SportTrack-v1.Controladores\SportTrack-v1.Controladores.csproj]
C:\Users\EZEQU\source\repos\SportTrack-Federaciones\SportTrack-v1.Controladores\Federaciones\PruebaServices.cs(32,25): error CS0117: 'PruebaDto' no contiene una definición para 'SexoId' [C:\Users\EZEQU\source\repos\SportTrack-Federaciones\SportTrack-v1.Controladores\SportTrack-v1.Controladores.csproj]
C:\Users\EZEQU\source\repos\SportTrack-Federaciones\SportTrack-v1.Controladores\Federaciones\PruebaServices.cs(33,25): error CS0117: 'PruebaDto' no contiene una definición para 'BoteId' [C:\Users\EZEQU\source\repos\SportTrack-Federaciones\SportTrack-v1.Controladores\SportTrack-v1.Controladores.csproj]
C:\Users\EZEQU\source\repos\SportTrack-Federaciones\SportTrack-v1.Controladores\Federaciones\InscripcionServices.cs(129,45): error CS1061: "Participante" no contiene una definición para "Participante" ni un método de extensión accesible "Participante" que acepte un primer argumento del tipo "Participante" (¿falta alguna directiva using o una referencia de ensamblado?) [C:\Users\EZEQU\source\repos\SportTrack-Federaciones\SportTrack-v1.Controladores\SportTrack-v1.Controladores.csproj]
C:\Users\EZEQU\source\repos\SportTrack-Federaciones\SportTrack-v1.Controladores\Federaciones\PruebaServices.cs(58,21): error CS0117: 'PruebaDto' no contiene una definición para 'Id' [C:\Users\EZEQU\source\repos\SportTrack-Federaciones\SportTrack-v1.Controladores\SportTrack-v1.Controladores.csproj]
C:\Users\EZEQU\source\repos\SportTrack-Federaciones\SportTrack-v1.Controladores\Federaciones\PruebaServices.cs(59,33): error CS0029: No se puede convertir implícitamente el tipo 'SportTrack_v1.Entidades.Entidades.Distancia' en 'SportTrack_v1.Entidades.Enums.DistanciaRegata' [C:\Users\EZEQU\source\repos\SportTrack-Federaciones\SportTrack-v1.Controladores\SportTrack-v1.Controladores.csproj]
C:\Users\EZEQU\source\repos\SportTrack-Federaciones\SportTrack-v1.Controladores\Federaciones\PruebaServices.cs(60,21): error CS0117: 'PruebaDto' no contiene una definición para 'CategoriaId' [C:\Users\EZEQU\source\repos\SportTrack-Federaciones\SportTrack-v1.Controladores\SportTrack-v1.Controladores.csproj]
C:\Users\EZEQU\source\repos\SportTrack-Federaciones\SportTrack-v1.Controladores\Federaciones\PruebaServices.cs(61,21): error CS0117: 'PruebaDto' no contiene una definición para 'SexoId' [C:\Users\EZEQU\source\repos\SportTrack-Federaciones\SportTrack-v1.Controladores\SportTrack-v1.Controladores.csproj]
C:\Users\EZEQU\source\repos\SportTrack-Federaciones\SportTrack-v1.Controladores\Federaciones\PruebaServices.cs(62,21): error CS0117: 'PruebaDto' no contiene una definición para 'BoteId' [C:\Users\EZEQU\source\repos\SportTrack-Federaciones\SportTrack-v1.Controladores\SportTrack-v1.Controladores.csproj]
C:\Users\EZEQU\source\repos\SportTrack-Federaciones\SportTrack-v1.Controladores\Federaciones\RolServices.cs(65,29): error CS0117: 'DelegadoClubDto' no contiene una definición para 'IdParticipante' [C:\Users\EZEQU\source\repos\SportTrack-Federaciones\SportTrack-v1.Controladores\SportTrack-v1.Controladores.csproj]
C:\Users\EZEQU\source\repos\SportTrack-Federaciones\SportTrack-v1.Controladores\Federaciones\RolServices.cs(67,29): error CS0117: 'DelegadoClubDto' no contiene una definición para 'FederacionId' [C:\Users\EZEQU\source\repos\SportTrack-Federaciones\SportTrack-v1.Controladores\SportTrack-v1.Controladores.csproj]
C:\Users\EZEQU\source\repos\SportTrack-Federaciones\SportTrack-v1.Controladores\Federaciones\AtletaServices.cs(588,76): error CS1061: "Club" no contiene una definición para "ParticipanteId" ni un método de extensión accesible "ParticipanteId" que acepte un primer argumento del tipo "Club" (¿falta alguna directiva using o una referencia de ensamblado?) [C:\Users\EZEQU\source\repos\SportTrack-Federaciones\SportTrack-v1.Controladores\SportTrack-v1.Controladores.csproj]
C:\Users\EZEQU\source\repos\SportTrack-Federaciones\SportTrack-v1.Controladores\Federaciones\AtletaServices.cs(588,125): error CS1061: "int" no contiene una definición para "Value" ni un método de extensión accesible "Value" que acepte un primer argumento del tipo "int" (¿falta alguna directiva using o una referencia de ensamblado?) [C:\Users\EZEQU\source\repos\SportTrack-Federaciones\SportTrack-v1.Controladores\SportTrack-v1.Controladores.csproj]
C:\Users\EZEQU\source\repos\SportTrack-Federaciones\SportTrack-v1.Controladores\Federaciones\PruebaServices.cs(76,21): error CS0019: El operador '==' no se puede aplicar a operandos del tipo 'Distancia' y 'DistanciaRegata' [C:\Users\EZEQU\source\repos\SportTrack-Federaciones\SportTrack-v1.Controladores\SportTrack-v1.Controladores.csproj]
C:\Users\EZEQU\source\repos\SportTrack-Federaciones\SportTrack-v1.Controladores\Federaciones\PruebaServices.cs(77,48): error CS1061: "PruebaCreateDto" no contiene una definición para "CategoriaId" ni un método de extensión accesible "CategoriaId" que acepte un primer argumento del tipo "PruebaCreateDto" (¿falta alguna directiva using o una referencia de ensamblado?) [C:\Users\EZEQU\source\repos\SportTrack-Federaciones\SportTrack-v1.Controladores\SportTrack-v1.Controladores.csproj]
C:\Users\EZEQU\source\repos\SportTrack-Federaciones\SportTrack-v1.Controladores\Federaciones\PruebaServices.cs(78,43): error CS1061: "PruebaCreateDto" no contiene una definición para "SexoId" ni un método de extensión accesible "SexoId" que acepte un primer argumento del tipo "PruebaCreateDto" (¿falta alguna directiva using o una referencia de ensamblado?) [C:\Users\EZEQU\source\repos\SportTrack-Federaciones\SportTrack-v1.Controladores\SportTrack-v1.Controladores.csproj]
C:\Users\EZEQU\source\repos\SportTrack-Federaciones\SportTrack-v1.Controladores\Federaciones\PruebaServices.cs(79,43): error CS1061: "PruebaCreateDto" no contiene una definición para "BoteId" ni un método de extensión accesible "BoteId" que acepte un primer argumento del tipo "PruebaCreateDto" (¿falta alguna directiva using o una referencia de ensamblado?) [C:\Users\EZEQU\source\repos\SportTrack-Federaciones\SportTrack-v1.Controladores\SportTrack-v1.Controladores.csproj]
C:\Users\EZEQU\source\repos\SportTrack-Federaciones\SportTrack-v1.Controladores\Federaciones\PruebaServices.cs(88,33): error CS0029: No se puede convertir implícitamente el tipo 'SportTrack_v1.Entidades.Enums.DistanciaRegata' en 'SportTrack_v1.Entidades.Entidades.Distancia' [C:\Users\EZEQU\source\repos\SportTrack-Federaciones\SportTrack-v1.Controladores\SportTrack-v1.Controladores.csproj]
C:\Users\EZEQU\source\repos\SportTrack-Federaciones\SportTrack-v1.Controladores\Federaciones\PruebaServices.cs(89,21): error CS0117: 'Prueba' no contiene una definición para 'CategoriaEdad' [C:\Users\EZEQU\source\repos\SportTrack-Federaciones\SportTrack-v1.Controladores\SportTrack-v1.Controladores.csproj]
C:\Users\EZEQU\source\repos\SportTrack-Federaciones\SportTrack-v1.Controladores\Federaciones\PruebaServices.cs(90,21): error CS0117: 'Prueba' no contiene una definición para 'SexoCompetencia' [C:\Users\EZEQU\source\repos\SportTrack-Federaciones\SportTrack-v1.Controladores\SportTrack-v1.Controladores.csproj]
C:\Users\EZEQU\source\repos\SportTrack-Federaciones\SportTrack-v1.Controladores\Federaciones\PruebaServices.cs(91,21): error CS0117: 'Prueba' no contiene una definición para 'TipoBote' [C:\Users\EZEQU\source\repos\SportTrack-Federaciones\SportTrack-v1.Controladores\SportTrack-v1.Controladores.csproj]
C:\Users\EZEQU\source\repos\SportTrack-Federaciones\SportTrack-v1.Controladores\Federaciones\PruebaServices.cs(99,21): error CS0117: 'PruebaDto' no contiene una definición para 'Id' [C:\Users\EZEQU\source\repos\SportTrack-Federaciones\SportTrack-v1.Controladores\SportTrack-v1.Controladores.csproj]
C:\Users\EZEQU\source\repos\SportTrack-Federaciones\SportTrack-v1.Controladores\Federaciones\PruebaServices.cs(100,33): error CS0029: No se puede convertir implícitamente el tipo 'SportTrack_v1.Entidades.Entidades.Distancia' en 'SportTrack_v1.Entidades.Enums.DistanciaRegata' [C:\Users\EZEQU\source\repos\SportTrack-Federaciones\SportTrack-v1.Controladores\SportTrack-v1.Controladores.csproj]
C:\Users\EZEQU\source\repos\SportTrack-Federaciones\SportTrack-v1.Controladores\Federaciones\PruebaServices.cs(101,21): error CS0117: 'PruebaDto' no contiene una definición para 'CategoriaId' [C:\Users\EZEQU\source\repos\SportTrack-Federaciones\SportTrack-v1.Controladores\SportTrack-v1.Controladores.csproj]
C:\Users\EZEQU\source\repos\SportTrack-Federaciones\SportTrack-v1.Controladores\Federaciones\PruebaServices.cs(102,21): error CS0117: 'PruebaDto' no contiene una definición para 'SexoId' [C:\Users\EZEQU\source\repos\SportTrack-Federaciones\SportTrack-v1.Controladores\SportTrack-v1.Controladores.csproj]
C:\Users\EZEQU\source\repos\SportTrack-Federaciones\SportTrack-v1.Controladores\Federaciones\PruebaServices.cs(103,21): error CS0117: 'PruebaDto' no contiene una definición para 'BoteId' [C:\Users\EZEQU\source\repos\SportTrack-Federaciones\SportTrack-v1.Controladores\SportTrack-v1.Controladores.csproj]
C:\Users\EZEQU\source\repos\SportTrack-Federaciones\SportTrack-v1.Controladores\Federaciones\PruebaServices.cs(133,36): error CS0029: No se puede convertir implícitamente el tipo 'SportTrack_v1.Entidades.Enums.DistanciaRegata' en 'SportTrack_v1.Entidades.Entidades.Distancia' [C:\Users\EZEQU\source\repos\SportTrack-Federaciones\SportTrack-v1.Controladores\SportTrack-v1.Controladores.csproj]
C:\Users\EZEQU\source\repos\SportTrack-Federaciones\SportTrack-v1.Controladores\Federaciones\PruebaServices.cs(134,48): error CS1061: "PruebaCreateDto" no contiene una definición para "CategoriaId" ni un método de extensión accesible "CategoriaId" que acepte un primer argumento del tipo "PruebaCreateDto" (¿falta alguna directiva using o una referencia de ensamblado?) [C:\Users\EZEQU\source\repos\SportTrack-Federaciones\SportTrack-v1.Controladores\SportTrack-v1.Controladores.csproj]
C:\Users\EZEQU\source\repos\SportTrack-Federaciones\SportTrack-v1.Controladores\Federaciones\PruebaServices.cs(135,43): error CS1061: "PruebaCreateDto" no contiene una definición para "SexoId" ni un método de extensión accesible "SexoId" que acepte un primer argumento del tipo "PruebaCreateDto" (¿falta alguna directiva using o una referencia de ensamblado?) [C:\Users\EZEQU\source\repos\SportTrack-Federaciones\SportTrack-v1.Controladores\SportTrack-v1.Controladores.csproj]
C:\Users\EZEQU\source\repos\SportTrack-Federaciones\SportTrack-v1.Controladores\Federaciones\PruebaServices.cs(136,43): error CS1061: "PruebaCreateDto" no contiene una definición para "BoteId" ni un método de extensión accesible "BoteId" que acepte un primer argumento del tipo "PruebaCreateDto" (¿falta alguna directiva using o una referencia de ensamblado?) [C:\Users\EZEQU\source\repos\SportTrack-Federaciones\SportTrack-v1.Controladores\SportTrack-v1.Controladores.csproj]
C:\Users\EZEQU\source\repos\SportTrack-Federaciones\SportTrack-v1.Controladores\Federaciones\InscripcionServices.cs(167,45): error CS1061: "Participante" no contiene una definición para "Participante" ni un método de extensión accesible "Participante" que acepte un primer argumento del tipo "Participante" (¿falta alguna directiva using o una referencia de ensamblado?) [C:\Users\EZEQU\source\repos\SportTrack-Federaciones\SportTrack-v1.Controladores\SportTrack-v1.Controladores.csproj]
C:\Users\EZEQU\source\repos\SportTrack-Federaciones\SportTrack-v1.Controladores\Federaciones\RolServices.cs(174,29): error CS0117: 'RolTipo' no contiene una definición para 'AtletaFederado' [C:\Users\EZEQU\source\repos\SportTrack-Federaciones\SportTrack-v1.Controladores\SportTrack-v1.Controladores.csproj]
C:\Users\EZEQU\source\repos\SportTrack-Federaciones\SportTrack-v1.Controladores\Federaciones\EventoServices.cs(175,21): error CS0117: 'Evento' no contiene una definición para 'Descripcion' [C:\Users\EZEQU\source\repos\SportTrack-Federaciones\SportTrack-v1.Controladores\SportTrack-v1.Controladores.csproj]
C:\Users\EZEQU\source\repos\SportTrack-Federaciones\SportTrack-v1.Controladores\Federaciones\EventoServices.cs(176,21): error CS0117: 'Evento' no contiene una definición para 'TipoEvento' [C:\Users\EZEQU\source\repos\SportTrack-Federaciones\SportTrack-v1.Controladores\SportTrack-v1.Controladores.csproj]
C:\Users\EZEQU\source\repos\SportTrack-Federaciones\SportTrack-v1.Controladores\Federaciones\EventoServices.cs(177,21): error CS0117: 'Evento' no contiene una definición para 'FechaInicio' [C:\Users\EZEQU\source\repos\SportTrack-Federaciones\SportTrack-v1.Controladores\SportTrack-v1.Controladores.csproj]
C:\Users\EZEQU\source\repos\SportTrack-Federaciones\SportTrack-v1.Controladores\Federaciones\EventoServices.cs(179,21): error CS0117: 'Evento' no contiene una definición para 'FechaInicioInscripciones' [C:\Users\EZEQU\source\repos\SportTrack-Federaciones\SportTrack-v1.Controladores\SportTrack-v1.Controladores.csproj]
C:\Users\EZEQU\source\repos\SportTrack-Federaciones\SportTrack-v1.Controladores\Federaciones\EventoServices.cs(182,21): error CS0117: 'Evento' no contiene una definición para 'Ciudad' [C:\Users\EZEQU\source\repos\SportTrack-Federaciones\SportTrack-v1.Controladores\SportTrack-v1.Controladores.csproj]
C:\Users\EZEQU\source\repos\SportTrack-Federaciones\SportTrack-v1.Controladores\Federaciones\EventoServices.cs(183,21): error CS0117: 'Evento' no contiene una definición para 'Provincia' [C:\Users\EZEQU\source\repos\SportTrack-Federaciones\SportTrack-v1.Controladores\SportTrack-v1.Controladores.csproj]
C:\Users\EZEQU\source\repos\SportTrack-Federaciones\SportTrack-v1.Controladores\Federaciones\EventoServices.cs(184,21): error CS0117: 'Evento' no contiene una definición para 'PrecioBase' [C:\Users\EZEQU\source\repos\SportTrack-Federaciones\SportTrack-v1.Controladores\SportTrack-v1.Controladores.csproj]
C:\Users\EZEQU\source\repos\SportTrack-Federaciones\SportTrack-v1.Controladores\Federaciones\EventoServices.cs(185,21): error CS0117: 'Evento' no contiene una definición para 'CupoMaximo' [C:\Users\EZEQU\source\repos\SportTrack-Federaciones\SportTrack-v1.Controladores\SportTrack-v1.Controladores.csproj]
C:\Users\EZEQU\source\repos\SportTrack-Federaciones\SportTrack-v1.Controladores\Federaciones\EventoServices.cs(186,21): error CS0117: 'Evento' no contiene una definición para 'TieneCronometraje' [C:\Users\EZEQU\source\repos\SportTrack-Federaciones\SportTrack-v1.Controladores\SportTrack-v1.Controladores.csproj]
C:\Users\EZEQU\source\repos\SportTrack-Federaciones\SportTrack-v1.Controladores\Federaciones\EventoServices.cs(187,21): error CS0117: 'Evento' no contiene una definición para 'RequiereCertificadoMedico' [C:\Users\EZEQU\source\repos\SportTrack-Federaciones\SportTrack-v1.Controladores\SportTrack-v1.Controladores.csproj]
C:\Users\EZEQU\source\repos\SportTrack-Federaciones\SportTrack-v1.Controladores\Federaciones\EventoServices.cs(188,21): error CS0117: 'Evento' no contiene una definición para 'Observaciones' [C:\Users\EZEQU\source\repos\SportTrack-Federaciones\SportTrack-v1.Controladores\SportTrack-v1.Controladores.csproj]
C:\Users\EZEQU\source\repos\SportTrack-Federaciones\SportTrack-v1.Controladores\Federaciones\EventoServices.cs(190,21): error CS0117: 'Evento' no contiene una definición para 'EstaActivo' [C:\Users\EZEQU\source\repos\SportTrack-Federaciones\SportTrack-v1.Controladores\SportTrack-v1.Controladores.csproj]
C:\Users\EZEQU\source\repos\SportTrack-Federaciones\SportTrack-v1.Controladores\Federaciones\EventoServices.cs(191,21): error CS0117: 'Evento' no contiene una definición para 'IdFederacion' [C:\Users\EZEQU\source\repos\SportTrack-Federaciones\SportTrack-v1.Controladores\SportTrack-v1.Controladores.csproj]
C:\Users\EZEQU\source\repos\SportTrack-Federaciones\SportTrack-v1.Controladores\Federaciones\EventoServices.cs(192,21): error CS0117: 'Evento' no contiene una definición para 'IdClub' [C:\Users\EZEQU\source\repos\SportTrack-Federaciones\SportTrack-v1.Controladores\SportTrack-v1.Controladores.csproj]
C:\Users\EZEQU\source\repos\SportTrack-Federaciones\SportTrack-v1.Controladores\Federaciones\EventoServices.cs(205,25): error CS0117: 'EventoPrueba' no contiene una definición para 'IdPrueba' [C:\Users\EZEQU\source\repos\SportTrack-Federaciones\SportTrack-v1.Controladores\SportTrack-v1.Controladores.csproj]
C:\Users\EZEQU\source\repos\SportTrack-Federaciones\SportTrack-v1.Controladores\Federaciones\EventoServices.cs(218,40): error CS0266: No se puede convertir implícitamente el tipo 'System.Collections.Generic.List<SportTrack_v1.Entidades.Entidades.Inscripcion>' en 'System.Collections.Generic.ICollection<SportTrack_v1.Entidades.Entidades.EventoPrueba>'. Ya existe una conversión explícita (compruebe si le falta una conversión) [C:\Users\EZEQU\source\repos\SportTrack-Federaciones\SportTrack-v1.Controladores\SportTrack-v1.Controladores.csproj]
C:\Users\EZEQU\source\repos\SportTrack-Federaciones\SportTrack-v1.Controladores\Federaciones\AtletaServices.cs(683,43): error CS1061: "PagoTransaccion" no contiene una definición para "ParticipanteId" ni un método de extensión accesible "ParticipanteId" que acepte un primer argumento del tipo "PagoTransaccion" (¿falta alguna directiva using o una referencia de ensamblado?) [C:\Users\EZEQU\source\repos\SportTrack-Federaciones\SportTrack-v1.Controladores\SportTrack-v1.Controladores.csproj]
C:\Users\EZEQU\source\repos\SportTrack-Federaciones\SportTrack-v1.Controladores\Federaciones\InscripcionServices.cs(203,123): error CS1061: "InscripcionCreateDto" no contiene una definición para "IdParticipante" ni un método de extensión accesible "IdParticipante" que acepte un primer argumento del tipo "InscripcionCreateDto" (¿falta alguna directiva using o una referencia de ensamblado?) [C:\Users\EZEQU\source\repos\SportTrack-Federaciones\SportTrack-v1.Controladores\SportTrack-v1.Controladores.csproj]
C:\Users\EZEQU\source\repos\SportTrack-Federaciones\SportTrack-v1.Controladores\Federaciones\InscripcionServices.cs(212,51): error CS1061: "EventoPrueba" no contiene una definición para "IdInscripcion" ni un método de extensión accesible "IdInscripcion" que acepte un primer argumento del tipo "EventoPrueba" (¿falta alguna directiva using o una referencia de ensamblado?) [C:\Users\EZEQU\source\repos\SportTrack-Federaciones\SportTrack-v1.Controladores\SportTrack-v1.Controladores.csproj]
C:\Users\EZEQU\source\repos\SportTrack-Federaciones\SportTrack-v1.Controladores\Federaciones\InscripcionServices.cs(212,89): error CS1061: "InscripcionCreateDto" no contiene una definición para "IdInscripcion" ni un método de extensión accesible "IdInscripcion" que acepte un primer argumento del tipo "InscripcionCreateDto" (¿falta alguna directiva using o una referencia de ensamblado?) [C:\Users\EZEQU\source\repos\SportTrack-Federaciones\SportTrack-v1.Controladores\SportTrack-v1.Controladores.csproj]
C:\Users\EZEQU\source\repos\SportTrack-Federaciones\SportTrack-v1.Controladores\Federaciones\InscripcionServices.cs(226,37): error CS1061: "Inscripcion" no contiene una definición para "IdEventoPrueba" ni un método de extensión accesible "IdEventoPrueba" que acepte un primer argumento del tipo "Inscripcion" (¿falta alguna directiva using o una referencia de ensamblado?) [C:\Users\EZEQU\source\repos\SportTrack-Federaciones\SportTrack-v1.Controladores\SportTrack-v1.Controladores.csproj]
C:\Users\EZEQU\source\repos\SportTrack-Federaciones\SportTrack-v1.Controladores\Federaciones\InscripcionServices.cs(236,21): error CS0117: 'Inscripcion' no contiene una definición para 'IdEventoPrueba' [C:\Users\EZEQU\source\repos\SportTrack-Federaciones\SportTrack-v1.Controladores\SportTrack-v1.Controladores.csproj]
C:\Users\EZEQU\source\repos\SportTrack-Federaciones\SportTrack-v1.Controladores\Federaciones\InscripcionServices.cs(247,39): error CS1061: "Participante" no contiene una definición para "Participante" ni un método de extensión accesible "Participante" que acepte un primer argumento del tipo "Participante" (¿falta alguna directiva using o una referencia de ensamblado?) [C:\Users\EZEQU\source\repos\SportTrack-Federaciones\SportTrack-v1.Controladores\SportTrack-v1.Controladores.csproj]
C:\Users\EZEQU\source\repos\SportTrack-Federaciones\SportTrack-v1.Controladores\Federaciones\InscripcionServices.cs(264,21): error CS0117: 'InscripcionDto' no contiene una definición para 'Id' [C:\Users\EZEQU\source\repos\SportTrack-Federaciones\SportTrack-v1.Controladores\SportTrack-v1.Controladores.csproj]
C:\Users\EZEQU\source\repos\SportTrack-Federaciones\SportTrack-v1.Controladores\Federaciones\InscripcionServices.cs(265,38): error CS0266: No se puede convertir implícitamente el tipo 'int?' en 'int'. Ya existe una conversión explícita (compruebe si le falta una conversión) [C:\Users\EZEQU\source\repos\SportTrack-Federaciones\SportTrack-v1.Controladores\SportTrack-v1.Controladores.csproj]
C:\Users\EZEQU\source\repos\SportTrack-Federaciones\SportTrack-v1.Controladores\Federaciones\InscripcionServices.cs(266,21): error CS0117: 'InscripcionDto' no contiene una definición para 'Id' [C:\Users\EZEQU\source\repos\SportTrack-Federaciones\SportTrack-v1.Controladores\SportTrack-v1.Controladores.csproj]
C:\Users\EZEQU\source\repos\SportTrack-Federaciones\SportTrack-v1.Controladores\Federaciones\InscripcionServices.cs(267,21): error CS0117: 'InscripcionDto' no contiene una definición para 'EventoPruebaId' [C:\Users\EZEQU\source\repos\SportTrack-Federaciones\SportTrack-v1.Controladores\SportTrack-v1.Controladores.csproj]
C:\Users\EZEQU\source\repos\SportTrack-Federaciones\SportTrack-v1.Controladores\Federaciones\InscripcionServices.cs(269,61): error CS1061: "Participante" no contiene una definición para "Participante" ni un método de extensión accesible "Participante" que acepte un primer argumento del tipo "Participante" (¿falta alguna directiva using o una referencia de ensamblado?) [C:\Users\EZEQU\source\repos\SportTrack-Federaciones\SportTrack-v1.Controladores\SportTrack-v1.Controladores.csproj]
C:\Users\EZEQU\source\repos\SportTrack-Federaciones\SportTrack-v1.Controladores\Federaciones\InscripcionServices.cs(269,114): error CS1061: "Participante" no contiene una definición para "Participante" ni un método de extensión accesible "Participante" que acepte un primer argumento del tipo "Participante" (¿falta alguna directiva using o una referencia de ensamblado?) [C:\Users\EZEQU\source\repos\SportTrack-Federaciones\SportTrack-v1.Controladores\SportTrack-v1.Controladores.csproj]
C:\Users\EZEQU\source\repos\SportTrack-Federaciones\SportTrack-v1.Controladores\Federaciones\InscripcionServices.cs(273,73): error CS1061: "Evento" no contiene una definición para "FechaInicio" ni un método de extensión accesible "FechaInicio" que acepte un primer argumento del tipo "Evento" (¿falta alguna directiva using o una referencia de ensamblado?) [C:\Users\EZEQU\source\repos\SportTrack-Federaciones\SportTrack-v1.Controladores\SportTrack-v1.Controladores.csproj]
C:\Users\EZEQU\source\repos\SportTrack-Federaciones\SportTrack-v1.Controladores\Federaciones\EventoServices.cs(262,24): error CS1061: "Evento" no contiene una definición para "TipoEvento" ni un método de extensión accesible "TipoEvento" que acepte un primer argumento del tipo "Evento" (¿falta alguna directiva using o una referencia de ensamblado?) [C:\Users\EZEQU\source\repos\SportTrack-Federaciones\SportTrack-v1.Controladores\SportTrack-v1.Controladores.csproj]
C:\Users\EZEQU\source\repos\SportTrack-Federaciones\SportTrack-v1.Controladores\Federaciones\EventoServices.cs(263,24): error CS1061: "Evento" no contiene una definición para "FechaInicio" ni un método de extensión accesible "FechaInicio" que acepte un primer argumento del tipo "Evento" (¿falta alguna directiva using o una referencia de ensamblado?) [C:\Users\EZEQU\source\repos\SportTrack-Federaciones\SportTrack-v1.Controladores\SportTrack-v1.Controladores.csproj]
C:\Users\EZEQU\source\repos\SportTrack-Federaciones\SportTrack-v1.Controladores\Federaciones\EventoServices.cs(265,24): error CS1061: "Evento" no contiene una definición para "FechaInicio" ni un método de extensión accesible "FechaInicio" que acepte un primer argumento del tipo "Evento" (¿falta alguna directiva using o una referencia de ensamblado?) [C:\Users\EZEQU\source\repos\SportTrack-Federaciones\SportTrack-v1.Controladores\SportTrack-v1.Controladores.csproj]
C:\Users\EZEQU\source\repos\SportTrack-Federaciones\SportTrack-v1.Controladores\Federaciones\EventoServices.cs(268,24): error CS1061: "Evento" no contiene una definición para "Ciudad" ni un método de extensión accesible "Ciudad" que acepte un primer argumento del tipo "Evento" (¿falta alguna directiva using o una referencia de ensamblado?) [C:\Users\EZEQU\source\repos\SportTrack-Federaciones\SportTrack-v1.Controladores\SportTrack-v1.Controladores.csproj]
C:\Users\EZEQU\source\repos\SportTrack-Federaciones\SportTrack-v1.Controladores\Federaciones\EventoServices.cs(269,24): error CS1061: "Evento" no contiene una definición para "Provincia" ni un método de extensión accesible "Provincia" que acepte un primer argumento del tipo "Evento" (¿falta alguna directiva using o una referencia de ensamblado?) [C:\Users\EZEQU\source\repos\SportTrack-Federaciones\SportTrack-v1.Controladores\SportTrack-v1.Controladores.csproj]
C:\Users\EZEQU\source\repos\SportTrack-Federaciones\SportTrack-v1.Controladores\Federaciones\EventoServices.cs(270,24): error CS1061: "Evento" no contiene una definición para "PrecioBase" ni un método de extensión accesible "PrecioBase" que acepte un primer argumento del tipo "Evento" (¿falta alguna directiva using o una referencia de ensamblado?) [C:\Users\EZEQU\source\repos\SportTrack-Federaciones\SportTrack-v1.Controladores\SportTrack-v1.Controladores.csproj]
C:\Users\EZEQU\source\repos\SportTrack-Federaciones\SportTrack-v1.Controladores\Federaciones\EventoServices.cs(271,24): error CS1061: "Evento" no contiene una definición para "CupoMaximo" ni un método de extensión accesible "CupoMaximo" que acepte un primer argumento del tipo "Evento" (¿falta alguna directiva using o una referencia de ensamblado?) [C:\Users\EZEQU\source\repos\SportTrack-Federaciones\SportTrack-v1.Controladores\SportTrack-v1.Controladores.csproj]
C:\Users\EZEQU\source\repos\SportTrack-Federaciones\SportTrack-v1.Controladores\Federaciones\EventoServices.cs(272,24): error CS1061: "Evento" no contiene una definición para "TieneCronometraje" ni un método de extensión accesible "TieneCronometraje" que acepte un primer argumento del tipo "Evento" (¿falta alguna directiva using o una referencia de ensamblado?) [C:\Users\EZEQU\source\repos\SportTrack-Federaciones\SportTrack-v1.Controladores\SportTrack-v1.Controladores.csproj]
C:\Users\EZEQU\source\repos\SportTrack-Federaciones\SportTrack-v1.Controladores\Federaciones\EventoServices.cs(273,24): error CS1061: "Evento" no contiene una definición para "RequiereCertificadoMedico" ni un método de extensión accesible "RequiereCertificadoMedico" que acepte un primer argumento del tipo "Evento" (¿falta alguna directiva using o una referencia de ensamblado?) [C:\Users\EZEQU\source\repos\SportTrack-Federaciones\SportTrack-v1.Controladores\SportTrack-v1.Controladores.csproj]
C:\Users\EZEQU\source\repos\SportTrack-Federaciones\SportTrack-v1.Controladores\Federaciones\EventoServices.cs(275,24): error CS1061: "Evento" no contiene una definición para "Activo" ni un método de extensión accesible "Activo" que acepte un primer argumento del tipo "Evento" (¿falta alguna directiva using o una referencia de ensamblado?) [C:\Users\EZEQU\source\repos\SportTrack-Federaciones\SportTrack-v1.Controladores\SportTrack-v1.Controladores.csproj]
C:\Users\EZEQU\source\repos\SportTrack-Federaciones\SportTrack-v1.Controladores\Federaciones\EventoServices.cs(275,43): error CS1061: "EventoUpdateDto" no contiene una definición para "Activo" ni un método de extensión accesible "Activo" que acepte un primer argumento del tipo "EventoUpdateDto" (¿falta alguna directiva using o una referencia de ensamblado?) [C:\Users\EZEQU\source\repos\SportTrack-Federaciones\SportTrack-v1.Controladores\SportTrack-v1.Controladores.csproj]
C:\Users\EZEQU\source\repos\SportTrack-Federaciones\SportTrack-v1.Controladores\Federaciones\EventoServices.cs(276,24): error CS1061: "Evento" no contiene una definición para "FechaActualizacion" ni un método de extensión accesible "FechaActualizacion" que acepte un primer argumento del tipo "Evento" (¿falta alguna directiva using o una referencia de ensamblado?) [C:\Users\EZEQU\source\repos\SportTrack-Federaciones\SportTrack-v1.Controladores\SportTrack-v1.Controladores.csproj]
C:\Users\EZEQU\source\repos\SportTrack-Federaciones\SportTrack-v1.Controladores\Federaciones\EventoServices.cs(293,29): error CS0117: 'EventoPrueba' no contiene una definición para 'IdPrueba' [C:\Users\EZEQU\source\repos\SportTrack-Federaciones\SportTrack-v1.Controladores\SportTrack-v1.Controladores.csproj]
C:\Users\EZEQU\source\repos\SportTrack-Federaciones\SportTrack-v1.Controladores\Federaciones\EventoServices.cs(328,24): error CS1061: "Evento" no contiene una definición para "Activo" ni un método de extensión accesible "Activo" que acepte un primer argumento del tipo "Evento" (¿falta alguna directiva using o una referencia de ensamblado?) [C:\Users\EZEQU\source\repos\SportTrack-Federaciones\SportTrack-v1.Controladores\SportTrack-v1.Controladores.csproj]
C:\Users\EZEQU\source\repos\SportTrack-Federaciones\SportTrack-v1.Controladores\Federaciones\EventoServices.cs(329,24): error CS1061: "Evento" no contiene una definición para "FechaActualizacion" ni un método de extensión accesible "FechaActualizacion" que acepte un primer argumento del tipo "Evento" (¿falta alguna directiva using o una referencia de ensamblado?) [C:\Users\EZEQU\source\repos\SportTrack-Federaciones\SportTrack-v1.Controladores\SportTrack-v1.Controladores.csproj]
C:\Users\EZEQU\source\repos\SportTrack-Federaciones\SportTrack-v1.Controladores\Federaciones\EventoServices.cs(350,24): error CS1061: "Evento" no contiene una definición para "Activo" ni un método de extensión accesible "Activo" que acepte un primer argumento del tipo "Evento" (¿falta alguna directiva using o una referencia de ensamblado?) [C:\Users\EZEQU\source\repos\SportTrack-Federaciones\SportTrack-v1.Controladores\SportTrack-v1.Controladores.csproj]
C:\Users\EZEQU\source\repos\SportTrack-Federaciones\SportTrack-v1.Controladores\Federaciones\EventoServices.cs(351,24): error CS1061: "Evento" no contiene una definición para "FechaActualizacion" ni un método de extensión accesible "FechaActualizacion" que acepte un primer argumento del tipo "Evento" (¿falta alguna directiva using o una referencia de ensamblado?) [C:\Users\EZEQU\source\repos\SportTrack-Federaciones\SportTrack-v1.Controladores\SportTrack-v1.Controladores.csproj]
C:\Users\EZEQU\source\repos\SportTrack-Federaciones\SportTrack-v1.Controladores\Federaciones\InscripcionServices.cs(303,123): error CS1061: "InscripcionCreateDto" no contiene una definición para "IdParticipante" ni un método de extensión accesible "IdParticipante" que acepte un primer argumento del tipo "InscripcionCreateDto" (¿falta alguna directiva using o una referencia de ensamblado?) [C:\Users\EZEQU\source\repos\SportTrack-Federaciones\SportTrack-v1.Controladores\SportTrack-v1.Controladores.csproj]
C:\Users\EZEQU\source\repos\SportTrack-Federaciones\SportTrack-v1.Controladores\Federaciones\InscripcionServices.cs(309,83): error CS1061: "EventoPrueba" no contiene una definición para "IdInscripcion" ni un método de extensión accesible "IdInscripcion" que acepte un primer argumento del tipo "EventoPrueba" (¿falta alguna directiva using o una referencia de ensamblado?) [C:\Users\EZEQU\source\repos\SportTrack-Federaciones\SportTrack-v1.Controladores\SportTrack-v1.Controladores.csproj]
C:\Users\EZEQU\source\repos\SportTrack-Federaciones\SportTrack-v1.Controladores\Federaciones\InscripcionServices.cs(309,121): error CS1061: "InscripcionCreateDto" no contiene una definición para "IdInscripcion" ni un método de extensión accesible "IdInscripcion" que acepte un primer argumento del tipo "InscripcionCreateDto" (¿falta alguna directiva using o una referencia de ensamblado?) [C:\Users\EZEQU\source\repos\SportTrack-Federaciones\SportTrack-v1.Controladores\SportTrack-v1.Controladores.csproj]
C:\Users\EZEQU\source\repos\SportTrack-Federaciones\SportTrack-v1.Controladores\Federaciones\InscripcionServices.cs(317,37): error CS1061: "Inscripcion" no contiene una definición para "IdEventoPrueba" ni un método de extensión accesible "IdEventoPrueba" que acepte un primer argumento del tipo "Inscripcion" (¿falta alguna directiva using o una referencia de ensamblado?) [C:\Users\EZEQU\source\repos\SportTrack-Federaciones\SportTrack-v1.Controladores\SportTrack-v1.Controladores.csproj]
C:\Users\EZEQU\source\repos\SportTrack-Federaciones\SportTrack-v1.Controladores\Federaciones\InscripcionServices.cs(326,29): error CS1061: "Inscripcion" no contiene una definición para "IdEventoPrueba" ni un método de extensión accesible "IdEventoPrueba" que acepte un primer argumento del tipo "Inscripcion" (¿falta alguna directiva using o una referencia de ensamblado?) [C:\Users\EZEQU\source\repos\SportTrack-Federaciones\SportTrack-v1.Controladores\SportTrack-v1.Controladores.csproj]
C:\Users\EZEQU\source\repos\SportTrack-Federaciones\SportTrack-v1.Controladores\Federaciones\RolServices.cs(385,25): error CS0117: 'RolTipo' no contiene una definición para 'AtletaFederado' [C:\Users\EZEQU\source\repos\SportTrack-Federaciones\SportTrack-v1.Controladores\SportTrack-v1.Controladores.csproj]
C:\Users\EZEQU\source\repos\SportTrack-Federaciones\SportTrack-v1.Controladores\Federaciones\EntrenadorServices.cs(252,82): error CS1061: "Participante" no contiene una definición para "ParticipanteId" ni un método de extensión accesible "ParticipanteId" que acepte un primer argumento del tipo "Participante" (¿falta alguna directiva using o una referencia de ensamblado?) [C:\Users\EZEQU\source\repos\SportTrack-Federaciones\SportTrack-v1.Controladores\SportTrack-v1.Controladores.csproj]
C:\Users\EZEQU\source\repos\SportTrack-Federaciones\SportTrack-v1.Controladores\Federaciones\EntrenadorServices.cs(260,76): error CS1061: "Club" no contiene una definición para "ParticipanteId" ni un método de extensión accesible "ParticipanteId" que acepte un primer argumento del tipo "Club" (¿falta alguna directiva using o una referencia de ensamblado?) [C:\Users\EZEQU\source\repos\SportTrack-Federaciones\SportTrack-v1.Controladores\SportTrack-v1.Controladores.csproj]
C:\Users\EZEQU\source\repos\SportTrack-Federaciones\SportTrack-v1.Controladores\Federaciones\EntrenadorServices.cs(260,129): error CS1061: "int" no contiene una definición para "Value" ni un método de extensión accesible "Value" que acepte un primer argumento del tipo "int" (¿falta alguna directiva using o una referencia de ensamblado?) [C:\Users\EZEQU\source\repos\SportTrack-Federaciones\SportTrack-v1.Controladores\SportTrack-v1.Controladores.csproj]
C:\Users\EZEQU\source\repos\SportTrack-Federaciones\SportTrack-v1.Controladores\Federaciones\EntrenadorServices.cs(267,122): error CS1061: "EntrenadorCreateDto" no contiene una definición para "IdParticipante" ni un método de extensión accesible "IdParticipante" que acepte un primer argumento del tipo "EntrenadorCreateDto" (¿falta alguna directiva using o una referencia de ensamblado?) [C:\Users\EZEQU\source\repos\SportTrack-Federaciones\SportTrack-v1.Controladores\SportTrack-v1.Controladores.csproj]
C:\Users\EZEQU\source\repos\SportTrack-Federaciones\SportTrack-v1.Controladores\Federaciones\EntrenadorServices.cs(286,21): error CS0117: 'Entrenador' no contiene una definición para 'ParticipanteId' [C:\Users\EZEQU\source\repos\SportTrack-Federaciones\SportTrack-v1.Controladores\SportTrack-v1.Controladores.csproj]
C:\Users\EZEQU\source\repos\SportTrack-Federaciones\SportTrack-v1.Controladores\Federaciones\EntrenadorServices.cs(288,21): error CS0117: 'Entrenador' no contiene una definición para 'IdFederacion' [C:\Users\EZEQU\source\repos\SportTrack-Federaciones\SportTrack-v1.Controladores\SportTrack-v1.Controladores.csproj]
C:\Users\EZEQU\source\repos\SportTrack-Federaciones\SportTrack-v1.Controladores\Federaciones\EntrenadorServices.cs(309,21): error CS0117: 'EntrenadorDto' no contiene una definición para 'IdParticipante' [C:\Users\EZEQU\source\repos\SportTrack-Federaciones\SportTrack-v1.Controladores\SportTrack-v1.Controladores.csproj]
C:\Users\EZEQU\source\repos\SportTrack-Federaciones\SportTrack-v1.Controladores\Federaciones\EntrenadorServices.cs(355,76): error CS1061: "Club" no contiene una definición para "ParticipanteId" ni un método de extensión accesible "ParticipanteId" que acepte un primer argumento del tipo "Club" (¿falta alguna directiva using o una referencia de ensamblado?) [C:\Users\EZEQU\source\repos\SportTrack-Federaciones\SportTrack-v1.Controladores\SportTrack-v1.Controladores.csproj]
C:\Users\EZEQU\source\repos\SportTrack-Federaciones\SportTrack-v1.Controladores\Federaciones\EntrenadorServices.cs(355,129): error CS1061: "int" no contiene una definición para "Value" ni un método de extensión accesible "Value" que acepte un primer argumento del tipo "int" (¿falta alguna directiva using o una referencia de ensamblado?) [C:\Users\EZEQU\source\repos\SportTrack-Federaciones\SportTrack-v1.Controladores\SportTrack-v1.Controladores.csproj]
C:\Users\EZEQU\source\repos\SportTrack-Federaciones\SportTrack-v1.Controladores\Federaciones\EventoServices.cs(414,35): error CS1061: "Evento" no contiene una definición para "Activo" ni un método de extensión accesible "Activo" que acepte un primer argumento del tipo "Evento" (¿falta alguna directiva using o una referencia de ensamblado?) [C:\Users\EZEQU\source\repos\SportTrack-Federaciones\SportTrack-v1.Controladores\SportTrack-v1.Controladores.csproj]
C:\Users\EZEQU\source\repos\SportTrack-Federaciones\SportTrack-v1.Controladores\Federaciones\EventoServices.cs(414,47): error CS1061: "Evento" no contiene una definición para "FechaInicio" ni un método de extensión accesible "FechaInicio" que acepte un primer argumento del tipo "Evento" (¿falta alguna directiva using o una referencia de ensamblado?) [C:\Users\EZEQU\source\repos\SportTrack-Federaciones\SportTrack-v1.Controladores\SportTrack-v1.Controladores.csproj]
C:\Users\EZEQU\source\repos\SportTrack-Federaciones\SportTrack-v1.Controladores\Federaciones\EventoServices.cs(428,49): error CS1061: "Participante" no contiene una definición para "IdClub" ni un método de extensión accesible "IdClub" que acepte un primer argumento del tipo "Participante" (¿falta alguna directiva using o una referencia de ensamblado?) [C:\Users\EZEQU\source\repos\SportTrack-Federaciones\SportTrack-v1.Controladores\SportTrack-v1.Controladores.csproj]
C:\Users\EZEQU\source\repos\SportTrack-Federaciones\SportTrack-v1.Controladores\Federaciones\EventoServices.cs(488,35): error CS1061: "Evento" no contiene una definición para "Activo" ni un método de extensión accesible "Activo" que acepte un primer argumento del tipo "Evento" (¿falta alguna directiva using o una referencia de ensamblado?) [C:\Users\EZEQU\source\repos\SportTrack-Federaciones\SportTrack-v1.Controladores\SportTrack-v1.Controladores.csproj]
C:\Users\EZEQU\source\repos\SportTrack-Federaciones\SportTrack-v1.Controladores\Federaciones\EventoServices.cs(488,47): error CS1061: "Evento" no contiene una definición para "PuedeInscribirse" ni un método de extensión accesible "PuedeInscribirse" que acepte un primer argumento del tipo "Evento" (¿falta alguna directiva using o una referencia de ensamblado?) [C:\Users\EZEQU\source\repos\SportTrack-Federaciones\SportTrack-v1.Controladores\SportTrack-v1.Controladores.csproj]
C:\Users\EZEQU\source\repos\SportTrack-Federaciones\SportTrack-v1.Controladores\Federaciones\EventoServices.cs(511,35): error CS1061: "Evento" no contiene una definición para "Activo" ni un método de extensión accesible "Activo" que acepte un primer argumento del tipo "Evento" (¿falta alguna directiva using o una referencia de ensamblado?) [C:\Users\EZEQU\source\repos\SportTrack-Federaciones\SportTrack-v1.Controladores\SportTrack-v1.Controladores.csproj]
C:\Users\EZEQU\source\repos\SportTrack-Federaciones\SportTrack-v1.Controladores\Federaciones\EventoServices.cs(511,71): error CS0019: El operador '==' no se puede aplicar a operandos del tipo 'Distancia' y 'DistanciaRegata' [C:\Users\EZEQU\source\repos\SportTrack-Federaciones\SportTrack-v1.Controladores\SportTrack-v1.Controladores.csproj]
C:\Users\EZEQU\source\repos\SportTrack-Federaciones\SportTrack-v1.Controladores\Federaciones\EventoServices.cs(573,17): error CS0019: El operador '==' no se puede aplicar a operandos del tipo 'Distancia' y 'DistanciaRegata' [C:\Users\EZEQU\source\repos\SportTrack-Federaciones\SportTrack-v1.Controladores\SportTrack-v1.Controladores.csproj]
C:\Users\EZEQU\source\repos\SportTrack-Federaciones\SportTrack-v1.Controladores\Federaciones\EventoServices.cs(574,17): error CS0019: El operador '==' no se puede aplicar a operandos del tipo 'int' y 'CategoriaEdad' [C:\Users\EZEQU\source\repos\SportTrack-Federaciones\SportTrack-v1.Controladores\SportTrack-v1.Controladores.csproj]
C:\Users\EZEQU\source\repos\SportTrack-Federaciones\SportTrack-v1.Controladores\Federaciones\EventoServices.cs(575,17): error CS0019: El operador '==' no se puede aplicar a operandos del tipo 'int' y 'SexoCompetencia' [C:\Users\EZEQU\source\repos\SportTrack-Federaciones\SportTrack-v1.Controladores\SportTrack-v1.Controladores.csproj]
C:\Users\EZEQU\source\repos\SportTrack-Federaciones\SportTrack-v1.Controladores\Federaciones\EventoServices.cs(576,17): error CS0019: El operador '==' no se puede aplicar a operandos del tipo 'int' y 'TipoBote' [C:\Users\EZEQU\source\repos\SportTrack-Federaciones\SportTrack-v1.Controladores\SportTrack-v1.Controladores.csproj]
C:\Users\EZEQU\source\repos\SportTrack-Federaciones\SportTrack-v1.Controladores\Federaciones\EventoServices.cs(582,29): error CS0029: No se puede convertir implícitamente el tipo 'SportTrack_v1.Entidades.Enums.DistanciaRegata' en 'SportTrack_v1.Entidades.Entidades.Distancia' [C:\Users\EZEQU\source\repos\SportTrack-Federaciones\SportTrack-v1.Controladores\SportTrack-v1.Controladores.csproj]
C:\Users\EZEQU\source\repos\SportTrack-Federaciones\SportTrack-v1.Controladores\Federaciones\EventoServices.cs(583,17): error CS0117: 'Prueba' no contiene una definición para 'CategoriaEdad' [C:\Users\EZEQU\source\repos\SportTrack-Federaciones\SportTrack-v1.Controladores\SportTrack-v1.Controladores.csproj]
C:\Users\EZEQU\source\repos\SportTrack-Federaciones\SportTrack-v1.Controladores\Federaciones\EventoServices.cs(584,17): error CS0117: 'Prueba' no contiene una definición para 'SexoCompetencia' [C:\Users\EZEQU\source\repos\SportTrack-Federaciones\SportTrack-v1.Controladores\SportTrack-v1.Controladores.csproj]
C:\Users\EZEQU\source\repos\SportTrack-Federaciones\SportTrack-v1.Controladores\Federaciones\EventoServices.cs(585,17): error CS0117: 'Prueba' no contiene una definición para 'TipoBote' [C:\Users\EZEQU\source\repos\SportTrack-Federaciones\SportTrack-v1.Controladores\SportTrack-v1.Controladores.csproj]
    172 Advertencia(s)
    392 Errores

Tiempo transcurrido 00:00:02.48
